******************************************************************************
               TMS320C6x Linker Unix v8.3.3                    
******************************************************************************
>> Linked Fri Oct  2 09:59:58 2020

OUTPUT FILE NAME:   <test/xwr18xx/xwr18xx_link_dss.xe674>
ENTRY POINT SYMBOL: "_c_int00"  address: 007fdc00


MEMORY CONFIGURATION

         name            origin    length      used     unused   attr    fill
----------------------  --------  ---------  --------  --------  ----  --------
PAGE 0:
  L2SRAM_UMAP1          007e0000   00020000  00020000  00000000  RWIX
  L2SRAM_UMAP0          00800000   00020000  0001c133  00003ecd  RWIX
  L1PSRAM               00e00000   00004000  00000000  00004000  RWIX
  L1DSRAM               00f00000   00004000  00000000  00004000  RWIX
  L3SRAM                20000000   00100000  00000000  00100000  RWIX
  HWA_RAM               21030000   00010000  00000000  00010000  RWIX
  HSRAM                 21080000   00008000  00000000  00008000  RWIX

PAGE 1:
  L3SRAM                20000000   00100000  00000000  00100000  RWIX


SEGMENT ALLOCATION MAP

run origin  load origin   length   init length attrs members
----------  ----------- ---------- ----------- ----- -------
007e0000    007e0000    00020000   00020000    r-x
  007e0000    007e0000    00000200   00000200    r-x .vecs
  007e0200    007e0200    0001fe00   0001fe00    r-x .text.1
00800000    00800000    0000a400   00000000    rw-
  00800000    00800000    00008000   00000000    rw- systemHeap
  00808000    00808000    00002400   00000000    rw- .MCPILogBuffer
0080a400    0080a400    0000e0fe   0000e0fe    r-x
  0080a400    0080a400    000056a0   000056a0    r-x .text.2
  0080faa0    0080faa0    00008a5e   00008a5e    r-- .const
00818500    00818500    00003910   00001a94    rw-
  00818500    00818500    00001a94   00001a94    rw- .fardata
  00819f98    00819f98    00001000   00000000    rw- .stack
  0081af98    0081af98    00000e78   00000000    rw- .far
0081be10    0081be10    00000180   00000180    r--
  0081be10    0081be10    00000180   00000180    r-- .switch
0081bf90    0081bf90    00000120   00000000    rw-
  0081bf90    0081bf90    00000120   00000000    rw- .cio
0081c0b0    0081c0b0    00000089   00000070    rw-
  0081c0b0    0081c0b0    00000070   00000070    rw- .neardata
  0081c120    0081c120    00000019   00000000    rw- .bss


SECTION ALLOCATION MAP

 output                                  attributes/
section   page    origin      length       input sections
--------  ----  ----------  ----------   ----------------
xdc.meta   0    00000000    00000110     COPY SECTION
                  00000000    00000110     dss_pe674.oe674 (xdc.meta)

.vecs      0    007e0000    00000200     
                  007e0000    00000200     dss_pe674.oe674 (.vecs)

systemHeap 
*          0    00800000    00008000     UNINITIALIZED
                  00800000    00008000     dss_pe674.oe674 (systemHeap)

.MCPILogBuffer 
*          0    00808000    00002400     UNINITIALIZED
                  00808000    00002400     main_dss.oe674 (.MCPILogBuffer)

.stack     0    00819f98    00001000     UNINITIALIZED
                  00819f98    00000008     boot.ae674 : boot.oe674 (.stack)
                  00819fa0    00000ff8     --HOLE--

.neardata 
*          0    0081c0b0    00000070     
                  0081c0b0    00000024     mmwavelink_test_common.oe674 (.neardata)
                  0081c0d4    00000020     link_test.oe674 (.neardata)
                  0081c0f4    0000000d     main_dss.oe674 (.neardata)
                  0081c101    00000002     link_testcase_config.oe674 (.neardata)
                  0081c103    00000001     --HOLE-- [fill = 0]
                  0081c104    0000000c     libtestlogger_xwr18xx.ae674 : logger.oe674 (.neardata)
                  0081c110    00000004     libadcbuf_xwr18xx.ae674 : ADCBuf.oe674 (.neardata)
                  0081c114    00000004     libcrc_xwr18xx.ae674 : crc_xwr18xx.oe674 (.neardata)
                  0081c118    00000004     libedma_xwr18xx.ae674 : edma_low_level.oe674 (.neardata)
                  0081c11c    00000004     link_test_monitoring.oe674 (.neardata)

.bss       0    0081c120    00000019     UNINITIALIZED
                  0081c120    00000004     (.common:EdmaHandle)
                  0081c124    00000004     (.common:adcbufHandle)
                  0081c128    00000004     (.common:gLinkFrameSem)
                  0081c12c    00000004     (.common:g_MailboxInterruptFunc)
                  0081c130    00000004     (.common:lastChirpIntTimeStamp)
                  0081c134    00000004     (.common:monTestCase)
                  0081c138    00000001     (.common:monTestPassFlag)

.cinit     0    00800000    00000000     UNINITIALIZED

.far       0    0081af98    00000e78     UNINITIALIZED
                  0081af98    00000800     dss_pe674.oe674 (.far:taskStackSection)
                  0081b798    000004d8     libedma_xwr18xx.ae674 : edma.oe674 (.far:EDMA_object)
                  0081bc70    00000140     (.common:__TI_tmpnams)
                  0081bdb0    00000024     (.common:gLinkSemParams)
                  0081bdd4    00000018     (.common:gMmwaveLinkMCB)
                  0081bdec    00000010     (.common:edmaDbg)
                  0081bdfc    00000004     --HOLE--
                  0081be00    00000008     (.common:avgChirpTimeInterval)
                  0081be08    00000008     (.common:parmbuf)

.text.1    0    007e0200    0001fe00     
                  007e0200    00001fe0     rts6740_elf.lib : _printfi.c.obj (.text:__TI_printfi)
                  007e21e0    00001180     mmwavelink_test_common.oe674 (.text:MmwaveLink_startTest)
                  007e3360    00000940     link_test.oe674 (.text:MmwaveLink_asyncEventHandler)
                  007e3ca0    00000920     link_test_monitoring.oe674 (.text:MmwaveLink_CheckMonitoringReport)
                  007e45c0    000008a0     ti.targets.rts6000.ae674 : System.oe674 (.text:xdc_runtime_System_doPrint__I)
                  007e4e60    000007c0     sysbios.ae674 : BIOS.obj (.text:ti_sysbios_knl_Semaphore_pend__E)
                  007e5620    00000780                   : BIOS.obj (.text:ti_sysbios_family_c64p_Exception_handler__I)
                  007e5da0    00000680     libadcbuf_xwr18xx.ae674 : adcbuf_mmwave.oe674 (.text:ADCBUF_MMWave_control)
                  007e6420    00000660     rts6740_elf.lib : _printfi.c.obj (.text:_pconv_a)
                  007e6a80    00000620     sysbios.ae674 : BIOS.obj (.text:ti_sysbios_heaps_HeapMem_allocUnprotected__E)
                  007e70a0    00000600     rts6740_elf.lib : divd.c.obj (.text:__c6xabi_divd)
                  007e76a0    000005c0     sysbios.ae674 : BIOS.obj (.text:ti_sysbios_heaps_HeapMem_freeUnprotected__E)
                  007e7c60    00000520                   : BIOS.obj (.text:ti_sysbios_knl_Task_Instance_finalize__E)
                  007e8180    000004e0                   : BIOS.obj (.text:ti_sysbios_knl_Task_sleep__E)
                  007e8660    00000440                   : BIOS.obj (.text:ti_sysbios_timers_rti_Timer_Module_startup__E)
                  007e8aa0    00000420     libmailbox_xwr18xx.ae674 : mailbox.oe674 (.text:Mailbox_open)
                  007e8ec0    00000420     link_test.oe674 (.text:MmwaveLink_getDynChirpConfig)
                  007e92e0    00000400     rts6740_elf.lib : _printfi.c.obj (.text:_pconv_g)
                  007e96e0    00000400     libmmwavelink_xwr18xx.ae674 : rl_driver.oe674 (.text:rlDriverRxHdrRead)
                  007e9ae0    000003e0     sysbios.ae674 : BIOS.obj (.text:ti_sysbios_knl_Task_Module_startup__E)
                  007e9ec0    000003c0     link_test_monitoring.oe674 (.text:MmwaveLink_monitoring)
                  007ea280    000003c0     sysbios.ae674 : BIOS.obj (.text:ti_sysbios_knl_Task_Instance_init__E)
                  007ea640    000003a0     link_test_monitoring.oe674 (.text:MmwaveLink_printMonitoringResult)
                  007ea9e0    00000360     libcrc_xwr18xx.ae674 : crc.oe674 (.text:CRC_open)
                  007ead40    00000360     libmmwavelink_xwr18xx.ae674 : rl_driver.oe674 (.text:rlDriverMsgRead)
                  007eb0a0    00000360     sysbios.ae674 : BIOS.obj (.text:ti_sysbios_knl_Semaphore_post__E)
                  007eb400    00000320     rts6740_elf.lib : fputs.c.obj (.text:fputs)
                  007eb720    000002e0     libmmwavelink_xwr18xx.ae674 : rl_driver.oe674 (.text:rlDriverCmdSendRetry)
                  007eba00    000002e0     sysbios.ae674 : BIOS.obj (.text:ti_sysbios_heaps_HeapMem_Instance_init__E)
                  007ebce0    000002c0     libedma_xwr18xx.ae674 : edma.oe674 (.text:EDMA_configChannel)
                  007ebfa0    000002c0     libmmwavelink_xwr18xx.ae674 : rl_driver.oe674 (.text:rlDriverCmdInvoke)
                  007ec260    000002c0     sysbios.ae674 : BIOS.obj (.text:ti_sysbios_knl_Clock_workFunc__E)
                  007ec520    000002a0     libcrc_xwr18xx.ae674 : crc.oe674 (.text:CRC_computeSignature)
                  007ec7c0    000002a0     libedma_xwr18xx.ae674 : edma.oe674 (.text:EDMA_open)
                  007eca60    000002a0     link_test.oe674 (.text:MmwaveLink_getProfileConfig)
                  007ecd00    000002a0     link_test.oe674 (.text:MmwaveLink_initLink)
                  007ecfa0    000002a0     rts6740_elf.lib : _printfi.c.obj (.text:_pconv_e)
                  007ed240    000002a0                     : _printfi.c.obj (.text:fcvt)
                  007ed4e0    00000280     sysbios.ae674 : BIOS.obj (.text:ti_sysbios_family_c64p_Cache_Module_startup__E)
                  007ed760    00000260     libtestlogger_xwr18xx.ae674 : logger.oe674 (.text:MCPI_setFeatureTestResult)
                  007ed9c0    00000260     rts6740_elf.lib : imath64.c.obj (.text:__c6xabi_divull)
                  007edc20    00000260     libmmwavelink_xwr18xx.ae674 : rl_driver.oe674 (.text:rlDriverInit)
                  007ede80    00000260     sysbios.ae674 : BIOS.obj (.text:ti_sysbios_family_c64p_Cache_block__I)
                  007ee0e0    00000260                   : BIOS.obj (.text:ti_sysbios_family_c64p_Hwi_dispatchCore__I)
                  007ee340    00000260     ti.targets.rts6000.ae674 : Startup.oe674 (.text:xdc_runtime_Startup_startMods__I)
                  007ee5a0    00000240     link_test.oe674 (.text:MmwaveLink_computeCRC)
                  007ee7e0    00000240     main_dss.oe674 (.text:main)
                  007eea20    00000240     libmmwavelink_xwr18xx.ae674 : rl_sensor.oe674 (.text:rlGetChirpConfig)
                  007eec60    00000240     sysbios.ae674 : BIOS.obj (.text:ti_sysbios_family_c64p_EventCombiner_dispatch__E)
                  007eeea0    00000240                   : BIOS.obj (.text:ti_sysbios_family_c64p_Exception_internalHandler__I)
                  007ef0e0    00000240                   : BIOS.obj (.text:ti_sysbios_timers_rti_Timer_getFreq__E)
                  007ef320    00000240     ti.targets.rts6000.ae674 : Core-mem.oe674 (.text:xdc_runtime_Core_createObject__I)
                  007ef560    00000240     dss_pe674.oe674 (.text:xdc_runtime_System_printfExtend__I)
                  007ef7a0    00000220     libedma_xwr18xx.ae674 : edma.oe674 (.text:EDMA_transferComplete_isr)
                  007ef9c0    00000220     libmailbox_xwr18xx.ae674 : mailbox.oe674 (.text:Mailbox_write)
                  007efbe0    00000220     link_test_monitoring.oe674 (.text:MmwaveLink_monTest1)
                  007efe00    00000220     mmwavelink_test_common.oe674 (.text:MmwaveLink_subframeStart)
                  007f0020    00000220     sysbios.ae674 : BIOS.obj (.text:ti_sysbios_family_c64p_Hwi_reconfig__E)
                  007f0240    00000220                   : BIOS.obj (.text:ti_sysbios_knl_Swi_run__I)
                  007f0460    00000200     rts6740_elf.lib : _printfi.c.obj (.text:_ltostr)
                  007f0660    00000200     sysbios.ae674 : c64p_Hwi_disp_always.obj (.text:_ti_sysbios_family_c64p_Hwi_dispatchAlways)
                  007f0860    00000200     libmmwavelink_xwr18xx.ae674 : rl_sensor.oe674 (.text:rlRfPhShiftCalibDataStore)
                  007f0a60    00000200     ti.targets.rts6000.ae674 : Error.oe674 (.text:xdc_runtime_Error_policyDefault__E)
                  007f0c60    000001e0     libedma_xwr18xx.ae674 : edma.oe674 (.text:EDMA_init)
                  007f0e40    000001e0     libmmwavelink_xwr18xx.ae674 : rl_driver.oe674 (.text:rlDriverRdVerifyMsg)
                  007f1020    000001e0     sysbios.ae674 : BIOS.obj (.text:ti_sysbios_family_c64p_EventCombiner_dispatchPlug__E)
                  007f1200    000001e0                   : BIOS.obj (.text:ti_sysbios_gates_GateMutex_enter__E)
                  007f13e0    000001e0                   : BIOS.obj (.text:ti_sysbios_knl_Task_exit__E)
                  007f15c0    000001e0     ti.targets.rts6000.ae674 : Text.oe674 (.text:xdc_runtime_Text_putSite__E)
                  007f17a0    000001c0     libmailbox_xwr18xx.ae674 : mailbox.oe674 (.text:Mailbox_read)
                  007f1960    000001c0     link_test.oe674 (.text:MmwaveLink_VerifyCQData)
                  007f1b20    000001c0     link_test.oe674 (.text:MmwaveLink_negativeTest)
                  007f1ce0    000001c0     rts6740_elf.lib : imath40.c.obj (.text:__c6xabi_divul)
                  007f1ea0    000001c0                     : fputc.c.obj (.text:fputc)
                  007f2060    000001c0                     : frexp.c.obj (.text:frexp)
                  007f2220    000001c0                     : ldexp.c.obj (.text:ldexp)
                  007f23e0    000001c0     libmmwavelink_xwr18xx.ae674 : rl_driver.oe674 (.text:rlDriverMsgCmdReply)
                  007f25a0    000001c0     rts6740_elf.lib : setvbuf.c.obj (.text:setvbuf)
                  007f2760    000001c0     sysbios.ae674 : BIOS.obj (.text:ti_sysbios_knl_Task_checkStacks__E)
                  007f2920    000001a0     libadcbuf_xwr18xx.ae674 : adcbuf_mmwave.oe674 (.text:ADCBUF_MMWave_open)
                  007f2ac0    000001a0     libedma_xwr18xx.ae674 : edma.oe674 (.text:EDMA_paramConfig_assist)
                  007f2c60    000001a0     rts6740_elf.lib : hostrename.c.obj (.text:HOSTrename)
                  007f2e00    000001a0     link_test.oe674 (.text:MmwaveLink_VerifyCPData)
                  007f2fa0    000001a0     libmmwavelink_xwr18xx.ae674 : rl_driver.oe674 (.text:rlDriverDeInit)
                  007f3140    000001a0                                 : rl_driver.oe674 (.text:rlDriverMsgWrite)
                  007f32e0    000001a0                                 : rl_sensor.oe674 (.text:rlGetFrameConfig)
                  007f3480    000001a0                                 : rl_sensor.oe674 (.text:rlRfCalibDataStore)
                  007f3620    000001a0                                 : rl_sensor.oe674 (.text:rlRfPhShiftCalibDataRestore)
                  007f37c0    000001a0                                 : rl_sensor.oe674 (.text:rlRfSetPhaseShiftConfig)
                  007f3960    000001a0                                 : rl_sensor.oe674 (.text:rlSetChirpConfig)
                  007f3b00    000001a0                                 : rl_sensor.oe674 (.text:rlSetDynPerChirpPhShifterCfg)
                  007f3ca0    000001a0                                 : rl_sensor.oe674 (.text:rlSetMultiBpmChirpConfig)
                  007f3e40    000001a0                                 : rl_sensor.oe674 (.text:rlSetMultiChirpCfg)
                  007f3fe0    000001a0     sysbios.ae674 : BIOS.obj (.text:ti_sysbios_family_c64p_Cache_getL2InitSize__I)
                  007f4180    000001a0                   : BIOS.obj (.text:ti_sysbios_family_c64p_EventCombiner_disableEvent__E)
                  007f4320    000001a0                   : BIOS.obj (.text:ti_sysbios_family_c64p_EventCombiner_enableEvent__E)
                  007f44c0    000001a0                   : BIOS.obj (.text:ti_sysbios_heaps_HeapBuf_Module_startup__E)
                  007f4660    000001a0                   : BIOS.obj (.text:ti_sysbios_knl_Task_schedule__I)
                  007f4800    000001a0                   : BIOS.obj (.text:ti_sysbios_timers_rti_Timer_startup__E)
                  007f49a0    000001a0     ti.targets.rts6000.ae674 : Core-smem.oe674 (.text:xdc_runtime_Core_constructObject__I)
                  007f4b40    00000180     libadcbuf_xwr18xx.ae674 : adcbuf_mmwave.oe674 (.text:ADCBUFCmdParamCheck)
                  007f4cc0    00000180     link_test.oe674 (.text:MmwaveLink_adcBufConfig)
                  007f4e40    00000180     libmmwavelink_xwr18xx.ae674 : rl_sensor.oe674 (.text:rlSetProfileConfig)
                  007f4fc0    00000180     sysbios.ae674 : c64p_Exception_asm.obj (.text)
                  007f5140    00000180                   : BIOS.obj (.text:ti_sysbios_knl_Task_postInit__I)
                  007f52c0    00000180                   : BIOS.obj (.text:ti_sysbios_knl_Task_startCore__E)
                  007f5440    00000160     libedma_xwr18xx.ae674 : edma.oe674 (.text:EDMA_getErrorStatusInfo)
                  007f55a0    00000160     libmailbox_xwr18xx.ae674 : mailbox.oe674 (.text:Mailbox_close)
                  007f5700    00000160     link_test.oe674 (.text:MmwaveLink_getFrameConfig)
                  007f5860    00000160     link_test.oe674 (.text:MmwaveLink_getVersion)
                  007f59c0    00000160     link_test_monitoring.oe674 (.text:MmwaveLink_verifyRxGainPhRep)
                  007f5b20    00000160     libsoc_xwr18xx.ae674 : soc.oe674 (.text:SOC_registerSysIntListener)
                  007f5c80    00000160     link_test.oe674 (.text:mmwaveLink_getTemperatureReport)
                  007f5de0    00000160     libmmwavelink_xwr18xx.ae674 : rl_driver.oe674 (.text:rlDriverMsgReadCmdCtx)
                  007f5f40    00000160                                 : rl_driver.oe674 (.text:rlDriverWaitForResponse)
                  007f60a0    00000160                                 : rl_sensor.oe674 (.text:rlGetAdvFrameConfig)
                  007f6200    00000160                                 : rl_sensor.oe674 (.text:rlRfCalibDataRestore)
                  007f6360    00000160                                 : rl_monitoring.oe674 (.text:rlRfTxBallbreakMonConfig)
                  007f64c0    00000160                                 : rl_monitoring.oe674 (.text:rlRfTxBpmMonConfig)
                  007f6620    00000160                                 : rl_monitoring.oe674 (.text:rlRfTxIntAnaSignalsMonConfig)
                  007f6780    00000160                                 : rl_monitoring.oe674 (.text:rlRfTxPowrMonConfig)
                  007f68e0    00000160                                 : rl_sensor.oe674 (.text:rlSetFrameConfig)
                  007f6a40    00000160     sysbios.ae674 : BIOS.obj (.text:ti_sysbios_family_c64p_Hwi_Module_startup__E)
                  007f6ba0    00000160                   : BIOS.obj (.text:ti_sysbios_knl_Swi_post__E)
                  007f6d00    00000160     ti.targets.rts6000.ae674 : Text.oe674 (.text:xdc_runtime_Text_putMod__E)
                  007f6e60    00000140     libedma_xwr18xx.ae674 : edma_low_level.oe674 (.text:EDMA3Init)
                  007f6fa0    00000140                           : edma.oe674 (.text:EDMA_clearErrors)
                  007f70e0    00000140     mmwavelink_test_common.oe674 (.text:Mmwavelink_frameInterrupCallBackFunc)
                  007f7220    00000140     libsoc_xwr18xx.ae674 : soc.oe674 (.text:SOC_init)
                  007f7360    00000140     libmmwavelink_xwr18xx.ae674 : rl_device.oe674 (.text:rlDevicePowerOn)
                  007f74a0    00000140                                 : rl_driver.oe674 (.text:rlDriverMsgReadSpawnCtx)
                  007f75e0    00000140                                 : rl_sensor.oe674 (.text:rlGetProfileConfig)
                  007f7720    00000140                                 : rl_sensor.oe674 (.text:rlSetAdvFrameConfig)
                  007f7860    00000140     sysbios.ae674 : BIOS.obj (.text:ti_sysbios_family_c64p_Cache_getL1DInitSize__I)
                  007f79a0    00000140                   : BIOS.obj (.text:ti_sysbios_family_c64p_Cache_getL1PInitSize__I)
                  007f7ae0    00000140                   : BIOS.obj (.text:ti_sysbios_knl_Semaphore_Instance_init__E)
                  007f7c20    00000140                   : BIOS.obj (.text:ti_sysbios_knl_Task_blockI__E)
                  007f7d60    00000140                   : BIOS.obj (.text:ti_sysbios_timers_rti_Timer_initDevice__I)
                  007f7ea0    00000140     ti.targets.rts6000.ae674 : Core-mem.oe674 (.text:xdc_runtime_Core_deleteObject__I)
                  007f7fe0    00000140                              : Text.oe674 (.text:xdc_runtime_Text_putLab__E)
                  007f8120    00000120     libadcbuf_xwr18xx.ae674 : adcbuf_mmwave.oe674 (.text:ADCBUF_MMWave_getChanBufAddr)
                  007f8240    00000120     link_test.oe674 (.text:MmwaveLink_getAdvFrameConfig)
                  007f8360    00000120     boot.ae674 : autoinit.oe674 (.text:_auto_init_elf)
                  007f8480    00000120     rts6740_elf.lib : _printfi.c.obj (.text:_pconv_f)
                  007f85a0    00000120                     : getdevice.c.obj (.text:getdevice)
                  007f86c0    00000120     libmmwavelink_xwr18xx.ae674 : rl_driver.oe674 (.text:rlDriverAsyncEventHandler)
                  007f87e0    00000120                                 : rl_driver.oe674 (.text:rlDriverProcRdMsg)
                  007f8900    00000120                                 : rl_sensor.oe674 (.text:rlRxGainTempLutGet)
                  007f8a20    00000120                                 : rl_sensor.oe674 (.text:rlSetDynChirpCfg)
                  007f8b40    00000120                                 : rl_sensor.oe674 (.text:rlTxGainTempLutGet)
                  007f8c60    00000120     sysbios.ae674 : BIOS.obj (.text:ti_sysbios_family_c64p_Hwi_Instance_init__E)
                  007f8d80    00000120                   : BIOS.obj (.text:ti_sysbios_knl_Swi_restoreHwi__E)
                  007f8ea0    00000120                   : BIOS.obj (.text:ti_sysbios_knl_Task_unblockI__E)
                  007f8fc0    00000100     libmailbox_xwr18xx.ae674 : mailbox.oe674 (.text:Mailbox_readFlush)
                  007f90c0    00000100     link_test.oe674 (.text:MmwaveLink_mboxRead)
                  007f91c0    00000100     link_test.oe674 (.text:MmwaveLink_rlSetLoopBackBurstCfg)
                  007f92c0    00000100     libsoc_xwr18xx.ae674 : soc_xwr18xx_dss.oe674 (.text:SOC_deviceInit)
                  007f93c0    00000100     rts6740_elf.lib : fclose.c.obj (.text:__TI_closefile)
                  007f94c0    00000100                     : _printfi.c.obj (.text:_mcpy)
                  007f95c0    00000100                     : atoi.c.obj (.text:atoi)
                  007f96c0    00000100                     : fflush.c.obj (.text:fflush)
                  007f97c0    00000100                     : fseek.c.obj (.text:fseek)
                  007f98c0    00000100     libmmwavelink_xwr18xx.ae674 : rl_device.oe674 (.text:rlDeviceGetVersion)
                  007f99c0    00000100                                 : rl_device.oe674 (.text:rlDevicePowerOff)
                  007f9ac0    00000100                                 : rl_driver.oe674 (.text:rlDriverClientCbCheck)
                  007f9bc0    00000100                                 : rl_driver.oe674 (.text:rlDriverOsiCbCheck)
                  007f9cc0    00000100     sysbios.ae674 : BIOS.obj (.text:ti_sysbios_family_c64p_Hwi_Instance_finalize__E)
                  007f9dc0    00000100                   : BIOS.obj (.text:ti_sysbios_knl_Swi_schedule__I)
                  007f9ec0    00000100     ti.targets.rts6000.ae674 : Error.oe674 (.text:xdc_runtime_Error_print__E)
                  007f9fc0    00000100                              : Memory.oe674 (.text:xdc_runtime_Memory_alloc__E)
                  007fa0c0    00000100                              : Startup.oe674 (.text:xdc_runtime_Startup_exec__E)
                  007fa1c0    000000e0     libcrc_xwr18xx.ae674 : crc.oe674 (.text:CRC_getTransactionId)
                  007fa2a0    000000e0     libedma_xwr18xx.ae674 : edma.oe674 (.text:EDMA_transferController_error_isr)
                  007fa380    000000e0     rts6740_elf.lib : hostlseek.c.obj (.text:HOSTlseek)
                  007fa460    000000e0                     : hostopen.c.obj (.text:HOSTopen)
                  007fa540    000000e0                     : hostwrite.c.obj (.text:HOSTwrite)
                  007fa620    000000e0     libmailbox_xwr18xx.ae674 : mailbox.oe674 (.text:Mailbox_boxFullISRMssDss)
                  007fa700    000000e0                              : mailbox.oe674 (.text:Mailbox_init)
                  007fa7e0    000000e0     link_test.oe674 (.text:MmwaveLink_ConfigEdma)
                  007fa8c0    000000e0     link_test.oe674 (.text:MmwaveLink_mboxOpen)
                  007fa9a0    000000e0     link_test.oe674 (.text:MmwaveLink_mboxWrite)
                  007faa80    000000e0     link_test.oe674 (.text:MmwaveLink_sensorStop)
                  007fab60    000000e0     rts6740_elf.lib : _ltoa.c.obj (.text:__TI_ltoa)
                  007fac40    000000e0                     : _io_perm.c.obj (.text:__TI_wrt_ok)
                  007fad20    000000e0                     : close.c.obj (.text:close)
                  007fae00    000000e0                     : exit.c.obj (.text:exit)
                  007faee0    000000e0                     : memset.c.obj (.text:memset)
                  007fafc0    000000e0                     : printf.c.obj (.text:printf)
                  007fb0a0    000000e0     libmmwavelink_xwr18xx.ae674 : rl_driver.oe674 (.text:rlDriverHostIrqHandler)
                  007fb180    000000e0                                 : rl_driver.oe674 (.text:rlDriverValidateHdr)
                  007fb260    000000e0     sysbios.ae674 : BIOS.obj (.text:ti_sysbios_heaps_HeapMem_alloc__E)
                  007fb340    000000e0                   : BIOS.obj (.text:ti_sysbios_knl_Swi_runLoop__I)
                  007fb420    000000e0                   : BIOS.obj (.text:ti_sysbios_knl_Swi_startup__E)
                  007fb500    000000e0     ti.targets.rts6000.ae674 : Text.oe674 (.text:xdc_runtime_Text_visitRope2__I)
                  007fb5e0    000000c0     libcrc_xwr18xx.ae674 : crc.oe674 (.text:CRC_getSignature)
                  007fb6a0    000000c0     libedma_xwr18xx.ae674 : edma.oe674 (.text:EDMA_error_isr)
                  007fb760    000000c0                           : edma.oe674 (.text:EDMA_startDmaTransfer)
                  007fb820    000000c0     rts6740_elf.lib : hostread.c.obj (.text:HOSTread)
                  007fb8e0    000000c0                     : hostunlink.c.obj (.text:HOSTunlink)
                  007fb9a0    000000c0     libmailbox_xwr18xx.ae674 : mailbox.oe674 (.text:Mailbox_boxFullISRProcessing)
                  007fba60    000000c0     link_test.oe674 (.text:MmwaveLink_CQedmaSetup)
                  007fbb20    000000c0     link_test.oe674 (.text:MmwaveLink_progFilterConfig)
                  007fbbe0    000000c0     link_test_monitoring.oe674 (.text:MmwaveLink_setInitTimeCalibConfig)
                  007fbca0    000000c0     link_test_monitoring.oe674 (.text:MmwaveLink_setRfAnaMonConfig)
                  007fbd60    000000c0     main_dss.oe674 (.text:MmwaveLink_setupEventCombiner)
                  007fbe20    000000c0     mmwavelink_test_common.oe674 (.text:Mmwavelink_chirpAvailInterrupCallBackFunc)
                  007fbee0    000000c0     rts6740_elf.lib : divu.asm.obj (.text:__divu)
                  007fbfa0    000000c0                     : remi.asm.obj (.text:__remi)
                  007fc060    000000c0     link_test.oe674 (.text:mmwaveLink_PSLoopBackConfig)
                  007fc120    000000c0     link_test_monitoring.oe674 (.text:mmwaveLink_digMonEnableConfig)
                  007fc1e0    000000c0     link_test.oe674 (.text:mmwaveLink_getDieIdStaus)
                  007fc2a0    000000c0     link_test.oe674 (.text:mmwaveLink_testSourceConfig)
                  007fc360    000000c0     libmmwavelink_xwr18xx.ae674 : rl_driver.oe674 (.text:rlDriverCalChkSum)
                  007fc420    000000c0                                 : rl_driver.oe674 (.text:rlDriverExecuteGetApi)
                  007fc4e0    000000c0                                 : rl_driver.oe674 (.text:rlDriverExecuteSetApi)
                  007fc5a0    000000c0                                 : rl_controller.oe674 (.text:rlGetSubBlock)
                  007fc660    000000c0     dss_pe674.oe674 (.text:ti_sysbios_family_c64p_Hwi_create)
                  007fc720    000000c0     sysbios.ae674 : BIOS.obj (.text:ti_sysbios_heaps_HeapMem_getStats__E)
                  007fc7e0    000000c0                   : BIOS.obj (.text:ti_sysbios_knl_Clock_logTick__E)
                  007fc8a0    000000c0                   : BIOS.obj (.text:ti_sysbios_knl_Task_allBlockedFunction__I)
                  007fc960    000000c0     dss_pe674.oe674 (.text:ti_sysbios_knl_Task_create)
                  007fca20    000000c0     rts6740_elf.lib : tls.c.obj (.text:tls:init:__TI_tls_init)
                  007fcae0    000000c0     ti.targets.rts6000.ae674 : Assert.oe674 (.text:xdc_runtime_Assert_raise__I)
                  007fcba0    000000c0                              : Error.oe674 (.text:xdc_runtime_Error_setX__E)
                  007fcc60    000000a0     libedma_xwr18xx.ae674 : edma_low_level.oe674 (.text:EDMA3EnableChInShadowReg)
                  007fcd00    000000a0                           : edma_low_level.oe674 (.text:EDMA3EnableTransfer)
                  007fcda0    000000a0                           : edma.oe674 (.text:EDMA_disableChannel)
                  007fce40    000000a0                           : edma.oe674 (.text:EDMA_enableChannel)
                  007fcee0    000000a0     rts6740_elf.lib : hostclose.c.obj (.text:HOSTclose)
                  007fcf80    000000a0     libmailbox_xwr18xx.ae674 : mailbox.oe674 (.text:Mailbox_boxEmptyISRProcessing)
                  007fd020    000000a0     link_test.oe674 (.text:MmwaveLink_getRfBootupStatus)
                  007fd0c0    000000a0     link_test.oe674 (.text:MmwaveLink_mmwaveLinkMgmtTask)
                  007fd160    000000a0     link_test.oe674 (.text:MmwaveLink_rfCalibration)
                  007fd200    000000a0     link_test_monitoring.oe674 (.text:MmwaveLink_rlRfDigMonPeriodicConfig)
                  007fd2a0    000000a0     link_test.oe674 (.text:MmwaveLink_rlSetDynChirpCfg)
                  007fd340    000000a0     link_test.oe674 (.text:MmwaveLink_sensorStart)
                  007fd3e0    000000a0     link_test.oe674 (.text:MmwaveLink_setBpmChirpConfig)
                  007fd480    000000a0     link_test_monitoring.oe674 (.text:MmwaveLink_setCalMonConfig)
                  007fd520    000000a0     link_test.oe674 (.text:MmwaveLink_setChannelConfig)
                  007fd5c0    000000a0     link_test.oe674 (.text:MmwaveLink_setFrameConfig)
                  007fd660    000000a0     link_test.oe674 (.text:MmwaveLink_setGpAdcConfig)
                  007fd700    000000a0     link_test.oe674 (.text:MmwaveLink_setMultiChirpConfig)
                  007fd7a0    000000a0     link_test_monitoring.oe674 (.text:MmwaveLink_setRfRxIntAnaSignalMonConfig)
                  007fd840    000000a0     link_test_monitoring.oe674 (.text:MmwaveLink_setRfSynthFreqNonLiveMonConfig)
                  007fd8e0    000000a0     link_test_monitoring.oe674 (.text:MmwaveLink_setRunTimeCalibConfig)
                  007fd980    000000a0     libsoc_xwr18xx.ae674 : soc.oe674 (.text:SOC_SystemISR)
                  007fda20    000000a0     rts6740_elf.lib : fopen.c.obj (.text:__TI_cleanup)
                  007fdac0    000000a0                     : fflush.c.obj (.text:__TI_doflush)
                  007fdb60    000000a0                     : remu.asm.obj (.text:__remu)
                  007fdc00    000000a0     boot.ae674 : boot.oe674 (.text:_c_int00)
                  007fdca0    000000a0     rts6740_elf.lib : _printfi.c.obj (.text:_ecpy)
                  007fdd40    000000a0     sysbios.ae674 : c64p_Hwi_asm.obj (.text:_ti_sysbios_family_c64p_Hwi_plug__E)
                  007fdde0    000000a0     rts6740_elf.lib : getdevice.c.obj (.text:finddevice)
                  007fde80    000000a0                     : memcpy64.asm.obj (.text:memcpy)
                  007fdf20    000000a0     link_test.oe674 (.text:mmwaveLink_IFLoopBackConfig)
                  007fdfc0    000000a0     link_test.oe674 (.text:mmwaveLink_PALoopBackConfig)
                  007fe060    000000a0     link_test.oe674 (.text:mmwaveLink_calibDataRestore)
                  007fe100    000000a0     link_test.oe674 (.text:mmwaveLink_dynPerChirpPhaseShifterConfig)
                  007fe1a0    000000a0     link_test.oe674 (.text:mmwaveLink_getDfeRxStatisticsReport)
                  007fe240    000000a0     link_test.oe674 (.text:mmwaveLink_phShiftCalibDataStore)
                  007fe2e0    000000a0     libmmwavelink_xwr18xx.ae674 : rl_controller.oe674 (.text:rlAppendSubBlock)
                  007fe380    000000a0                                 : rl_driver.oe674 (.text:rlDriverVerifyCRC)
                  007fe420    000000a0     sysbios.ae674 : BIOS.obj (.text:ti_sysbios_family_c64p_Exception_Module_startup__E)
                  007fe4c0    000000a0                   : BIOS.obj (.text:ti_sysbios_family_c64p_Hwi_dispatchC__I)
                  007fe560    000000a0                   : BIOS.obj (.text:ti_sysbios_family_c64p_Hwi_eventMap__E)
                  007fe600    000000a0                   : BIOS.obj (.text:ti_sysbios_family_c64p_Hwi_getStackInfo__E)
                  007fe6a0    000000a0     ti.targets.rts6000.ae674 : Core-params.oe674 (.text:xdc_runtime_Core_assignParams__I)
                  007fe740    000000a0                              : System.oe674 (.text:xdc_runtime_System_formatNum__I)
                  007fe7e0    000000a0                              : System.oe674 (.text:xdc_runtime_System_putchar__I)
                  007fe880    000000a0                              : Text.oe674 (.text:xdc_runtime_Text_printVisFxn__I)
                  007fe920    000000a0                              : Text.oe674 (.text:xdc_runtime_Text_xprintf__I)
                  007fe9c0    00000080     libadcbuf_xwr18xx.ae674 : adcbuf_mmwave.oe674 (.text:ADCBUF_MMWave_close)
                  007fea40    00000080                             : ADCBuf.oe674 (.text:ADCBuf_init)
                  007feac0    00000080     libedma_xwr18xx.ae674 : edma_low_level.oe674 (.text:EDMA3MapChToEvtQ)
                  007feb40    00000080                           : edma.oe674 (.text:EDMA_getTransferControllerErrorStatusInfo)
                  007febc0    00000080     libmailbox_xwr18xx.ae674 : mailbox.oe674 (.text:Mailbox_writeReset)
                  007fec40    00000080     link_test_monitoring.oe674 (.text:MmwaveLink_RxMixerInPwrConfig)
                  007fecc0    00000080     link_test.oe674 (.text:MmwaveLink_enableContMode)
                  007fed40    00000080     main_dss.oe674 (.text:MmwaveLink_initTask)
                  007fedc0    00000080     link_test.oe674 (.text:MmwaveLink_openEDMA)
                  007fee40    00000080     link_test.oe674 (.text:MmwaveLink_rfSetLdoBypassConfig)
                  007feec0    00000080     link_test.oe674 (.text:MmwaveLink_rlSetDynChirpEn)
                  007fef40    00000080     link_test.oe674 (.text:MmwaveLink_setAdcOutConfig)
                  007fefc0    00000080     link_test.oe674 (.text:MmwaveLink_setAdvFrameConfig)
                  007ff040    00000080     link_test.oe674 (.text:MmwaveLink_setBpmCommonConfig)
                  007ff0c0    00000080     link_test.oe674 (.text:MmwaveLink_setChirpConfig)
                  007ff140    00000080     link_test.oe674 (.text:MmwaveLink_setContModeConfig)
                  007ff1c0    00000080     link_test.oe674 (.text:MmwaveLink_setHsiClk)
                  007ff240    00000080     link_test.oe674 (.text:MmwaveLink_setLowPowerModeConfig)
                  007ff2c0    00000080     link_test.oe674 (.text:MmwaveLink_setProfileConfig)
                  007ff340    00000080     link_test_monitoring.oe674 (.text:MmwaveLink_setRfAnaMonConfigCq)
                  007ff3c0    00000080     link_test.oe674 (.text:MmwaveLink_setRfDevCfg)
                  007ff440    00000080     link_test_monitoring.oe674 (.text:MmwaveLink_setRfDualClkCompMonConfig)
                  007ff4c0    00000080     link_test_monitoring.oe674 (.text:MmwaveLink_setRfExtAnaSignalsMonConfig)
                  007ff540    00000080     link_test_monitoring.oe674 (.text:MmwaveLink_setRfGpadcIntAnaSignalsMonConfig)
                  007ff5c0    00000080     link_test_monitoring.oe674 (.text:MmwaveLink_setRfPllContrlVoltMonConfig)
                  007ff640    00000080     link_test_monitoring.oe674 (.text:MmwaveLink_setRfPmClkLoIntAnaSignalsMonConfig)
                  007ff6c0    00000080     link_test_monitoring.oe674 (.text:MmwaveLink_setRfRxGainPhaMonConfig)
                  007ff740    00000080     link_test_monitoring.oe674 (.text:MmwaveLink_setRfRxIfSatMonConfig)
                  007ff7c0    00000080     link_test_monitoring.oe674 (.text:MmwaveLink_setRfRxIfStageMonConfig)
                  007ff840    00000080     link_test_monitoring.oe674 (.text:MmwaveLink_setRfRxNoiseMonConfig)
                  007ff8c0    00000080     link_test_monitoring.oe674 (.text:MmwaveLink_setRfRxSigImgMonConfig)
                  007ff940    00000080     link_test_monitoring.oe674 (.text:MmwaveLink_setRfSynthFreqMonConfig)
                  007ff9c0    00000080     link_test_monitoring.oe674 (.text:MmwaveLink_setRfTempMonConfig)
                  007ffa40    00000080     link_test_monitoring.oe674 (.text:MmwaveLink_setRfTxBallbreakMonConfig)
                  007ffac0    00000080     link_test_monitoring.oe674 (.text:MmwaveLink_setRfTxBpmMonConfig)
                  007ffb40    00000080     link_test_monitoring.oe674 (.text:MmwaveLink_setRfTxGainPhaseMismatchMonConfig)
                  007ffbc0    00000080     link_test_monitoring.oe674 (.text:MmwaveLink_setRfTxIntAnaSignalMonConfig)
                  007ffc40    00000080     link_test_monitoring.oe674 (.text:MmwaveLink_setRfTxPowMonConfig)
                  007ffcc0    00000080     libosal_xwr18xx.ae674 : SemaphoreP_tirtos.oe674 (.text:SemaphoreP_create)
                  007ffd40    00000080     rts6740_elf.lib : trgmsg.c.obj (.text:__TI_readmsg)
                  007ffdc0    00000080                     : llshift.c.obj (.text:__c6xabi_llshl)
                  007ffe40    00000080                     : snprintf.c.obj (.text:_outs)
                  007ffec0    00000080     sysbios.ae674 : c62_TaskSupport_asm.obj (.text:_ti_sysbios_family_c62_TaskSupport_swap__E)
                  007fff40    00000080     link_test.oe674 (.text:mmwaveLink_RxGainTempLutConfig)
                  007fffc0    00000040     libadcbuf_xwr18xx.ae674 : adcbuf_mmwave.oe674 (.text:ADCBUFContinuousModeCtrl)

.text.2    0    0080a400    000056a0     
                  0080a400    00000080     link_test.oe674 (.text:mmwaveLink_RxGainTempLutRead)
                  0080a480    00000080     link_test.oe674 (.text:mmwaveLink_TxGainTempLutConfig)
                  0080a500    00000080     link_test.oe674 (.text:mmwaveLink_TxGainTempLutRead)
                  0080a580    00000080     link_test.oe674 (.text:mmwaveLink_calibDataStore)
                  0080a600    00000080     link_test.oe674 (.text:mmwaveLink_configAckTimeout)
                  0080a680    00000080     link_test.oe674 (.text:mmwaveLink_interRxGainConfig)
                  0080a700    00000080     link_test.oe674 (.text:mmwaveLink_miscConfig)
                  0080a780    00000080     link_test.oe674 (.text:mmwaveLink_perChirpPhaseShifterConfig)
                  0080a800    00000080     link_test.oe674 (.text:mmwaveLink_phShiftCalibDataRestore)
                  0080a880    00000080     link_test.oe674 (.text:mmwaveLink_triggerSubframe)
                  0080a900    00000080     libmmwavelink_xwr18xx.ae674 : rl_driver.oe674 (.text:rlDeviceIdentifyCmdDir)
                  0080a980    00000080                                 : rl_driver.oe674 (.text:rlDriverOsiInit)
                  0080aa00    00000080     rts6740_elf.lib : snprintf.c.obj (.text:snprintf)
                  0080aa80    00000080     dss_pe674.oe674 (.text:ti_sysbios_BIOS_atExitFunc__I)
                  0080ab00    00000080     dss_pe674.oe674 (.text:ti_sysbios_BIOS_registerRTSLock__I)
                  0080ab80    00000080     sysbios.ae674 : BIOS.obj (.text:ti_sysbios_family_c64p_Cache_invL1pAll__E)
                  0080ac00    00000080     dss_pe674.oe674 (.text:ti_sysbios_gates_GateHwi_Object__create__S)
                  0080ac80    00000080     dss_pe674.oe674 (.text:ti_sysbios_gates_GateMutex_Object__create__S)
                  0080ad00    00000080     sysbios.ae674 : BIOS.obj (.text:ti_sysbios_hal_Hwi_checkStack)
                  0080ad80    00000080     dss_pe674.oe674 (.text:ti_sysbios_heaps_HeapMem_Object__create__S)
                  0080ae00    00000080     sysbios.ae674 : BIOS.obj (.text:ti_sysbios_heaps_HeapMem_init__I)
                  0080ae80    00000080     dss_pe674.oe674 (.text:ti_sysbios_knl_Clock_doTick__I)
                  0080af00    00000080     sysbios.ae674 : BIOS.obj (.text:ti_sysbios_knl_Idle_run__E)
                  0080af80    00000080     dss_pe674.oe674 (.text:ti_sysbios_knl_Semaphore_create)
                  0080b000    00000080     sysbios.ae674 : BIOS.obj (.text:ti_sysbios_knl_Semaphore_pendTimeout__I)
                  0080b080    00000080                   : BIOS.obj (.text:ti_sysbios_knl_Task_processVitalTaskFlag__I)
                  0080b100    00000080     dss_pe674.oe674 (.text:ti_sysbios_rts_MemAlloc_alloc)
                  0080b180    00000080     sysbios.ae674 : BIOS.obj (.text:ti_sysbios_timers_rti_Timer_stop__E)
                  0080b200    00000080     rts6740_elf.lib : unlink.c.obj (.text:unlink)
                  0080b280    00000080     ti.targets.rts6000.ae674 : Core-label.oe674 (.text:xdc_runtime_Core_assignLabel__I)
                  0080b300    00000080                              : SysStd.oe674 (.text:xdc_runtime_SysStd_abort__E)
                  0080b380    00000080                              : System.oe674 (.text:xdc_runtime_System_atexit__E)
                  0080b400    00000080                              : System.oe674 (.text:xdc_runtime_System_avprintf__E)
                  0080b480    00000080                              : System.oe674 (.text:xdc_runtime_System_processAtExit__E)
                  0080b500    00000080                              : System.oe674 (.text:xdc_runtime_System_vprintf__E)
                  0080b580    00000060     libadcbuf_xwr18xx.ae674 : ADCBuf.oe674 (.text:ADCBuf_open)
                  0080b5e0    00000060     libcrc_xwr18xx.ae674 : crc.oe674 (.text:CRC_getCRCDataSelectBitValue)
                  0080b640    00000060                          : crc.oe674 (.text:CRC_getCRCTypeBitValue)
                  0080b6a0    00000060                          : crc.oe674 (.text:CRC_isTransactionIdValid)
                  0080b700    00000060                          : crc.oe674 (.text:CRC_resetSignature)
                  0080b760    00000060     libedma_xwr18xx.ae674 : edma_low_level.oe674 (.text:EDMA3ClrEvt)
                  0080b7c0    00000060                           : edma_low_level.oe674 (.text:EDMA3ClrIntr)
                  0080b820    00000060                           : edma_low_level.oe674 (.text:EDMA3ClrMissEvt)
                  0080b880    00000060                           : edma_low_level.oe674 (.text:EDMA3DisableDmaEvt)
                  0080b8e0    00000060                           : edma_low_level.oe674 (.text:EDMA3DisableEvtIntr)
                  0080b940    00000060                           : edma_low_level.oe674 (.text:EDMA3EnableDmaEvt)
                  0080b9a0    00000060                           : edma_low_level.oe674 (.text:EDMA3EnableEvtIntr)
                  0080ba00    00000060                           : edma_low_level.oe674 (.text:EDMA3SetEvt)
                  0080ba60    00000060                           : edma.oe674 (.text:EDMA_isError)
                  0080bac0    00000060                           : edma.oe674 (.text:EDMA_validate_channelIdchannelType)
                  0080bb20    00000060     libmailbox_xwr18xx.ae674 : mailbox.oe674 (.text:Mailbox_Config_init)
                  0080bb80    00000060     link_test.oe674 (.text:MmwaveLink_mboxClose)
                  0080bbe0    00000060     osi_tirtos.oe674 (.text:Osal_mutexCreate)
                  0080bc40    00000060     osi_tirtos.oe674 (.text:Osal_semCreate)
                  0080bca0    00000060     libsoc_xwr18xx.ae674 : soc.oe674 (.text:SOC_unhaltBSS)
                  0080bd00    00000060     rts6740_elf.lib : trgmsg.c.obj (.text:__TI_writemsg)
                  0080bd60    00000060                     : llshift.c.obj (.text:__c6xabi_llshru)
                  0080bdc0    00000060                     : imath64.c.obj (.text:_subcull)
                  0080be20    00000060     sysbios.ae674 : c64p_Hwi_asm_switch.obj (.text:_ti_sysbios_family_c64p_Hwi_switchAndDispatch__I)
                  0080be80    00000060                   : c64p_Hwi_asm_switch.obj (.text:_ti_sysbios_family_xxx_Hwi_switchAndRunFunc)
                  0080bee0    00000060     rts6740_elf.lib : lseek.c.obj (.text:lseek)
                  0080bf40    00000060                     : memccpy.c.obj (.text:memccpy)
                  0080bfa0    00000060     libmmwavelink_xwr18xx.ae674 : rl_device.oe674 (.text:rlDeviceGetMssVersion)
                  0080c000    00000060                                 : rl_device.oe674 (.text:rlDeviceSetHsiClk)
                  0080c060    00000060                                 : rl_driver.oe674 (.text:rlDriverConstructInMsg)
                  0080c0c0    00000060                                 : rl_sensor.oe674 (.text:rlEnableContMode)
                  0080c120    00000060                                 : rl_monitoring.oe674 (.text:rlRfAnaMonConfig)
                  0080c180    00000060                                 : rl_sensor.oe674 (.text:rlRfDfeRxStatisticsReport)
                  0080c1e0    00000060                                 : rl_monitoring.oe674 (.text:rlRfDigMonEnableConfig)
                  0080c240    00000060                                 : rl_monitoring.oe674 (.text:rlRfDigMonPeriodicConfig)
                  0080c2a0    00000060                                 : rl_monitoring.oe674 (.text:rlRfDualClkCompMonConfig)
                  0080c300    00000060                                 : rl_monitoring.oe674 (.text:rlRfExtAnaSignalsMonConfig)
                  0080c360    00000060                                 : rl_sensor.oe674 (.text:rlRfGetTemperatureReport)
                  0080c3c0    00000060                                 : rl_monitoring.oe674 (.text:rlRfGpadcIntAnaSignalsMonConfig)
                  0080c420    00000060                                 : rl_sensor.oe674 (.text:rlRfInitCalibConfig)
                  0080c480    00000060                                 : rl_sensor.oe674 (.text:rlRfInterRxGainPhaseConfig)
                  0080c4e0    00000060                                 : rl_monitoring.oe674 (.text:rlRfPllContrlVoltMonConfig)
                  0080c540    00000060                                 : rl_monitoring.oe674 (.text:rlRfPmClkLoIntAnaSignalsMonConfig)
                  0080c5a0    00000060                                 : rl_sensor.oe674 (.text:rlRfRunTimeCalibConfig)
                  0080c600    00000060                                 : rl_monitoring.oe674 (.text:rlRfRxGainPhMonConfig)
                  0080c660    00000060                                 : rl_monitoring.oe674 (.text:rlRfRxIfSatMonConfig)
                  0080c6c0    00000060                                 : rl_monitoring.oe674 (.text:rlRfRxIfStageMonConfig)
                  0080c720    00000060                                 : rl_monitoring.oe674 (.text:rlRfRxIntAnaSignalsMonConfig)
                  0080c780    00000060                                 : rl_monitoring.oe674 (.text:rlRfRxMixerInPwrConfig)
                  0080c7e0    00000060                                 : rl_monitoring.oe674 (.text:rlRfRxNoiseMonConfig)
                  0080c840    00000060                                 : rl_monitoring.oe674 (.text:rlRfRxSigImgMonConfig)
                  0080c8a0    00000060                                 : rl_sensor.oe674 (.text:rlRfSetCalMonFreqLimitConfig)
                  0080c900    00000060                                 : rl_sensor.oe674 (.text:rlRfSetCalMonTimeUnitConfig)
                  0080c960    00000060                                 : rl_sensor.oe674 (.text:rlRfSetDeviceCfg)
                  0080c9c0    00000060                                 : rl_sensor.oe674 (.text:rlRfSetIFLoopbackConfig)
                  0080ca20    00000060                                 : rl_sensor.oe674 (.text:rlRfSetLdoBypassConfig)
                  0080ca80    00000060                                 : rl_sensor.oe674 (.text:rlRfSetMiscConfig)
                  0080cae0    00000060                                 : rl_sensor.oe674 (.text:rlRfSetPALoopbackConfig)
                  0080cb40    00000060                                 : rl_sensor.oe674 (.text:rlRfSetPSLoopbackConfig)
                  0080cba0    00000060                                 : rl_sensor.oe674 (.text:rlRfSetProgFiltCoeffRam)
                  0080cc00    00000060                                 : rl_sensor.oe674 (.text:rlRfSetProgFiltConfig)
                  0080cc60    00000060                                 : rl_monitoring.oe674 (.text:rlRfSynthFreqMonConfig)
                  0080ccc0    00000060                                 : rl_monitoring.oe674 (.text:rlRfTempMonConfig)
                  0080cd20    00000060                                 : rl_monitoring.oe674 (.text:rlRfTxGainPhaseMismatchMonConfig)
                  0080cd80    00000060                                 : rl_sensor.oe674 (.text:rlRxGainTempLutSet)
                  0080cde0    00000060                                 : rl_sensor.oe674 (.text:rlSensorStart)
                  0080ce40    00000060                                 : rl_sensor.oe674 (.text:rlSensorStop)
                  0080cea0    00000060                                 : rl_sensor.oe674 (.text:rlSetAdcOutConfig)
                  0080cf00    00000060                                 : rl_sensor.oe674 (.text:rlSetBpmChirpConfig)
                  0080cf60    00000060                                 : rl_sensor.oe674 (.text:rlSetBpmCommonConfig)
                  0080cfc0    00000060                                 : rl_sensor.oe674 (.text:rlSetChannelConfig)
                  0080d020    00000060                                 : rl_sensor.oe674 (.text:rlSetContModeConfig)
                  0080d080    00000060                                 : rl_sensor.oe674 (.text:rlSetDynChirpEn)
                  0080d0e0    00000060                                 : rl_sensor.oe674 (.text:rlSetGpAdcConfig)
                  0080d140    00000060                                 : rl_sensor.oe674 (.text:rlSetLoopBckBurstCfg)
                  0080d1a0    00000060                                 : rl_sensor.oe674 (.text:rlSetLowPowerModeConfig)
                  0080d200    00000060                                 : rl_sensor.oe674 (.text:rlSetSubFrameStart)
                  0080d260    00000060                                 : rl_sensor.oe674 (.text:rlSetTestSourceConfig)
                  0080d2c0    00000060                                 : rl_sensor.oe674 (.text:rlTestSourceEnable)
                  0080d320    00000060                                 : rl_sensor.oe674 (.text:rlTxGainTempLutSet)
                  0080d380    00000060     dss_pe674.oe674 (.text:ti_sysbios_BIOS_errorRaiseHook__I)
                  0080d3e0    00000060     dss_pe674.oe674 (.text:ti_sysbios_BIOS_removeRTSLock__I)
                  0080d440    00000060     dss_pe674.oe674 (.text:ti_sysbios_BIOS_startFunc__I)
                  0080d4a0    00000060     sysbios.ae674 : BIOS.obj (.text:ti_sysbios_family_c62_TaskSupport_start__E)
                  0080d500    00000060                   : BIOS.obj (.text:ti_sysbios_family_c64p_Cache_setMar__E)
                  0080d560    00000060                   : BIOS.obj (.text:ti_sysbios_family_c64p_EventCombiner_Module_startup__E)
                  0080d5c0    00000060                   : BIOS.obj (.text:ti_sysbios_family_c64p_EventCombiner_unused__E)
                  0080d620    00000060     dss_pe674.oe674 (.text:ti_sysbios_gates_GateMutex_Object__delete__S)
                  0080d680    00000060     sysbios.ae674 : BIOS.obj (.text:ti_sysbios_hal_Hwi_initStack)
                  0080d6e0    00000060                   : BIOS.obj (.text:ti_sysbios_heaps_HeapMem_free__E)
                  0080d740    00000060                   : BIOS.obj (.text:ti_sysbios_knl_Clock_Module_startup__E)
                  0080d7a0    00000060     dss_pe674.oe674 (.text:ti_sysbios_knl_Queue_construct)
                  0080d800    00000060     dss_pe674.oe674 (.text:ti_sysbios_knl_Semaphore_Object__delete__S)
                  0080d860    00000060     dss_pe674.oe674 (.text:ti_sysbios_knl_Semaphore_construct)
                  0080d8c0    00000060     sysbios.ae674 : BIOS.obj (.text:ti_sysbios_knl_Swi_Module_startup__E)
                  0080d920    00000060                   : BIOS.obj (.text:ti_sysbios_knl_Task_enter__I)
                  0080d980    00000060     rts6740_elf.lib : write.c.obj (.text:write)
                  0080d9e0    00000060     ti.targets.rts6000.ae674 : Memory.oe674 (.text:xdc_runtime_Memory_valloc__E)
                  0080da40    00000060                              : Text.oe674 (.text:xdc_runtime_Text_cordText__E)
                  0080daa0    00000040     libadcbuf_xwr18xx.ae674 : adcbuf_mmwave.oe674 (.text:ADCBUFSetPingNumChirpThreshhold)
                  0080dae0    00000040                             : adcbuf_mmwave.oe674 (.text:ADCBUFSetPongNumChirpThreshhold)
                  0080db20    00000040                             : adcbuf_mmwave.oe674 (.text:ADCBUFSrcSelect)
                  0080db60    00000040     libcrc_xwr18xx.ae674 : crc.oe674 (.text:CRC_getSignatureRegister)
                  0080dba0    00000040                          : crc.oe674 (.text:CRC_releaseTransactionId)
                  0080dbe0    00000040     libadcbuf_xwr18xx.ae674 : adcbuf_mmwave.oe674 (.text:CSL_FEXTR)
                  0080dc20    00000040     libsoc_xwr18xx.ae674 : soc.oe674 (.text:CSL_FEXTR)
                  0080dc60    00000040     libadcbuf_xwr18xx.ae674 : adcbuf_mmwave.oe674 (.text:CSL_FINSR)
                  0080dca0    00000040     libcrc_xwr18xx.ae674 : crc.oe674 (.text:CSL_FINSR)
                  0080dce0    00000040     libmailbox_xwr18xx.ae674 : mailbox.oe674 (.text:CSL_FINSR)
                  0080dd20    00000040     libsoc_xwr18xx.ae674 : soc.oe674 (.text:CSL_FINSR)
                  0080dd60    00000040                          : soc_xwr18xx_dss.oe674 (.text:CSL_FINSR)
                  0080dda0    00000040     libedma_xwr18xx.ae674 : edma_low_level.oe674 (.text:EDMA3MapQdmaChToPaRAM)
                  0080dde0    00000040                           : edma_low_level.oe674 (.text:EDMA3SetPaRAM)
                  0080de20    00000040                           : edma_low_level.oe674 (.text:EDMA3SetQdmaTrigWord)
                  0080de60    00000040     libosal_xwr18xx.ae674 : HwiP_tirtos.oe674 (.text:HwiP_create)
                  0080dea0    00000040                           : HwiP_tirtos.oe674 (.text:HwiP_delete)
                  0080dee0    00000040     libtestlogger_xwr18xx.ae674 : logger.oe674 (.text:MCPI_Initialize)
                  0080df20    00000040     libmailbox_xwr18xx.ae674 : mailbox.oe674 (.text:Mailbox_boxEmptyISRBss)
                  0080df60    00000040                              : mailbox.oe674 (.text:Mailbox_boxEmptyISRMssDss)
                  0080dfa0    00000040                              : mailbox.oe674 (.text:Mailbox_boxFullISRBss)
                  0080dfe0    00000040     link_test.oe674 (.text:MmwaveLink_disableDevice)
                  0080e020    00000040     link_test_monitoring.oe674 (.text:MmwaveLink_monAdvancedTest)
                  0080e060    00000040     link_test.oe674 (.text:MmwaveLink_spawn)
                  0080e0a0    00000040     rts6740_elf.lib : frcmpyd_div.c.obj (.text:__TI_frcmpyd_div)
                  0080e0e0    00000040                     : isinf.c.obj (.text:__c6xabi_isinf)
                  0080e120    00000040                     : _printfi.c.obj (.text:__c6xabi_isnan)
                  0080e160    00000040                     : strasg.asm.obj (.text:__strasgi_64plus)
                  0080e1a0    00000040                     : args_main.c.obj (.text:_args_main)
                  0080e1e0    00000040                     : snprintf.c.obj (.text:_outc)
                  0080e220    00000040     sysbios.ae674 : c62_TaskSupport_asm.obj (.text:_ti_sysbios_family_c62_TaskSupport_buildTaskStack)
                  0080e260    00000040     dss_pe674.oe674 (.text:free)
                  0080e2a0    00000040     libmmwavelink_xwr18xx.ae674 : rl_controller.oe674 (.text:rlAppendDummy)
                  0080e2e0    00000040                                 : rl_device.oe674 (.text:rlDeviceGetRfVersion)
                  0080e320    00000040                                 : rl_driver.oe674 (.text:rlDriverConfigureAckTimeout)
                  0080e360    00000040                                 : rl_driver.oe674 (.text:rlDriverFillPayload)
                  0080e3a0    00000040                                 : rl_sensor.oe674 (.text:rlGetRfBootupStatus)
                  0080e3e0    00000040                                 : rl_sensor.oe674 (.text:rlGetRfDieId)
                  0080e420    00000040                                 : rl_sensor.oe674 (.text:rlRfInit)
                  0080e460    00000040     dss_pe674.oe674 (.text:ti_sysbios_BIOS_exitFunc__I)
                  0080e4a0    00000040     dss_pe674.oe674 (.text:ti_sysbios_BIOS_rtsLock__I)
                  0080e4e0    00000040     dss_pe674.oe674 (.text:ti_sysbios_BIOS_rtsUnlock__I)
                  0080e520    00000040     sysbios.ae674 : BIOS.obj (.text:ti_sysbios_family_c64p_Hwi_disableInterrupt__E)
                  0080e560    00000040                   : BIOS.obj (.text:ti_sysbios_family_c64p_Hwi_enableInterrupt__E)
                  0080e5a0    00000040     dss_pe674.oe674 (.text:ti_sysbios_gates_GateHwi_Handle__label__S)
                  0080e5e0    00000040     dss_pe674.oe674 (.text:ti_sysbios_gates_GateHwi_Object__delete__S)
                  0080e620    00000040     dss_pe674.oe674 (.text:ti_sysbios_gates_GateMutex_Handle__label__S)
                  0080e660    00000040     sysbios.ae674 : BIOS.obj (.text:ti_sysbios_gates_GateMutex_Instance_init__E)
                  0080e6a0    00000040                   : BIOS.obj (.text:ti_sysbios_gates_GateMutex_leave__E)
                  0080e6e0    00000040     dss_pe674.oe674 (.text:ti_sysbios_heaps_HeapMem_Handle__label__S)
                  0080e720    00000040     dss_pe674.oe674 (.text:ti_sysbios_heaps_HeapMem_Object__delete__S)
                  0080e760    00000040     dss_pe674.oe674 (.text:ti_sysbios_heaps_HeapMem_Object__get__S)
                  0080e7a0    00000040     dss_pe674.oe674 (.text:ti_sysbios_knl_Semaphore_destruct)
                  0080e7e0    00000040     dss_pe674.oe674 (.text:ti_sysbios_knl_Swi_Object__get__S)
                  0080e820    00000040     dss_pe674.oe674 (.text:ti_sysbios_knl_Task_Object__get__S)
                  0080e860    00000040     sysbios.ae674 : BIOS.obj (.text:ti_sysbios_knl_Task_sleepTimeout__I)
                  0080e8a0    00000040                   : BIOS.obj (.text:ti_sysbios_timers_rti_Timer_periodicStub__E)
                  0080e8e0    00000040     rts6740_elf.lib : wcslen.c.obj (.text:wcslen)
                  0080e920    00000040     ti.targets.rts6000.ae674 : Error.oe674 (.text:xdc_runtime_Error_check__E)
                  0080e960    00000040                              : Error.oe674 (.text:xdc_runtime_Error_init__E)
                  0080e9a0    00000040                              : Registry.oe674 (.text:xdc_runtime_Registry_findById__E)
                  0080e9e0    00000040                              : System.oe674 (.text:xdc_runtime_System_abort__E)
                  0080ea20    00000040     dss_pe674.oe674 (.text:xdc_runtime_System_aprintf__E)
                  0080ea60    00000040     ti.targets.rts6000.ae674 : System.oe674 (.text:xdc_runtime_System_exit__E)
                  0080eaa0    00000040     dss_pe674.oe674 (.text:xdc_runtime_System_printf__E)
                  0080eae0    00000020     libadcbuf_xwr18xx.ae674 : adcbuf_mmwave.oe674 (.text:ADCBUF_MMWave_init)
                  0080eb00    00000020                             : ADCBuf.oe674 (.text:ADCBuf_Params_init)
                  0080eb20    00000020                             : ADCBuf.oe674 (.text:ADCBuf_control)
                  0080eb40    00000020     libcrc_xwr18xx.ae674 : crc.oe674 (.text:CRC_initConfigParams)
                  0080eb60    00000020     libedma_xwr18xx.ae674 : edma_low_level.oe674 (.text:EDMA3ChannelToParamMap)
                  0080eb80    00000020                           : edma_low_level.oe674 (.text:EDMA3ClrCCErr)
                  0080eba0    00000020                           : edma_low_level.oe674 (.text:EDMA3DisableQdmaEvt)
                  0080ebc0    00000020                           : edma_low_level.oe674 (.text:EDMA3EnableQdmaEvt)
                  0080ebe0    00000020                           : edma_low_level.oe674 (.text:EDMA3ErrIntrHighStatusGet)
                  0080ec00    00000020                           : edma_low_level.oe674 (.text:EDMA3GetCCErrStatus)
                  0080ec20    00000020                           : edma_low_level.oe674 (.text:EDMA3GetErrIntrStatus)
                  0080ec40    00000020                           : edma_low_level.oe674 (.text:EDMA3GetIntrStatus)
                  0080ec60    00000020                           : edma_low_level.oe674 (.text:EDMA3IntrStatusHighGet)
                  0080ec80    00000020                           : edma_low_level.oe674 (.text:EDMA3QdmaClrMissEvt)
                  0080eca0    00000020                           : edma_low_level.oe674 (.text:EDMA3QdmaGetErrIntrStatus)
                  0080ecc0    00000020                           : edma_low_level.oe674 (.text:EDMAsetRegion)
                  0080ece0    00000020     libosal_xwr18xx.ae674 : HwiP_tirtos.oe674 (.text:HwiP_Params_init)
                  0080ed00    00000020                           : HwiP_tirtos.oe674 (.text:HwiP_disable)
                  0080ed20    00000020                           : HwiP_tirtos.oe674 (.text:HwiP_disableInterrupt)
                  0080ed40    00000020                           : HwiP_tirtos.oe674 (.text:HwiP_enableInterrupt)
                  0080ed60    00000020                           : HwiP_tirtos.oe674 (.text:HwiP_restore)
                  0080ed80    00000020     libtestlogger_xwr18xx.ae674 : logger.oe674 (.text:MCPI_setTestResult)
                  0080eda0    00000020     libosal_xwr18xx.ae674 : MemoryP_tirtos.oe674 (.text:MemoryP_ctrlAlloc)
                  0080edc0    00000020                           : MemoryP_tirtos.oe674 (.text:MemoryP_ctrlFree)
                  0080ede0    00000020     link_test.oe674 (.text:MmwaveLink_enableDevice)
                  0080ee00    00000020     link_test.oe674 (.text:MmwaveLink_maskHostIRQ)
                  0080ee20    00000020     link_test.oe674 (.text:MmwaveLink_mboxCallbackFxn)
                  0080ee40    00000020     link_test.oe674 (.text:MmwaveLink_registerInterruptHandler)
                  0080ee60    00000020     link_test.oe674 (.text:MmwaveLink_transferCompletionCallbackFxn)
                  0080ee80    00000020     link_test.oe674 (.text:MmwaveLink_triggerEdmaTransfer)
                  0080eea0    00000020     link_test.oe674 (.text:MmwaveLink_unmaskHostIRQ)
                  0080eec0    00000020     osi_tirtos.oe674 (.text:Osal_mutexDelete)
                  0080eee0    00000020     osi_tirtos.oe674 (.text:Osal_mutexLock)
                  0080ef00    00000020     osi_tirtos.oe674 (.text:Osal_mutexUnlock)
                  0080ef20    00000020     osi_tirtos.oe674 (.text:Osal_semDelete)
                  0080ef40    00000020     osi_tirtos.oe674 (.text:Osal_semSignal)
                  0080ef60    00000020     osi_tirtos.oe674 (.text:Osal_semWait)
                  0080ef80    00000020     libsoc_xwr18xx.ae674 : soc_xwr18xx.oe674 (.text:SOC_gateClock)
                  0080efa0    00000020                          : soc_xwr18xx.oe674 (.text:SOC_ungateClock)
                  0080efc0    00000020     libosal_xwr18xx.ae674 : SemaphoreP_tirtos.oe674 (.text:SemaphoreP_Params_init)
                  0080efe0    00000020                           : SemaphoreP_tirtos.oe674 (.text:SemaphoreP_delete)
                  0080f000    00000020                           : SemaphoreP_tirtos.oe674 (.text:SemaphoreP_pend)
                  0080f020    00000020                           : SemaphoreP_tirtos.oe674 (.text:SemaphoreP_post)
                  0080f040    00000020                           : DebugP_tirtos.oe674 (.text:_DebugP_assert)
                  0080f060    00000020     rts6740_elf.lib : errno.c.obj (.text:__c6xabi_errno_addr)
                  0080f080    00000020                     : push.asm.obj (.text:__pop_rts)
                  0080f0a0    00000020                     : push.asm.obj (.text:__push_rts)
                  0080f0c0    00000020                     : _lock.c.obj (.text:_nop)
                  0080f0e0    00000020                     : printf.c.obj (.text:_outc)
                  0080f100    00000020                     : printf.c.obj (.text:_outs)
                  0080f120    00000020                     : _lock.c.obj (.text:_register_lock)
                  0080f140    00000020                     : _lock.c.obj (.text:_register_unlock)
                  0080f160    00000020                     : signbit.c.obj (.text:_signbit)
                  0080f180    00000020     sysbios.ae674 : c62_TaskSupport_asm.obj (.text:_ti_sysbios_family_c62_TaskSupport_glue)
                  0080f1a0    00000020     rts6740_elf.lib : exit.c.obj (.text:abort)
                  0080f1c0    00000020                     : fputc.c.obj (.text:putchar)
                  0080f1e0    00000020     libmmwavelink_xwr18xx.ae674 : rl_driver.oe674 (.text:rlDriverConstructOutMsg)
                  0080f200    00000020                                 : rl_driver.oe674 (.text:rlDriverGetHandle)
                  0080f220    00000020                                 : rl_driver.oe674 (.text:rlDriverGetPlatformId)
                  0080f240    00000020                                 : rl_driver.oe674 (.text:rlDriverIsDeviceMapValid)
                  0080f260    00000020                                 : rl_controller.oe674 (.text:rlGetSubBlockId)
                  0080f280    00000020                                 : rl_controller.oe674 (.text:rlGetSubBlockLen)
                  0080f2a0    00000020     dss_pe674.oe674 (.text:ti_sysbios_BIOS_RtsGateProxy_enter__E)
                  0080f2c0    00000020     dss_pe674.oe674 (.text:ti_sysbios_BIOS_RtsGateProxy_leave__E)
                  0080f2e0    00000020     sysbios.ae674 : BIOS.obj (.text:ti_sysbios_BIOS_exit__E)
                  0080f300    00000020                   : BIOS.obj (.text:ti_sysbios_BIOS_linkedWithIncorrectBootLibrary__E)
                  0080f320    00000020     dss_pe674.oe674 (.text:ti_sysbios_BIOS_nullFunc__I)
                  0080f340    00000020     sysbios.ae674 : BIOS.obj (.text:ti_sysbios_BIOS_setThreadType__E)
                  0080f360    00000020                   : BIOS.obj (.text:ti_sysbios_BIOS_start__E)
                  0080f380    00000020     dss_pe674.oe674 (.text:ti_sysbios_family_c62_TaskSupport_Module__startupDone__S)
                  0080f3a0    00000020     sysbios.ae674 : BIOS.obj (.text:ti_sysbios_family_c62_TaskSupport_checkStack__E)
                  0080f3c0    00000020                   : BIOS.obj (.text:ti_sysbios_family_c62_TaskSupport_getStackAlignment__E)
                  0080f3e0    00000020                   : BIOS.obj (.text:ti_sysbios_family_c64p_Cache_wbInv__E)
                  0080f400    00000020     dss_pe674.oe674 (.text:ti_sysbios_family_c64p_Hwi_Module__startupDone__F)
                  0080f420    00000020     dss_pe674.oe674 (.text:ti_sysbios_family_c64p_Hwi_Params__init__S)
                  0080f440    00000020     sysbios.ae674 : BIOS.obj (.text:ti_sysbios_family_c64p_Hwi_clearInterrupt__E)
                  0080f460    00000020                   : BIOS.obj (.text:ti_sysbios_family_c64p_Hwi_startup__E)
                  0080f480    00000020                   : BIOS.obj (.text:ti_sysbios_family_c64p_Hwi_switchFromBootStack__E)
                  0080f4a0    00000020                   : BIOS.obj (.text:ti_sysbios_family_c64p_Hwi_unPluggedInterrupt__I)
                  0080f4c0    00000020                   : BIOS.obj (.text:ti_sysbios_gates_GateHwi_Instance_init__E)
                  0080f4e0    00000020                   : BIOS.obj (.text:ti_sysbios_gates_GateHwi_enter__E)
                  0080f500    00000020                   : BIOS.obj (.text:ti_sysbios_gates_GateHwi_leave__E)
                  0080f520    00000020                   : BIOS.obj (.text:ti_sysbios_gates_GateHwi_query__E)
                  0080f540    00000020                   : BIOS.obj (.text:ti_sysbios_gates_GateMutex_Instance_finalize__E)
                  0080f560    00000020                   : BIOS.obj (.text:ti_sysbios_gates_GateMutex_query__E)
                  0080f580    00000020                   : BIOS.obj (.text:ti_sysbios_hal_Hwi_Module_startup__E)
                  0080f5a0    00000020     dss_pe674.oe674 (.text:ti_sysbios_heaps_HeapBuf_Object__get__S)
                  0080f5c0    00000020     dss_pe674.oe674 (.text:ti_sysbios_heaps_HeapMem_Module_GateProxy_enter__E)
                  0080f5e0    00000020     dss_pe674.oe674 (.text:ti_sysbios_heaps_HeapMem_Module_GateProxy_leave__E)
                  0080f600    00000020     sysbios.ae674 : BIOS.obj (.text:ti_sysbios_heaps_HeapMem_isBlocking__E)
                  0080f620    00000020     dss_pe674.oe674 (.text:ti_sysbios_knl_Clock_TimerProxy_getMaxTicks__E)
                  0080f640    00000020     sysbios.ae674 : BIOS.obj (.text:ti_sysbios_knl_Idle_loop__E)
                  0080f660    00000020                   : BIOS.obj (.text:ti_sysbios_knl_Queue_Instance_init__E)
                  0080f680    00000020     dss_pe674.oe674 (.text:ti_sysbios_knl_Queue_Object__get__S)
                  0080f6a0    00000020     dss_pe674.oe674 (.text:ti_sysbios_knl_Queue_destruct)
                  0080f6c0    00000020     sysbios.ae674 : BIOS.obj (.text:ti_sysbios_knl_Queue_empty__E)
                  0080f6e0    00000020                   : BIOS.obj (.text:ti_sysbios_knl_Semaphore_Instance_finalize__E)
                  0080f700    00000020     dss_pe674.oe674 (.text:ti_sysbios_knl_Semaphore_Params__init__S)
                  0080f720    00000020     dss_pe674.oe674 (.text:ti_sysbios_knl_Semaphore_delete)
                  0080f740    00000020     sysbios.ae674 : BIOS.obj (.text:ti_sysbios_knl_Swi_disable__E)
                  0080f760    00000020     dss_pe674.oe674 (.text:ti_sysbios_knl_Task_Params__init__S)
                  0080f780    00000020     sysbios.ae674 : BIOS.obj (.text:ti_sysbios_knl_Task_disable__E)
                  0080f7a0    00000020                   : BIOS.obj (.text:ti_sysbios_knl_Task_startup__E)
                  0080f7c0    00000020     dss_pe674.oe674 (.text:ti_sysbios_timers_rti_Timer_Module__startupDone__F)
                  0080f7e0    00000020     sysbios.ae674 : BIOS.obj (.text:ti_sysbios_timers_rti_Timer_getMaxTicks__E)
                  0080f800    00000020     ti.targets.rts6000.ae674 : Error.oe674 (.text:xdc_runtime_Error_getSite__E)
                  0080f820    00000020                              : Error.oe674 (.text:xdc_runtime_Error_raiseX__E)
                  0080f840    00000020                              : Gate.oe674 (.text:xdc_runtime_Gate_enterSystem__E)
                  0080f860    00000020                              : Gate.oe674 (.text:xdc_runtime_Gate_leaveSystem__E)
                  0080f880    00000020     dss_pe674.oe674 (.text:xdc_runtime_IHeap_alloc)
                  0080f8a0    00000020     dss_pe674.oe674 (.text:xdc_runtime_IHeap_free)
                  0080f8c0    00000020     ti.targets.rts6000.ae674 : Memory.oe674 (.text:xdc_runtime_Memory_calloc__E)
                  0080f8e0    00000020                              : Memory.oe674 (.text:xdc_runtime_Memory_free__E)
                  0080f900    00000020                              : Memory.oe674 (.text:xdc_runtime_Memory_getMaxDefaultTypeAlign__E)
                  0080f920    00000020     dss_pe674.oe674 (.text:xdc_runtime_Startup_exec__I)
                  0080f940    00000020     dss_pe674.oe674 (.text:xdc_runtime_Startup_reset__I)
                  0080f960    00000020     ti.targets.rts6000.ae674 : Startup.oe674 (.text:xdc_runtime_Startup_rtsDone__E)
                  0080f980    00000020                              : SysStd.oe674 (.text:xdc_runtime_SysStd_exit__E)
                  0080f9a0    00000020                              : SysStd.oe674 (.text:xdc_runtime_SysStd_putch__E)
                  0080f9c0    00000020                              : SysStd.oe674 (.text:xdc_runtime_SysStd_ready__E)
                  0080f9e0    00000020     dss_pe674.oe674 (.text:xdc_runtime_System_Module_GateProxy_enter__E)
                  0080fa00    00000020     dss_pe674.oe674 (.text:xdc_runtime_System_Module_GateProxy_leave__E)
                  0080fa20    00000020     ti.targets.rts6000.ae674 : System.oe674 (.text:xdc_runtime_System_Module_startup__E)
                  0080fa40    00000020                              : System.oe674 (.text:xdc_runtime_System_vsnprintf__E)
                  0080fa60    00000020                              : Text.oe674 (.text:xdc_runtime_Text_ropeText__E)
                  0080fa80    00000020     dss_pe674.oe674 (.text:xdc_runtime_Text_visitRope__I)

.const     0    0080faa0    00008a5e     
                  0080faa0    000022c8     link_test_monitoring.oe674 (.const:.string)
                  00811d68    00001b68     link_test.oe674 (.const:.string)
                  008138d0    000019be     dss_pe674.oe674 (.const:xdc_runtime_Text_charTab__A)
                  0081528e    00000002     dss_pe674.oe674 (.const:ti_sysbios_family_c64p_Cache_Module__id__C)
                  00815290    000009fc     mmwavelink_test_common.oe674 (.const:.string)
                  00815c8c    00000004     link_test.oe674 (.const:$P$T11$12)
                  00815c90    000007a8     link_testcase_config.oe674 (.const:dynChirpCfg)
                  00816438    00000518     sysbios.ae674 : BIOS.obj (.const:.string)
                  00816950    00000200     main_dss.oe674 (.const:.string)
                  00816b50    00000101     rts6740_elf.lib : ctype.c.obj (.const:.string:_ctypes_)
                  00816c51    00000001     --HOLE-- [fill = 0]
                  00816c52    00000004     libmmwavelink_xwr18xx.ae674 : rl_sensor.oe674 (.const:$P$T46$47)
                  00816c56    00000002     dss_pe674.oe674 (.const:ti_sysbios_family_c64p_EventCombiner_Module__id__C)
                  00816c58    00000100     libmmwavelink_xwr18xx.ae674 : rl_monitoring.oe674 (.const:$P$T1$2)
                  00816d58    00000100                                 : rl_monitoring.oe674 (.const:$P$T3$4)
                  00816e58    00000100                                 : rl_monitoring.oe674 (.const:$P$T5$6)
                  00816f58    00000100                                 : rl_monitoring.oe674 (.const:$P$T7$8)
                  00817058    000000d0     link_testcase_config.oe674 (.const:progFiltCoef)
                  00817128    000000c8     dss_pe674.oe674 (.const:xdc_runtime_Text_nodeTab__A)
                  008171f0    000000c0     link_test.oe674 (.const:$P$T12$13)
                  008172b0    000000b8     link_test.oe674 (.const:$P$T6$7)
                  00817368    000000b0     link_testcase_config.oe674 (.const:profileCfg)
                  00817418    00000094     libtestlogger_xwr18xx.ae674 : logger.oe674 (.const:.string)
                  008174ac    00000074     dss_pe674.oe674 (.const:.string)
                  00817520    0000006c     libmmwavelink_xwr18xx.ae674 : rl_driver.oe674 (.const:.string)
                  0081758c    00000058     libedma_xwr18xx.ae674 : edma.oe674 (.const:.string)
                  008175e4    00000058     ti.targets.rts6000.ae674 : Error.oe674 (.const:.string)
                  0081763c    0000004c     libmailbox_xwr18xx.ae674 : mailbox.oe674 (.const:.string)
                  00817688    00000044     link_testcase_config.oe674 (.const:rxGainPhaseMonCfg)
                  008176cc    00000044     link_testcase_config.oe674 (.const:testSourceCfg)
                  00817710    00000044     dss_pe674.oe674 (.const:ti_sysbios_knl_Task_Object__PARAMS__C)
                  00817754    00000040     ti.targets.rts6000.ae674 : Text.oe674 (.const:.string)
                  00817794    0000003c     libsoc_xwr18xx.ae674 : soc_xwr18xx_dss.oe674 (.const:.string)
                  008177d0    00000038     libedma_xwr18xx.ae674 : edma_xwr1xxx.oe674 (.const:gEdmaHwAttrs)
                  00817808    00000034     link_testcase_config.oe674 (.const:txGainPhMisMatchMonCfg)
                  0081783c    00000030     dss_pe674.oe674 (.const:ti_sysbios_family_c64p_Hwi_Object__PARAMS__C)
                  0081786c    0000002c     link_test.oe674 (.const:$P$T1$2)
                  00817898    0000002c     link_test.oe674 (.const:$P$T4$5)
                  008178c4    0000002c     ti.targets.rts6000.ae674 : Startup.oe674 (.const:.string)
                  008178f0    0000002c     dss_pe674.oe674 (.const:xdc_runtime_Startup_sfxnTab__A)
                  0081791c    00000004     libmmwavelink_xwr18xx.ae674 : rl_sensor.oe674 (.const:$P$T55$56)
                  00817920    00000028     link_testcase_config.oe674 (.const:chirpCfg)
                  00817948    00000028     dss_pe674.oe674 (.const:ti_sysbios_heaps_HeapMem_Module__FXNS__C)
                  00817970    00000024     rts6740_elf.lib : _printfi.c.obj (.const:.string)
                  00817994    00000024     libmailbox_xwr18xx.ae674 : mailbox.oe674 (.const:Mailbox_defaultCfg)
                  008179b8    00000024     dss_pe674.oe674 (.const:ti_sysbios_gates_GateHwi_Module__FXNS__C)
                  008179dc    00000024     dss_pe674.oe674 (.const:ti_sysbios_gates_GateMutex_Module__FXNS__C)
[...]
00818340  ti_sysbios_knl_Clock_LM_tick__C                              
00818344  ti_sysbios_knl_Clock_LW_delayed__C                           
00818348  ti_sysbios_knl_Clock_Module_State_clockQ__O                  
0081834c  ti_sysbios_knl_Clock_Module__diagsEnabled__C                 
00818350  ti_sysbios_knl_Clock_Module__diagsIncluded__C                
00818354  ti_sysbios_knl_Clock_Module__diagsMask__C                    
00818358  ti_sysbios_knl_Clock_Module__loggerFxn1__C                   
0081835c  ti_sysbios_knl_Clock_Module__loggerFxn2__C                   
00818360  ti_sysbios_knl_Clock_Module__loggerObj__C                    
00818364  ti_sysbios_knl_Semaphore_A_badContext__C                     
00818368  ti_sysbios_knl_Idle_funcList__A                              
0081836c  ti_sysbios_knl_Semaphore_A_noEvents__C                       
00818370  ti_sysbios_knl_Semaphore_A_overflow__C                       
00818374  ti_sysbios_knl_Semaphore_A_pendTaskDisabled__C               
00818378  ti_sysbios_knl_Semaphore_Instance_State_pendQ__O             
0081837c  ti_sysbios_knl_Semaphore_LM_pend__C                          
00818380  ti_sysbios_knl_Semaphore_LM_post__C                          
00818384  ti_sysbios_knl_Semaphore_Module__diagsEnabled__C             
00818388  ti_sysbios_knl_Semaphore_Module__diagsIncluded__C            
0081838c  ti_sysbios_knl_Semaphore_Module__diagsMask__C                
00818390  ti_sysbios_knl_Semaphore_Module__loggerFxn2__C               
00818394  ti_sysbios_knl_Semaphore_Module__loggerFxn4__C               
00818398  ti_sysbios_knl_Semaphore_Module__loggerObj__C                
0081839c  ti_sysbios_knl_Swi_LD_end__C                                 
008183a0  ti_sysbios_knl_Swi_LM_begin__C                               
008183a4  ti_sysbios_knl_Swi_LM_post__C                                
008183a8  ti_sysbios_knl_Swi_Module__diagsEnabled__C                   
008183ac  ti_sysbios_knl_Swi_Module__diagsIncluded__C                  
008183b0  ti_sysbios_knl_Swi_Module__diagsMask__C                      
008183b4  ti_sysbios_knl_Swi_Module__loggerFxn1__C                     
008183b8  ti_sysbios_knl_Swi_Module__loggerFxn4__C                     
008183bc  ti_sysbios_knl_Swi_Module__loggerObj__C                      
008183c0  ti_sysbios_knl_Swi_Object__count__C                          
008183c4  ti_sysbios_knl_Task_A_badPriority__C                         
008183c8  ti_sysbios_knl_Task_A_badTaskState__C                        
008183cc  ti_sysbios_knl_Task_A_badThreadType__C                       
008183d0  ti_sysbios_knl_Task_A_badTimeout__C                          
008183d4  ti_sysbios_knl_Task_A_noPendElem__C                          
008183d8  ti_sysbios_knl_Task_A_sleepTaskDisabled__C                   
008183dc  ti_sysbios_knl_Task_E_spOutOfBounds__C                       
008183e0  ti_sysbios_knl_Task_E_stackOverflow__C                       
008183e4  ti_sysbios_knl_Task_LD_block__C                              
008183e8  ti_sysbios_knl_Task_LD_exit__C                               
008183ec  ti_sysbios_knl_Task_LD_ready__C                              
008183f0  ti_sysbios_knl_Task_LM_sleep__C                              
008183f4  ti_sysbios_knl_Task_LM_switch__C                             
008183f8  ti_sysbios_knl_Task_Module_State_inactiveQ__O                
008183fc  ti_sysbios_knl_Task_Module__diagsEnabled__C                  
00818400  ti_sysbios_knl_Task_Module__diagsIncluded__C                 
00818404  ti_sysbios_knl_Task_Module__diagsMask__C                     
00818408  ti_sysbios_knl_Task_Module__loggerFxn2__C                    
0081840c  ti_sysbios_knl_Task_Module__loggerFxn4__C                    
00818410  ti_sysbios_knl_Task_Module__loggerObj__C                     
00818414  ti_sysbios_knl_Task_Object__count__C                         
00818418  ti_sysbios_knl_Task_allBlockedFunc__C                        
0081841c  ti_sysbios_knl_Task_defaultStackHeap__C                      
00818420  ti_sysbios_knl_Task_defaultStackSize__C                      
00818424  ti_sysbios_knl_Task_numConstructedTasks__C                   
00818428  ti_sysbios_timers_rti_Timer_E_cannotSupport__C               
0081842c  ti_sysbios_timers_rti_Timer_Module__diagsEnabled__C          
00818430  ti_sysbios_timers_rti_Timer_Module__diagsIncluded__C         
00818434  ti_sysbios_timers_rti_Timer_Module__diagsMask__C             
00818438  ti_sysbios_timers_rti_Timer_numTimerDevices__C               
0081843c  ti_sysbios_timers_rti_Timer_startupNeeded__C                 
00818440  txGainTempLutReadCfg                                         
00818444  xdc_runtime_Assert_E_assertFailed__C                         
00818448  xdc_runtime_Core_A_initializedParams__C                      
0081844c  xdc_runtime_Core_Module__diagsEnabled__C                     
00818450  xdc_runtime_Core_Module__diagsIncluded__C                    
00818454  xdc_runtime_Core_Module__diagsMask__C                        
00818458  xdc_runtime_Error_E_memory__C                                
0081845c  xdc_runtime_Error_Module__diagsEnabled__C                    
00818460  xdc_runtime_Error_Module__diagsIncluded__C                   
00818464  xdc_runtime_Error_Module__diagsMask__C                       
00818468  xdc_runtime_Error_Module__loggerFxn8__C                      
0081846c  xdc_runtime_Error_Module__loggerObj__C                       
00818470  xdc_runtime_Error_policyFxn__C                               
00818474  xdc_runtime_Error_policy__C                                  
00818478  xdc_runtime_Error_raiseHook__C                               
0081847c  xdc_runtime_IGateProvider_Interface__BASE__C                 
00818480  xdc_runtime_IHeap_Interface__BASE__C                         
00818484  xdc_runtime_IModule_Interface__BASE__C                       
00818488  xdc_runtime_Log_L_error__C                                   
0081848c  xdc_runtime_Memory_defaultHeapInstance__C                    
00818490  xdc_runtime_Startup_execImpl__C                              
00818494  xdc_runtime_Startup_maxPasses__C                             
00818498  xdc_runtime_Startup_sfxnRts__C                               
0081849c  xdc_runtime_Startup_sfxnTab__C                               
008184a0  xdc_runtime_System_Module__gateObj__C                        
008184a4  xdc_runtime_System_abortFxn__C                               
008184a8  xdc_runtime_System_exitFxn__C                                
008184ac  xdc_runtime_System_extendFxn__C                              
008184b0  xdc_runtime_System_maxAtexitHandlers__C                      
008184b4  xdc_runtime_Text_charTab__C                                  
008184b8  xdc_runtime_Text_nameEmpty__C                                
008184bc  xdc_runtime_Text_nameStatic__C                               
008184c0  xdc_runtime_Text_nameUnknown__C                              
008184c4  xdc_runtime_Text_nodeTab__C                                  
008184c8  xdc_runtime_Text_visitRopeFxn__C                             
008184cc  ti_sysbios_family_c64p_Exception_useInternalBuffer__C        
008184ce  ti_sysbios_family_c64p_Hwi_Module__id__C                     
008184d0  ti_sysbios_family_c64p_Hwi_Module__loggerDefined__C          
008184d2  ti_sysbios_gates_GateMutex_Module__id__C                     
008184d4  ti_sysbios_hal_Hwi_Module__id__C                             
008184d6  ti_sysbios_heaps_HeapMem_Module__id__C                       
008184d8  ti_sysbios_knl_Clock_Module__id__C                           
008184da  ti_sysbios_knl_Clock_Module__loggerDefined__C                
008184dc  ti_sysbios_knl_Semaphore_Module__id__C                       
008184de  ti_sysbios_knl_Semaphore_Module__loggerDefined__C            
008184e0  ti_sysbios_knl_Swi_Module__id__C                             
008184e2  ti_sysbios_knl_Swi_Module__loggerDefined__C                  
008184e4  ti_sysbios_knl_Task_Module__id__C                            
008184e6  ti_sysbios_knl_Task_Module__loggerDefined__C                 
008184e8  ti_sysbios_timers_rti_Timer_Module__id__C                    
008184ea  ti_sysbios_timers_rti_Timer_continueOnSuspend__C             
008184ec  xdc_runtime_Core_Module__id__C                               
008184ee  xdc_runtime_Error_Module__loggerDefined__C                   
008184f0  xdc_runtime_Error_maxDepth__C                                
008184f2  xdc_runtime_Main_Module__id__C                               
008184f4  xdc_runtime_Memory_Module__id__C                             
008184f6  xdc_runtime_Text_charCnt__C                                  
008184f8  xdc_runtime_Text_isLoaded__C                                 
008184fa  xdc_runtime_Text_registryModsLastId__C                       
008184fc  xdc_runtime_Text_unnamedModsLastId__C                        
00818500  ti_sysbios_family_c64p_EventCombiner_Module__state__V        
00818900  calibData                                                    
00818bac  gMonDataAeStrct                                              
00819038  _ftable                                                      
00819218  phShiftCalibData                                             
008193a4  rl_rxMsg                                                     
008194a4  rl_txMsg                                                     
008195a4  _lock                                                        
008195a8  getChirpCfg                                                  
00819670  advFrameCfg                                                  
00819728  _stream                                                      
008197c8  ti_sysbios_knl_Swi_Module_State_0_readyQ__A                  
00819848  ti_sysbios_knl_Task_Module_State_0_readyQ__A                 
008198c8  _device                                                      
00819940  ti_sysbios_family_c64p_Hwi_Module__state__V                  
008199ac  _unlock                                                      
008199b0  ti_sysbios_knl_Task_Object__table__V                         
00819a0c  gMailboxMCB                                                  
00819a5c  retryNegativeTestCfg                                         
00819a60  monAeCnt                                                     
00819ab0  monFailRepCheck                                              
00819b00  rcvGpAdcData                                                 
00819b48  ti_sysbios_knl_Task_Module__state__V                         
00819b90  ti_sysbios_gates_GateMutex_Object__table__V                  
00819bd0  txGainTempLutData                                            
00819c10  ti_sysbios_timers_rti_Timer_Object__table__V                 
00819c4c  ti_sysbios_family_c64p_Exception_Module__state__V            
00819c7c  __TI_ft_end                                                  
00819c80  ti_sysbios_knl_Swi_Object__table__V                          
00819cb0  ti_sysbios_knl_Clock_Module__state__V                        
00819cdc  ti_sysbios_BIOS_Module__state__V                             
00819d00  gSOCHwAttrib                                                 
00819d20  xdc_runtime_Error_IgnoreBlock                                
00819d40  xdc_runtime_System_Module_State_0_atexitHandlers__A          
00819d60  ti_sysbios_knl_Swi_Module__state__V                          
00819d7c  __errno                                                      
00819d7c  errno                                                        
00819d80  ADCBuf_config                                                
00819d98  frameCfg                                                     
00819db0  gMailboxDssBssHwCfg                                          
00819dc8  gMailboxDssMssHwCfg                                          
00819de0  rxGainTempLutData                                            
00819df8  ti_sysbios_family_c64p_Hwi_Object__table__V                  
00819e10  ti_sysbios_heaps_HeapMem_Object__table__V                    
00819e28  ti_sysbios_timers_rti_Timer_Module_State_0_device__A         
00819e40  ti_sysbios_timers_rti_Timer_Module_State_0_intFreqs__A       
00819e50  ti_sysbios_timers_rti_Timer_Module__state__V                 
00819e60  tx0BpmMonCfg                                                 
00819e70  tx0PowMonCfg                                                 
00819e80  tx1BpmMonCfg                                                 
00819e90  tx1PowMonCfg                                                 
00819ea0  tx2BpmMonCfg                                                 
00819eb0  tx2PowMonCfg                                                 
00819ec0  rfDevCfg                                                     
00819ecc  __TI_cleanup_ptr                                             
00819ed0  __TI_dtors_ptr                                               
00819ed4  __TI_enable_exit_profile_output                              
00819ed8  tx0BallBreakMonCfg                                           
00819ee4  tx1BallBreakMonCfg                                           
00819ef0  tx2BallBreakMonCfg                                           
00819efc  ti_sysbios_family_c64p_Cache_Module__state__V                
00819f00  errorStatusCnt                                               
00819f0a  xdc_runtime_Error_Module__state__V                           
00819f0c  ti_sysbios_family_c64p_Hwi_Module__root__V                   
00819f14  ti_sysbios_gates_GateHwi_Module__root__V                     
00819f1c  ti_sysbios_gates_GateMutex_Module__root__V                   
00819f24  ti_sysbios_heaps_HeapBuf_Module__state__V                    
00819f28  ti_sysbios_hal_Hwi_Object__table__V                          
00819f30  ti_sysbios_heaps_HeapMem_Module__root__V                     
00819f38  ti_sysbios_knl_Queue_Module__root__V                         
00819f40  ti_sysbios_knl_Semaphore_Module__root__V                     
00819f48  ti_sysbios_knl_Task_Module__root__V                          
00819f50  ti_sysbios_timers_rti_Timer_Module_State_0_handles__A        
00819f58  tx0IntAnaSigMonCfg                                           
00819f60  tx1IntAnaSigMonCfg                                           
00819f68  tx2IntAnaSigMonCfg                                           
00819f70  xdc_runtime_Registry_Module__state__V                        
00819f78  xdc_runtime_Startup_Module__state__V                         
00819f80  xdc_runtime_System_Module__state__V                          
00819f88  ti_sysbios_gates_GateHwi_Object__table__V                    
00819f8c  xdc_runtime_Memory_Module__state__V                          
00819f90  ti_sysbios_knl_Task_Module_State_0_idleTask__A               
00819f98  _stack                                                       
0081af98  __TI_STACK_END                                               
0081af98  ti_sysbios_knl_Task_Instance_State_0_stack__A                
0081bc70  __TI_tmpnams                                                 
0081bdb0  gLinkSemParams                                               
0081bdd4  gMmwaveLinkMCB                                               
0081bdec  edmaDbg                                                      
0081be00  avgChirpTimeInterval                                         
0081be08  parmbuf                                                      
0081bf90  __CIOBUF_                                                    
0081c0b0  __TI_STATIC_BASE                                             
0081c0b0  gLinkChirpCnt                                                
0081c0b4  gLinkFrameCnt                                                
0081c0b8  dynChirpTestStatus                                           
0081c0bc  gCqTestResult                                                
0081c0c0  gCpTestResult                                                
0081c0c4  gDynChirpConfigNum                                           
0081c0c5  chirpMissedError                                             
0081c0c8  framePeriodicity                                             
0081c0cc  frameCount                                                   
0081c0d0  chirpCount                                                   
0081c0d4  gMonitorHdrCnt                                               
0081c0d8  gInitTimeCalibStatus                                         
0081c0dc  gRunTimeCalibStatus                                          
0081c0e0  gFrameStartStatus                                            
0081c0e4  gMmwlChecksumFailAsyncEvent                                  
0081c0e8  gMmwlCrcFailAsyncEvent                                       
0081c0ec  gMonitoringStatus                                            
0081c0ee  isGetGpAdcMeasData                                           
0081c0ef  eDMADataTransferDone                                         
0081c0f0  hit_count                                                    
0081c0f2  cqTestStatus                                                 
0081c0f3  cpTestStatus                                                 
0081c0f4  gMCPILogMessageSize                                          
0081c0f8  gLinkMonitoringTest                                          
0081c0f9  gLinkCalibTest                                               
0081c0fa  gLinkAdvanceFrameTest                                        
0081c0fb  cqDataVerifyTest                                             
0081c0fc  gLinkContModeTest                                            
0081c0fd  gDynamicChirpTest                                            
0081c0fe  gLinkBpmEnableTest                                           
0081c0ff  gLinkProgFiltTest                                            
0081c100  gLinkSubFrameTrigTest                                        
0081c101  gLinkEnableTx2                                               
0081c102  gLinkDig1TempSensor                                          
0081c104  MCPI_Result                                                  
0081c108  MCPI_FailSignature                                           
0081c114  gCRCRegister                                                 
0081c118  regionId                                                     
0081c11c  anaMonEn                                                     
0081c120  EdmaHandle                                                   
0081c124  adcbufHandle                                                 
0081c128  gLinkFrameSem                                                
0081c12c  g_MailboxInterruptFunc                                       
0081c130  lastChirpIntTimeStamp                                        
0081c134  monTestCase                                                  
0081c138  monTestPassFlag                                              
ffffffff  __TI_pprof_out_hndl                                          
ffffffff  __TI_prof_data_size                                          
ffffffff  __TI_prof_data_start                                         
ffffffff  __binit__                                                    
ffffffff  __c_args__                                                   
ffffffff  binit                                                        
UNDEFED   __TI_CINIT_Base                                              
UNDEFED   __TI_CINIT_Limit                                             
UNDEFED   __TI_Handler_Table_Base                                      
UNDEFED   __TI_Handler_Table_Limit                                     
UNDEFED   __TI_INITARRAY_Base                                          
UNDEFED   __TI_INITARRAY_Limit                                         
UNDEFED   __TI_TLS_INIT_Base                                           
UNDEFED   __TI_TLS_INIT_Limit                                          

[1086 symbols]
