******************************************************************************
                  TI ARM Linker Unix v16.9.6                   
******************************************************************************
>> Linked Fri Oct  2 10:29:03 2020

OUTPUT FILE NAME:   <test/xwr68xx/xwr68xx_link_mss.xer4f>
ENTRY POINT SYMBOL: "_c_int00"  address: 00011f84


MEMORY CONFIGURATION

         name            origin    length      used     unused   attr    fill
----------------------  --------  ---------  --------  --------  ----  --------
PAGE 0:
  VECTORS               00000000   00000100  0000003c  000000c4     X
  PROG_RAM              00000100   0007ff00  00019d60  000661a0  R  X
  DATA_RAM              08000000   00030000  0000f346  00020cba  RW  
  L3_RAM                51000000   000c0000  00000000  000c0000  RW  
  HWA_RAM               52030000   00010000  00000000  00010000  RW  
  HS_RAM                52080000   00008000  00000000  00008000  RW  

PAGE 1:
  L3_RAM                51000000   000c0000  00000000  000c0000  RW  


SEGMENT ALLOCATION MAP

run origin  load origin   length   init length attrs members
----------  ----------- ---------- ----------- ----- -------
00000000    00000000    0000003c   0000003c    r--
  00000000    00000000    0000003c   0000003c    r-- .vecs
00000100    00000100    00019d68   00019d68    r-x
  00000100    00000100    00016002   00016002    r-x .text
  00016104    00016104    00003a3e   00003a3e    r-- .const
  00019b48    00019b48    00000320   00000320    r-- .cinit
08000000    08000000    0000f348   00000000    rw-
  08000000    08000000    00008000   00000000    rw- systemHeap
  08008000    08008000    00002400   00000000    rw- .MCPILogBuffer
  0800a400    0800a400    00001f20   00000000    rw- .bss
  0800c320    0800c320    00001826   00000000    rw- .data
  0800db48    0800db48    00001000   00000000    rw- .stack
  0800eb48    0800eb48    00000800   00000000    rw- .myFiqStack


SECTION ALLOCATION MAP

 output                                  attributes/
section   page    origin      length       input sections
--------  ----  ----------  ----------   ----------------
.vecs      0    00000000    0000003c     
                  00000000    0000003c     mss_per4ft.oer4ft (.vecs)

.myFiqStack 
*          0    0800eb48    00000800     UNINITIALIZED
                  0800eb48    00000800     mss_per4ft.oer4ft (.myFiqStack)

xdc.meta   0    00000000    0000010b     COPY SECTION
                  00000000    0000010b     mss_per4ft.oer4ft (xdc.meta)

.text      0    00000100    00016002     
                  00000100    00001434     mmwavelink_test_common.oer4f (.text:MmwaveLink_startTest)
                  00001534    0000107a     rtsv7R4_T_le_v3D16_eabi.lib : _printfi.obj (.text)
                  000025ae    00000002     libadcbuf_xwr68xx.aer4f : adcbuf_mmwave.oer4f (.text:ADCBUF_MMWave_init)
                  000025b0    00001004     link_test_monitoring.oer4f (.text:MmwaveLink_CheckMonitoringReport)
                  000035b4    00000917     link_test.oer4f (.text:MmwaveLink_asyncEventHandler)
                  00003ecb    00000001     --HOLE-- [fill = 0]
                  00003ecc    0000070e     link_test_monitoring.oer4f (.text:MmwaveLink_monitoring)
                  000045da    00000002     link_test.oer4f (.text:MmwaveLink_maskHostIRQ)
                  000045dc    0000063c     link_test_monitoring.oer4f (.text:MmwaveLink_printMonitoringResult)
                  00004c18    00000008     libosal_xwr68xx.aer4f : HwiP_tirtos.oer4f (.text:HwiP_disable)
                  00004c20    000004e1     sysbios.aer4ft : BIOS.obj (.text:xdc_runtime_System_doPrint__I)
                  00005101    00000001     --HOLE-- [fill = 0]
                  00005102    00000002     rtsv7R4_T_le_v3D16_eabi.lib : i_div0.obj (.text)
                  00005104    000004a8     libadcbuf_xwr68xx.aer4f : adcbuf_mmwave.oer4f (.text:ADCBUF_MMWave_control)
                  000055ac    00000338     main_mss.oer4f (.text:main)
                  000058e4    00000314     libsoc_xwr68xx.aer4f : soc_xwr68xx_mss.oer4f (.text:SOC_deviceInit)
                  00005bf8    00000008     libosal_xwr68xx.aer4f : SemaphoreP_tirtos.oer4f (.text:SemaphoreP_Params_init)
                  00005c00    00000310     sysbios.aer4ft : BIOS.obj (.text:ti_sysbios_knl_Semaphore_pend__E)
                  00005f10    000002b8     rtsv7R4_T_le_v3D16_eabi.lib : ull_div32.obj (.text)
                  000061c8    00000008     libmmwavelink_xwr68xx.aer4f : rl_driver.oer4f (.text:rlDriverConstructOutMsg)
                  000061d0    000002a4     sysbios.aer4ft : BIOS.obj (.text:ti_sysbios_heaps_HeapMem_freeUnprotected__E)
                  00006474    00000298     link_test.oer4f (.text:MmwaveLink_initLink)
                  0000670c    00000004     libosal_xwr68xx.aer4f : HwiP_tirtos.oer4f (.text:HwiP_disableInterrupt)
                  00006710    00000280     sysbios.aer4ft : BIOS.obj (.text:ti_sysbios_family_arm_exc_Exception_excDumpContext__I)
                  00006990    0000026c     link_test.oer4f (.text:MmwaveLink_getDynChirpConfig)
                  00006bfc    00000004     libosal_xwr68xx.aer4f : HwiP_tirtos.oer4f (.text:HwiP_enableInterrupt)
                  00006c00    00000268     sysbios.aer4ft : BIOS.obj (.text:ti_sysbios_knl_Task_Instance_finalize__E)
                  00006e68    00000260     libmailbox_xwr68xx.aer4f : mailbox.oer4f (.text:Mailbox_open)
                  000070c8    00000008     libmmwavelink_xwr68xx.aer4f : rl_driver.oer4f (.text:rlDriverGetHandle)
                  000070d0    00000228     sysbios.aer4ft : BIOS.obj (.text:ti_sysbios_heaps_HeapMem_allocUnprotected__E)
                  000072f8    00000008                    : BIOS.obj (.text:ti_sysbios_family_arm_v7a_Pmu_getEnabled__E)
                  00007300    00000220                    : BIOS.obj (.text:ti_sysbios_knl_Task_sleep__E)
                  00007520    00000200     libcrc_xwr68xx.aer4f : crc.oer4f (.text:CRC_open)
                  00007720    000001f0     link_test.oer4f (.text:MmwaveLink_computeCRC)
                  00007910    000001e4     sysbios.aer4ft : BIOS.obj (.text:ti_sysbios_family_arm_v7r_vim_Hwi_dispatchIRQC__I)
                  00007af4    0000000c     libedma_xwr68xx.aer4f : edma_low_level.oer4f (.text:EDMA3ChannelToParamMap)
                  00007b00    000001dc     sysbios.aer4ft : BIOS.obj (.text:ti_sysbios_knl_Task_Module_startup__E)
                  00007cdc    000001c8     libmmwavelink_xwr68xx.aer4f : rl_driver.oer4f (.text:rlDriverRxHdrRead)
                  00007ea4    000001c8     rtsv7R4_T_le_v3D16_eabi.lib : fopen.obj (.text)
                  0000806c    00000004     link_test.oer4f (.text:MmwaveLink_enableDevice)
                  00008070    000001c8     sysbios.aer4ft : BIOS.obj (.text:ti_sysbios_knl_Task_Instance_init__E)
                  00008238    000001c0     libedma_xwr68xx.aer4f : edma.oer4f (.text:EDMA_open)
                  000083f8    000001bc     link_test.oer4f (.text:MmwaveLink_getProfileConfig)
                  000085b4    000001b0     libmmwavelink_xwr68xx.aer4f : rl_driver.oer4f (.text:rlDriverMsgRead)
                  00008764    000001ac     link_test.oer4f (.text:mmwaveLink_getTemperatureReport)
                  00008910    000001a8     link_test_monitoring.oer4f (.text:MmwaveLink_monTest1)
                  00008ab8    000001a8     link_test.oer4f (.text:MmwaveLink_negativeTest)
                  00008c60    000001a8     mmwavelink_test_common.oer4f (.text:MmwaveLink_subframeStart)
                  00008e08    000001a5     link_test.oer4f (.text:MmwaveLink_getVersion)
                  00008fad    00000001     --HOLE-- [fill = 0]
                  00008fae    00000002     mss_per4ft.oer4ft (.text:ti_sysbios_BIOS_nullFunc__I)
                  00008fb0    000001a0     link_test.oer4f (.text:MmwaveLink_adcBufConfig)
                  00009150    0000019c     sysbios.aer4ft : BIOS.obj (.text:xdc_runtime_Error_policyDefault__E)
                  000092ec    00000190     libmmwavelink_xwr68xx.aer4f : rl_driver.oer4f (.text:rlDriverCmdInvoke)
                  0000947c    00000188     libedma_xwr68xx.aer4f : edma.oer4f (.text:EDMA_configChannel)
                  00009604    0000000c                           : edma_low_level.oer4f (.text:EDMAsetRegion)
                  00009610    00000184     sysbios.aer4ft : BIOS.obj (.text:ti_sysbios_timers_rti_Timer_Module_startup__E)
                  00009794    0000000c     osi_tirtos.oer4f (.text:Osal_mutexLock)
                  000097a0    0000017c     sysbios.aer4ft : BIOS.obj (.text:ti_sysbios_family_arm_exc_Exception_excHandler__I)
                  0000991c    00000004     link_test.oer4f (.text:MmwaveLink_unmaskHostIRQ)
                  00009920    0000017c     sysbios.aer4ft : BIOS.obj (.text:ti_sysbios_knl_Semaphore_post__E)
                  00009a9c    00000004     mss_per4ft.oer4ft (.text:ti_sysbios_BIOS_RtsGateProxy_enter__E)
                  00009aa0    00000160     sysbios.aer4ft : BIOS.obj (.text:ti_sysbios_family_arm_v7r_vim_Hwi_reconfig__E)
                  00009c00    00000158     link_test_monitoring.oer4f (.text:MmwaveLink_verifyRxGainPhRep)
                  00009d58    00000148     link_test.oer4f (.text:MmwaveLink_getFrameConfig)
                  00009ea0    00000148     libmmwavelink_xwr68xx.aer4f : rl_driver.oer4f (.text:rlDriverCmdSendRetry)
                  00009fe8    00000006     libosal_xwr68xx.aer4f : CycleprofilerP_tirtos.oer4f (.text:CycleprofilerP_getTimeStamp)
                  00009fee    00000002     mss_per4ft.oer4ft (.text:xdc_runtime_Startup_reset__I)
                  00009ff0    00000140     sysbios.aer4ft : BIOS.obj (.text:ti_sysbios_heaps_HeapMem_Instance_init__E)
                  0000a130    00000140                    : BIOS.obj (.text:xdc_runtime_Core_createObject__I)
                  0000a270    0000013c                    : BIOS.obj (.text:ti_sysbios_knl_Clock_workFunc__E)
                  0000a3ac    00000138     rtsv7R4_T_le_v3D16_eabi.lib : fputs.obj (.text)
                  0000a4e4    00000134     libadcbuf_xwr68xx.aer4f : adcbuf_mmwave.oer4f (.text:ADCBUF_MMWave_open)
                  0000a618    00000006     libedma_xwr68xx.aer4f : edma_low_level.oer4f (.text:EDMA3ClrCCErr)
                  0000a61e    00000002     --HOLE-- [fill = 0]
                  0000a620    00000134     sysbios.aer4ft : BIOS.obj (.text:xdc_runtime_Startup_startMods__I)
                  0000a754    00000130     link_test.oer4f (.text:MmwaveLink_getAdvFrameConfig)
                  0000a884    00000124     libedma_xwr68xx.aer4f : edma.oer4f (.text:EDMA_init)
                  0000a9a8    00000120     libtestlogger_xwr68xx.aer4f : logger.oer4f (.text:MCPI_setFeatureTestResult)
                  0000aac8    00000120     libmmwavelink_xwr68xx.aer4f : rl_sensor.oer4f (.text:rlGetChirpConfig)
                  0000abe8    0000011c     link_test.oer4f (.text:MmwaveLink_rlSetLoopBackBurstCfg)
                  0000ad04    0000000c     osi_tirtos.oer4f (.text:Osal_mutexUnlock)
                  0000ad10    00000118     sysbios.aer4ft : BIOS.obj (.text:ti_sysbios_family_arm_v7r_vim_Hwi_Instance_init__E)
                  0000ae28    00000006     libedma_xwr68xx.aer4f : edma_low_level.oer4f (.text:EDMA3ErrIntrHighStatusGet)
                  0000ae2e    00000002     --HOLE-- [fill = 0]
                  0000ae30    00000118     sysbios.aer4ft : BIOS.obj (.text:ti_sysbios_knl_Swi_run__I)
                  0000af48    00000110     libedma_xwr68xx.aer4f : edma.oer4f (.text:EDMA_transferComplete_isr)
                  0000b058    00000110     link_test.oer4f (.text:MmwaveLink_VerifyCPData)
                  0000b168    00000006     libedma_xwr68xx.aer4f : edma_low_level.oer4f (.text:EDMA3GetCCErrStatus)
                  0000b16e    00000002     --HOLE-- [fill = 0]
                  0000b170    0000010c     sysbios.aer4ft : BIOS.obj (.text:xdc_runtime_Core_constructObject__I)
                  0000b27c    00000108     libmailbox_xwr68xx.aer4f : mailbox.oer4f (.text:Mailbox_write)
                  0000b384    0000000c     osi_tirtos.oer4f (.text:Osal_semSignal)
                  0000b390    00000104     sysbios.aer4ft : BIOS.obj (.text:ti_sysbios_timers_rti_Timer_getFreq__E)
                  0000b494    00000100     libmmwavelink_xwr68xx.aer4f : rl_driver.oer4f (.text:rlDriverInit)
                  0000b594    000000fc     libcrc_xwr68xx.aer4f : crc.oer4f (.text:CRC_computeSignature)
                  0000b690    000000f8     libmmwavelink_xwr68xx.aer4f : rl_driver.oer4f (.text:rlDriverRdVerifyMsg)
                  0000b788    000000f8     mss_per4ft.oer4ft (.text:xdc_runtime_System_printfExtend__I)
                  0000b880    000000f0     sysbios.aer4ft : BIOS.obj (.text:ti_sysbios_family_arm_v7r_vim_Hwi_Module_startup__E)
                  0000b970    000000ec     link_test.oer4f (.text:MmwaveLink_progFilterConfig)
                  0000ba5c    000000ec     rtsv7R4_T_le_v3D16_eabi.lib : s_scalbn.obj (.text)
                  0000bb48    00000006     libedma_xwr68xx.aer4f : edma_low_level.oer4f (.text:EDMA3GetErrIntrStatus)
                  0000bb4e    00000002     --HOLE-- [fill = 0]
                  0000bb50    000000ec     sysbios.aer4ft : BIOS.obj (.text:ti_sysbios_heaps_HeapBuf_Module_startup__E)
                  0000bc3c    000000e8     link_test.oer4f (.text:MmwaveLink_mboxOpen)
                  0000bd24    000000e8     libmmwavelink_xwr68xx.aer4f : rl_sensor.oer4f (.text:rlGetFrameConfig)
                  0000be0c    000000e8                                 : rl_sensor.oer4f (.text:rlRfCalibDataStore)
                  0000bef4    000000e8                                 : rl_sensor.oer4f (.text:rlRfPhShiftCalibDataStore)
                  0000bfdc    000000e4                                 : rl_sensor.oer4f (.text:rlRfPhShiftCalibDataRestore)
                  0000c0c0    000000e2     libedma_xwr68xx.aer4f : edma.oer4f (.text:EDMA_paramConfig_assist)
                  0000c1a2    00000002     --HOLE-- [fill = 0]
                  0000c1a4    000000e0     link_test.oer4f (.text:mmwaveLink_testSourceConfig)
                  0000c284    000000dc     libmmwavelink_xwr68xx.aer4f : rl_driver.oer4f (.text:rlDriverMsgCmdReply)
                  0000c360    000000dc     rtsv7R4_T_le_v3D16_eabi.lib : setvbuf.obj (.text)
                  0000c43c    000000d8     link_test.oer4f (.text:MmwaveLink_ConfigEdma)
                  0000c514    000000d8     libmmwavelink_xwr68xx.aer4f : rl_sensor.oer4f (.text:rlGetAdvFrameConfig)
                  0000c5ec    000000d4     libmailbox_xwr68xx.aer4f : mailbox.oer4f (.text:Mailbox_read)
                  0000c6c0    000000d4     link_test.oer4f (.text:MmwaveLink_VerifyCQData)
                  0000c794    000000d4     link_test_monitoring.oer4f (.text:MmwaveLink_setRfPmClkLoIntAnaSignalsMonConfig)
                  0000c868    000000d4     libmmwavelink_xwr68xx.aer4f : rl_sensor.oer4f (.text:rlSetMultiBpmChirpConfig)
                  0000c93c    00000004     mss_per4ft.oer4ft (.text:ti_sysbios_BIOS_RtsGateProxy_leave__E)
                  0000c940    000000d4     sysbios.aer4ft : BIOS.obj (.text:ti_sysbios_knl_Task_exit__E)
                  0000ca14    0000000c     osi_tirtos.oer4f (.text:Osal_semWait)
                  0000ca20    000000d4     sysbios.aer4ft : BIOS.obj (.text:ti_sysbios_knl_Task_schedule__I)
                  0000caf4    000000d0     link_test_monitoring.oer4f (.text:MmwaveLink_rlRfDigMonPeriodicConfig)
                  0000cbc4    000000d0     link_test_monitoring.oer4f (.text:MmwaveLink_setRfPllContrlVoltMonConfig)
                  0000cc94    000000d0     libmmwavelink_xwr68xx.aer4f : rl_sensor.oer4f (.text:rlSetMultiChirpCfg)
                  0000cd64    000000d0     sysbios.aer4ft : exc_Exception_asm.obj (.text:ti_sysbios_family_arm_exc_Exception_excHandlerAsm__I)
                  0000ce34    000000cc     link_test.oer4f (.text:MmwaveLink_sensorStop)
                  0000cf00    000000cc     link_test.oer4f (.text:mmwaveLink_getDieIdStaus)
                  0000cfcc    000000cc     libmmwavelink_xwr68xx.aer4f : rl_sensor.oer4f (.text:rlRfCalibDataRestore)
                  0000d098    000000cc                                 : rl_sensor.oer4f (.text:rlRfSetPhaseShiftConfig)
                  0000d164    000000cc                                 : rl_sensor.oer4f (.text:rlSetChirpConfig)
                  0000d230    000000cc     rtsv7R4_T_le_v3D16_eabi.lib : fflush.obj (.text)
                  0000d2fc    00000004     mss_per4ft.oer4ft (.text:ti_sysbios_family_arm_TaskSupport_Module__startupDone__S)
                  0000d300    000000cc     sysbios.aer4ft : BIOS.obj (.text:ti_sysbios_knl_Task_checkStacks__E)
                  0000d3cc    000000c8     libsoc_xwr68xx.aer4f : soc_xwr68xx.oer4f (.text:SOC_ungateClock)
                  0000d494    000000c8     libmmwavelink_xwr68xx.aer4f : rl_sensor.oer4f (.text:rlSetDynPerChirpPhShifterCfg)
                  0000d55c    000000c8                                 : rl_sensor.oer4f (.text:rlSetFrameConfig)
                  0000d624    0000000c     sysbios.aer4ft : arm_IntrinsicsSupport_asm.obj (.text:_ti_sysbios_family_arm_IntrinsicsSupport_maxbitA)
                  0000d630    000000c8                    : BIOS.obj (.text:ti_sysbios_knl_Task_postInit__I)
                  0000d6f8    000000c4     link_test_monitoring.oer4f (.text:MmwaveLink_setRfGpadcIntAnaSignalsMonConfig)
                  0000d7bc    00000004     mss_per4ft.oer4ft (.text:ti_sysbios_family_arm_v7r_vim_Hwi_delete)
                  0000d7c0    000000c4     sysbios.aer4ft : BIOS.obj (.text:ti_sysbios_family_arm_v7a_Pmu_configureCounter__E)
                  0000d884    000000c1     link_test_monitoring.oer4f (.text:MmwaveLink_setRfRxIntAnaSignalMonConfig)
                  0000d945    00000003     --HOLE-- [fill = 0]
                  0000d948    000000c0     link_test_monitoring.oer4f (.text:MmwaveLink_setRfTxGainPhaseMismatchMonConfig)
                  0000da08    000000c0     libmmwavelink_xwr68xx.aer4f : rl_driver.oer4f (.text:rlDriverMsgWrite)
                  0000dac8    00000006     libedma_xwr68xx.aer4f : edma_low_level.oer4f (.text:EDMA3QdmaGetErrIntrStatus)
                  0000dace    00000002     --HOLE-- [fill = 0]
                  0000dad0    000000c0     sysbios.aer4ft : BIOS.obj (.text:ti_sysbios_timers_rti_Timer_startup__E)
                  0000db90    000000be     main_mss.oer4f (.text:MmwaveLink_initTask)
                  0000dc4e    00000002     --HOLE-- [fill = 0]
                  0000dc50    000000bc     link_test_monitoring.oer4f (.text:MmwaveLink_setRfDualClkCompMonConfig)
                  0000dd0c    000000bc     rtsv7R4_T_le_v3D16_eabi.lib : open.obj (.text)
                  0000ddc8    000000b8     link_test_monitoring.oer4f (.text:MmwaveLink_setRfAnaMonConfig)
                  0000de80    000000b8     link_test_monitoring.oer4f (.text:MmwaveLink_setRfExtAnaSignalsMonConfig)
                  0000df38    000000b8     mmwavelink_test_common.oer4f (.text:Mmwavelink_frameInterrupCallBackFunc)
                  0000dff0    000000b8     link_test_monitoring.oer4f (.text:mmwaveLink_digMonEnableConfig)
                  0000e0a8    000000b8     libmmwavelink_xwr68xx.aer4f : rl_sensor.oer4f (.text:rlGetProfileConfig)
                  0000e160    000000b8                                 : rl_monitoring.oer4f (.text:rlRfTxBallbreakMonConfig)
                  0000e218    000000b8                                 : rl_monitoring.oer4f (.text:rlRfTxBpmMonConfig)
                  0000e2d0    000000b8                                 : rl_monitoring.oer4f (.text:rlRfTxIntAnaSignalsMonConfig)
                  0000e388    000000b8                                 : rl_monitoring.oer4f (.text:rlRfTxPowrMonConfig)
                  0000e440    000000b6     libsoc_xwr68xx.aer4f : soc_mpu.o (.text)
                  0000e4f6    00000002     --HOLE-- [fill = 0]
                  0000e4f8    000000b4     link_test.oer4f (.text:MmwaveLink_getRfBootupStatus)
                  0000e5ac    000000b4     link_test_monitoring.oer4f (.text:MmwaveLink_setRfRxIfSatMonConfig)
                  0000e660    000000b4     link_test_monitoring.oer4f (.text:MmwaveLink_setRfTxIntAnaSignalMonConfig)
                  0000e714    000000b4     libmmwavelink_xwr68xx.aer4f : rl_sensor.oer4f (.text:rlRxGainTempLutGet)
                  0000e7c8    000000b4                                 : rl_sensor.oer4f (.text:rlTxGainTempLutGet)
                  0000e87c    00000004     mss_per4ft.oer4ft (.text:ti_sysbios_heaps_HeapMem_Module_GateProxy_enter__E)
                  0000e880    000000b4     sysbios.aer4ft : BIOS.obj (.text:ti_sysbios_gates_GateMutex_enter__E)
                  0000e934    0000000c     rtsv7R4_T_le_v3D16_eabi.lib : copy_zero_init.obj (.text:decompress:ZI)
                  0000e940    000000b4     sysbios.aer4ft : BIOS.obj (.text:ti_sysbios_knl_Task_startCore__E)
                  0000e9f4    000000b0     link_test_monitoring.oer4f (.text:MmwaveLink_setCalMonConfig)
                  0000eaa4    000000b0     libmmwavelink_xwr68xx.aer4f : rl_sensor.oer4f (.text:rlSetProfileConfig)
                  0000eb54    0000000c                                 : rl_driver.oer4f (.text:rlDriverGetPlatformId)
                  0000eb60    000000b0     sysbios.aer4ft : BIOS.obj (.text:xdc_runtime_Text_putMod__E)
                  0000ec10    000000ae     rtsv7R4_T_le_v3D16_eabi.lib : _io_perm.obj (.text)
                  0000ecbe    00000002     --HOLE-- [fill = 0]
                  0000ecc0    000000ac     libesm_xwr68xx.aer4f : esm.oer4f (.text:ESM_processInterrupt)
                  0000ed6c    000000ac     link_test.oer4f (.text:MmwaveLink_CQedmaSetup)
                  0000ee18    000000ac     link_test_monitoring.oer4f (.text:MmwaveLink_setRfRxSigImgMonConfig)
                  0000eec4    000000ac     libmmwavelink_xwr68xx.aer4f : rl_sensor.oer4f (.text:rlSetDynChirpCfg)
                  0000ef70    000000a8     libadcbuf_xwr68xx.aer4f : adcbuf_mmwave.oer4f (.text:ADCBUF_MMWave_getChanBufAddr)
                  0000f018    000000a8     libedma_xwr68xx.aer4f : edma_low_level.oer4f (.text:EDMA3Init)
                  0000f0c0    000000a8     link_test_monitoring.oer4f (.text:MmwaveLink_setRfSynthFreqMonConfig)
                  0000f168    000000a8     link_test_monitoring.oer4f (.text:MmwaveLink_setRfTxBallbreakMonConfig)
                  0000f210    000000a8     libmmwavelink_xwr68xx.aer4f : rl_driver.oer4f (.text:rlDriverWaitForResponse)
                  0000f2b8    000000a8                                 : rl_sensor.oer4f (.text:rlSetAdvFrameConfig)
                  0000f360    000000a8     sysbios.aer4ft : BIOS.obj (.text:ti_sysbios_knl_Swi_post__E)
                  0000f408    000000a4     libesm_xwr68xx.aer4f : esm.oer4f (.text:ESM_init)
                  0000f4ac    000000a4     libsoc_xwr68xx.aer4f : soc_xwr68xx_mss.oer4f (.text:SOC_unhaltDSS)
                  0000f550    000000a4     link_test.oer4f (.text:mmwaveLink_PSLoopBackConfig)
                  0000f5f4    0000000c     sysbios.aer4ft : BIOS.obj (.text:ti_sysbios_family_arm_v7a_Pmu_configureCounterI__I)
                  0000f600    000000a2                    : BIOS.obj (.text:xdc_runtime_Text_putSite__E)
                  0000f6a2    00000002     --HOLE-- [fill = 0]
                  0000f6a4    000000a0     link_test_monitoring.oer4f (.text:MmwaveLink_setRfRxIfStageMonConfig)
                  0000f744    000000a0     link_test_monitoring.oer4f (.text:MmwaveLink_setRfSynthFreqNonLiveMonConfig)
                  0000f7e4    000000a0     link_test_monitoring.oer4f (.text:MmwaveLink_setRfTxPowMonConfig)
                  0000f884    000000a0     libsoc_xwr68xx.aer4f : soc.oer4f (.text:SOC_registerSysIntListener)
                  0000f924    000000a0     auto_init.aer4ft : auto_init.oer4ft (.text)
                  0000f9c4    0000000c     sysbios.aer4ft : BIOS.obj (.text:ti_sysbios_family_arm_v7a_Pmu_getCountI__E)
                  0000f9d0    000000a0                    : BIOS.obj (.text:ti_sysbios_knl_Task_blockI__E)
                  0000fa70    0000009c     rtsv7R4_T_le_v3D16_eabi.lib : memcpy_t2.obj (.text)
                  0000fb0c    00000004     mss_per4ft.oer4ft (.text:ti_sysbios_heaps_HeapMem_Module_GateProxy_leave__E)
                  0000fb10    0000009c     sysbios.aer4ft : BIOS.obj (.text:ti_sysbios_family_arm_v7r_vim_Hwi_initIntController__I)
                  0000fbac    00000004     mss_per4ft.oer4ft (.text:ti_sysbios_knl_Clock_TimerProxy_getMaxTicks__E)
                  0000fbb0    0000009c     sysbios.aer4ft : BIOS.obj (.text:ti_sysbios_family_arm_v7r_vim_Hwi_mapChannel__I)
                  0000fc4c    00000004     mss_per4ft.oer4ft (.text:ti_sysbios_knl_Semaphore_delete)
                  0000fc50    0000009c     sysbios.aer4ft : BIOS.obj (.text:ti_sysbios_knl_Semaphore_Instance_init__E)
                  0000fcec    00000098     link_test_monitoring.oer4f (.text:MmwaveLink_setRfTxBpmMonConfig)
                  0000fd84    00000098     rtsv7R4_T_le_v3D16_eabi.lib : fclose.obj (.text)
                  0000fe1c    00000098                                 : fputc.obj (.text)
                  0000feb4    00000098     sysbios.aer4ft : vim_Hwi_asm_switch.obj (.text)
                  0000ff4c    00000096     libedma_xwr68xx.aer4f : edma.oer4f (.text:EDMA_getErrorStatusInfo)
                  0000ffe2    00000002     --HOLE-- [fill = 0]
                  0000ffe4    00000094     link_test.oer4f (.text:MmwaveLink_setChannelConfig)
                  00010078    00000094     link_test_monitoring.oer4f (.text:MmwaveLink_setRfAnaMonConfigCq)
                  0001010c    00000094     link_test_monitoring.oer4f (.text:MmwaveLink_setRfRxGainPhaMonConfig)
                  000101a0    00000094     libsoc_xwr68xx.aer4f : soc_xwr68xx.oer4f (.text:SOC_gateClock)
                  00010234    00000094     link_test.oer4f (.text:mmwaveLink_IFLoopBackConfig)
                  000102c8    00000094     link_test.oer4f (.text:mmwaveLink_PALoopBackConfig)
                  0001035c    00000094     link_test.oer4f (.text:mmwaveLink_phShiftCalibDataStore)
                  000103f0    00000094     libmmwavelink_xwr68xx.aer4f : rl_driver.oer4f (.text:rlDriverDeInit)
                  00010484    00000094                                 : rl_driver.oer4f (.text:rlDriverMsgReadCmdCtx)
                  00010518    00000094                                 : rl_driver.oer4f (.text:rlDriverProcRdMsg)
                  000105ac    00000094     rtsv7R4_T_le_v3D16_eabi.lib : snprintf.obj (.text)
                  00010640    00000094     sysbios.aer4ft : vim_Hwi_asm.obj (.text:ti_sysbios_family_arm_v7r_vim_Hwi_dispatchIRQ__I)
                  000106d4    00000092     link_test.oer4f (.text:MmwaveLink_initEDMA)
                  00010766    00000002     --HOLE-- [fill = 0]
                  00010768    00000090     libmailbox_xwr68xx.aer4f : mailbox.oer4f (.text:Mailbox_close)
                  000107f8    00000090     link_test.oer4f (.text:MmwaveLink_setBpmChirpConfig)
                  00010888    00000090     link_test.oer4f (.text:mmwaveLink_calibDataRestore)
                  00010918    00000006     libosal_xwr68xx.aer4f : HwiP_tirtos.oer4f (.text:HwiP_restore)
                  0001091e    00000002     --HOLE-- [fill = 0]
                  00010920    00000090     sysbios.aer4ft : BIOS.obj (.text:ti_sysbios_family_arm_v7a_Pmu_startCounter__E)
                  000109b0    00000090                    : BIOS.obj (.text:ti_sysbios_knl_Task_unblockI__E)
                  00010a40    0000008c     link_test_monitoring.oer4f (.text:MmwaveLink_RxMixerInPwrConfig)
                  00010acc    0000008c     link_test.oer4f (.text:MmwaveLink_setFrameConfig)
                  00010b58    0000008c     link_test_monitoring.oer4f (.text:MmwaveLink_setRfRxNoiseMonConfig)
                  00010be4    0000008c     link_test_monitoring.oer4f (.text:MmwaveLink_setRfTempMonConfig)
                  00010c70    0000008c     libsoc_xwr68xx.aer4f : soc.oer4f (.text:SOC_init)
                  00010cfc    0000008c     libmmwavelink_xwr68xx.aer4f : rl_device.oer4f (.text:rlDevicePowerOn)
                  00010d88    0000008c                                 : rl_driver.oer4f (.text:rlDriverMsgReadSpawnCtx)
                  00010e14    0000000c     mss_per4ft.oer4ft (.text:ti_sysbios_knl_Queue_Object__get__S)
                  00010e20    0000008c     sysbios.aer4ft : BIOS.obj (.text:ti_sysbios_family_arm_v7a_Pmu_getCount__E)
                  00010eac    00000004     mss_per4ft.oer4ft (.text:xdc_runtime_System_Module_GateProxy_enter__E)
                  00010eb0    0000008c     sysbios.aer4ft : BIOS.obj (.text:ti_sysbios_family_arm_v7r_vim_Hwi_Instance_finalize__E)
                  00010f3c    00000004     mss_per4ft.oer4ft (.text:xdc_runtime_System_Module_GateProxy_leave__E)
                  00010f40    0000008c     sysbios.aer4ft : BIOS.obj (.text:xdc_runtime_Memory_alloc__E)
                  00010fcc    00000088     link_test.oer4f (.text:MmwaveLink_rfCalibration)
                  00011054    00000088     link_test.oer4f (.text:MmwaveLink_setGpAdcConfig)
                  000110dc    00000088     link_test_monitoring.oer4f (.text:MmwaveLink_setInitTimeCalibConfig)
                  00011164    00000088     link_test.oer4f (.text:mmwaveLink_phShiftCalibDataRestore)
                  000111ec    00000084     mmwavelink_test_common.oer4f (.text:Mmwavelink_chirpAvailInterrupCallBackFunc)
                  00011270    00000084     link_test.oer4f (.text:mmwaveLink_interRxGainConfig)
                  000112f4    00000084     link_test.oer4f (.text:mmwaveLink_perChirpPhaseShifterConfig)
                  00011378    00000080     link_test.oer4f (.text:MmwaveLink_setMultiChirpConfig)
                  000113f8    00000080     libmmwavelink_xwr68xx.aer4f : rl_driver.oer4f (.text:rlDriverExecuteGetApi)
                  00011478    00000006                                 : rl_controller.oer4f (.text:rlGetSubBlockId)
                  0001147e    00000002     --HOLE-- [fill = 0]
                  00011480    00000080     sysbios.aer4ft : BIOS.obj (.text:ti_sysbios_timers_rti_Timer_initDevice__I)
                  00011500    0000007e     libosal_xwr68xx.aer4f : HwiP_tirtos.oer4f (.text:HwiP_create)
                  0001157e    00000002     --HOLE-- [fill = 0]
                  00011580    0000007d     link_test.oer4f (.text:MmwaveLink_openEDMA)
                  000115fd    00000001     --HOLE-- [fill = 0]
                  000115fe    0000007c     libedma_xwr68xx.aer4f : edma.oer4f (.text:EDMA_clearErrors)
                  0001167a    00000002     --HOLE-- [fill = 0]
                  0001167c    0000007c     libmailbox_xwr68xx.aer4f : mailbox.oer4f (.text:Mailbox_init)
                  000116f8    0000007c     link_test.oer4f (.text:MmwaveLink_mmwaveLinkMgmtTask)
                  00011774    0000007c     link_test.oer4f (.text:MmwaveLink_rfSetLdoBypassConfig)
                  000117f0    0000007c     sysbios.aer4ft : arm_TaskSupport_asm.obj (.text:_ti_sysbios_family_arm_TaskSupport_buildTaskStack)
                  0001186c    0000007c     link_test.oer4f (.text:mmwaveLink_RxGainTempLutRead)
                  000118e8    0000007c     link_test.oer4f (.text:mmwaveLink_TxGainTempLutRead)
                  00011964    0000000a     libadcbuf_xwr68xx.aer4f : ADCBuf.oer4f (.text:ADCBuf_control)
                  0001196e    00000002     --HOLE-- [fill = 0]
                  00011970    0000007c     sysbios.aer4ft : BIOS.obj (.text:xdc_runtime_Core_deleteObject__I)
                  000119ec    0000007a     rtsv7R4_T_le_v3D16_eabi.lib : memset_t2.obj (.text)
                  00011a66    00000002     --HOLE-- [fill = 0]
                  00011a68    00000078     link_test.oer4f (.text:MmwaveLink_setAdvFrameConfig)
                  00011ae0    00000078     link_test.oer4f (.text:MmwaveLink_setBpmCommonConfig)
                  00011b58    00000078     link_test.oer4f (.text:MmwaveLink_setContModeConfig)
                  00011bd0    00000078     link_test.oer4f (.text:MmwaveLink_setHsiClk)
                  00011c48    00000078     link_test.oer4f (.text:MmwaveLink_setProfileConfig)
                  00011cc0    00000078     link_test.oer4f (.text:mmwaveLink_RxGainTempLutConfig)
                  00011d38    00000078     link_test.oer4f (.text:mmwaveLink_TxGainTempLutConfig)
                  00011db0    00000075     link_test.oer4f (.text:mmwaveLink_configAckTimeout)
                  00011e25    00000003     --HOLE-- [fill = 0]
                  00011e28    00000074     link_test.oer4f (.text:MmwaveLink_setAdcOutConfig)
                  00011e9c    00000074     link_test.oer4f (.text:MmwaveLink_setChirpConfig)
                  00011f10    00000074     link_test.oer4f (.text:MmwaveLink_setRfDevCfg)
                  00011f84    00000074     boot.aer4ft : boot.oer4ft (.text)
                  00011ff8    00000074     link_test.oer4f (.text:mmwaveLink_calibDataStore)
                  0001206c    00000074     libmmwavelink_xwr68xx.aer4f : rl_driver.oer4f (.text:rlDriverAsyncEventHandler)
                  000120e0    00000074     rtsv7R4_T_le_v3D16_eabi.lib : getdevice.obj (.text)
                  00012154    00000074                                 : s_frexp.obj (.text)
                  000121c8    00000072     libmmwavelink_xwr68xx.aer4f : rl_driver.oer4f (.text:rlDriverClientCbCheck)
                  0001223a    00000002     --HOLE-- [fill = 0]
                  0001223c    00000070     link_test.oer4f (.text:MmwaveLink_setLowPowerModeConfig)
                  000122ac    00000070     link_test_monitoring.oer4f (.text:MmwaveLink_setRunTimeCalibConfig)
                  0001231c    00000070     link_test.oer4f (.text:mmwaveLink_dynPerChirpPhaseShifterConfig)
                  0001238c    00000070     link_test.oer4f (.text:mmwaveLink_miscConfig)
                  000123fc    00000070     rtsv7R4_T_le_v3D16_eabi.lib : printf.obj (.text)
                  0001246c    00000004     --HOLE-- [fill = 0]
                  00012470    00000070     sysbios.aer4ft : BIOS.obj (.text:xdc_runtime_Error_print__E)
                  000124e0    00000070                    : BIOS.obj (.text:xdc_runtime_Text_visitRope2__I)
                  00012550    0000006e     link_test.oer4f (.text:MmwaveLink_enableContMode)
                  000125be    00000002     --HOLE-- [fill = 0]
                  000125c0    0000006c     link_test.oer4f (.text:MmwaveLink_sensorStart)
                  0001262c    0000006c     rtsv7R4_T_le_v3D16_eabi.lib : copy_decompress_lzss.obj (.text:decompress:lzss)
                  00012698    0000006c                                 : trgmsg.obj (.text)
                  00012704    00000068     libmailbox_xwr68xx.aer4f : mailbox.oer4f (.text:Mailbox_readFlush)
                  0001276c    00000068     libmmwavelink_xwr68xx.aer4f : rl_driver.oer4f (.text:rlDriverExecuteSetApi)
                  000127d4    00000068                                 : rl_driver.oer4f (.text:rlDriverHostIrqHandler)
                  0001283c    00000068     rtsv7R4_T_le_v3D16_eabi.lib : hostlseek.obj (.text)
                  000128a4    00000068                                 : hostrename.obj (.text)
                  0001290c    00000004     --HOLE-- [fill = 0]
                  00012910    00000068     sysbios.aer4ft : BIOS.obj (.text:ti_sysbios_knl_Swi_schedule__I)
                  00012978    00000066     libmmwavelink_xwr68xx.aer4f : rl_device.oer4f (.text:rlDevicePowerOff)
                  000129de    00000064     libedma_xwr68xx.aer4f : edma.oer4f (.text:EDMA_getTransferControllerErrorStatusInfo)
                  00012a42    00000002     --HOLE-- [fill = 0]
                  00012a44    00000064                           : edma.oer4f (.text:EDMA_startDmaTransfer)
                  00012aa8    00000064     link_test.oer4f (.text:MmwaveLink_mboxWrite)
                  00012b0c    00000064     link_test.oer4f (.text:MmwaveLink_rlSetDynChirpCfg)
                  00012b70    00000064     libosal_xwr68xx.aer4f : SemaphoreP_tirtos.oer4f (.text:SemaphoreP_create)
                  00012bd4    00000064     rtsv7R4_T_le_v3D16_eabi.lib : fseek.obj (.text)
                  00012c38    00000064     sysbios.aer4ft : exc_Exception_asm.obj (.text:ti_sysbios_family_arm_exc_Exception_initCore0__I)
                  00012c9c    00000004     --HOLE-- [fill = 0]
                  00012ca0    00000064                    : BIOS.obj (.text:ti_sysbios_family_arm_v7r_vim_Hwi_phantomIntHandler__I)
                  00012d04    0000000a     libosal_xwr68xx.aer4f : MemoryP_tirtos.oer4f (.text:MemoryP_ctrlFree)
                  00012d0e    00000002     --HOLE-- [fill = 0]
                  00012d10    00000064     sysbios.aer4ft : BIOS.obj (.text:ti_sysbios_knl_Clock_logTick__E)
                  00012d74    0000000a     osi_tirtos.oer4f (.text:Osal_mutexDelete)
                  00012d7e    00000002     --HOLE-- [fill = 0]
                  00012d80    00000064     sysbios.aer4ft : BIOS.obj (.text:xdc_runtime_Startup_exec__E)
                  00012de4    00000060     link_test.oer4f (.text:mmwaveLink_getDfeRxStatisticsReport)
                  00012e44    0000000a     osi_tirtos.oer4f (.text:Osal_semDelete)
                  00012e4e    00000002     --HOLE-- [fill = 0]
                  00012e50    00000060     sysbios.aer4ft : BIOS.obj (.text:ti_sysbios_heaps_HeapMem_alloc__E)
                  00012eb0    00000060                    : BIOS.obj (.text:xdc_runtime_Assert_raise__I)
                  00012f10    0000005f                    : BIOS.obj (.text:xdc_runtime_Text_putLab__E)
                  00012f6f    00000001     --HOLE-- [fill = 0]
                  00012f70    0000005c     rtsv7R4_T_le_v3D16_eabi.lib : hostopen.obj (.text)
                  00012fcc    0000005c                                 : hostread.obj (.text)
                  00013028    0000005a     libmmwavelink_xwr68xx.aer4f : rl_driver.oer4f (.text:rlDriverCalChkSum)
                  00013082    00000002     --HOLE-- [fill = 0]
                  00013084    00000058     libedma_xwr68xx.aer4f : edma_low_level.oer4f (.text:EDMA3EnableChInShadowReg)
                  000130dc    00000058     libesm_xwr68xx.aer4f : esm.oer4f (.text:ESM_highpriority_FIQ)
                  00013134    00000058     link_test.oer4f (.text:MmwaveLink_mboxRead)
                  0001318c    00000058     rtsv7R4_T_le_v3D16_eabi.lib : close.obj (.text)
                  000131e4    00000058                                 : hostwrite.obj (.text)
                  0001323c    00000004     --HOLE-- [fill = 0]
                  00013240    00000058     sysbios.aer4ft : BIOS.obj (.text:ti_sysbios_knl_Swi_restoreHwi__E)
                  00013298    00000056     libmmwavelink_xwr68xx.aer4f : rl_driver.oer4f (.text:rlDriverOsiCbCheck)
                  000132ee    00000002     --HOLE-- [fill = 0]
                  000132f0    00000054     libcrc_xwr68xx.aer4f : crc.oer4f (.text:CRC_getTransactionId)
                  00013344    00000054     libedma_xwr68xx.aer4f : edma.oer4f (.text:EDMA_error_isr)
                  00013398    00000054     rtsv7R4_T_le_v3D16_eabi.lib : ltoa.obj (.text)
                  000133ec    00000054     mss_per4ft.oer4ft (.text:ti_sysbios_family_arm_v7r_vim_Hwi_create)
                  00013440    00000054     sysbios.aer4ft : BIOS.obj (.text:ti_sysbios_heaps_HeapMem_getStats__E)
                  00013494    0000000a     libosal_xwr68xx.aer4f : SemaphoreP_tirtos.oer4f (.text:SemaphoreP_post)
                  0001349e    00000002     --HOLE-- [fill = 0]
                  000134a0    00000054     sysbios.aer4ft : BIOS.obj (.text:ti_sysbios_knl_Swi_runLoop__I)
                  000134f4    0000000a                    : tms570_Core_asm.obj (.text:ti_sysbios_family_arm_v7r_tms570_Core_getId__E)
                  000134fe    00000002     --HOLE-- [fill = 0]
                  00013500    00000054                    : BIOS.obj (.text:ti_sysbios_knl_Swi_startup__E)
                  00013554    0000000a     mss_per4ft.oer4ft (.text:xdc_runtime_IHeap_alloc)
                  0001355e    00000002     --HOLE-- [fill = 0]
                  00013560    00000054     sysbios.aer4ft : BIOS.obj (.text:xdc_runtime_Core_assignLabel__I)
                  000135b4    00000050     libcrc_xwr68xx.aer4f : crc.oer4f (.text:CRC_getSignature)
                  00013604    00000050     libedma_xwr68xx.aer4f : edma_low_level.oer4f (.text:EDMA3MapChToEvtQ)
                  00013654    00000050     link_test.oer4f (.text:MmwaveLink_mboxClose)
                  000136a4    00000050     libmmwavelink_xwr68xx.aer4f : rl_driver.oer4f (.text:rlDeviceIdentifyCmdDir)
                  000136f4    00000050                                 : rl_driver.oer4f (.text:rlDriverVerifyCRC)
                  00013744    00000050     rtsv7R4_T_le_v3D16_eabi.lib : atoi.obj (.text)
                  00013794    00000050                                 : exit.obj (.text)
                  000137e4    00000050                                 : u_div32.obj (.text)
                  00013834    0000000a     mss_per4ft.oer4ft (.text:xdc_runtime_IHeap_free)
                  0001383e    00000002     --HOLE-- [fill = 0]
                  00013840    00000050     sysbios.aer4ft : BIOS.obj (.text:xdc_runtime_System_exit__E)
                  00013890    0000004c     libedma_xwr68xx.aer4f : edma.oer4f (.text:EDMA_disableChannel)
                  000138dc    0000004c                           : edma.oer4f (.text:EDMA_enableChannel)
                  00013928    0000004c     libmailbox_xwr68xx.aer4f : mailbox.oer4f (.text:Mailbox_boxEmptyISRProcessing)
                  00013974    0000004c     link_test.oer4f (.text:MmwaveLink_getChirpConfig)
                  000139c0    0000004c     link_test.oer4f (.text:mmwaveLink_triggerSubframe)
                  00013a0c    0000004c     rtsv7R4_T_le_v3D16_eabi.lib : cpy_tbl.obj (.text)
                  00013a58    00000006     libmmwavelink_xwr68xx.aer4f : rl_controller.oer4f (.text:rlGetSubBlockLen)
                  00013a5e    00000002     --HOLE-- [fill = 0]
                  00013a60    0000004c     sysbios.aer4ft : BIOS.obj (.text:ti_sysbios_family_arm_v7r_vim_Hwi_getStackInfo__E)
                  00013aac    0000004c     mss_per4ft.oer4ft (.text:ti_sysbios_knl_Task_create)
                  00013af8    0000004a     libmailbox_xwr68xx.aer4f : mailbox.oer4f (.text:Mailbox_boxFullISRProcessing)
                  00013b42    0000000e     libosal_xwr68xx.aer4f : SemaphoreP_tirtos.oer4f (.text:SemaphoreP_delete)
                  00013b50    0000004a     sysbios.aer4ft : BIOS.obj (.text:xdc_runtime_Core_assignParams__I)
                  00013b9a    00000006     --HOLE-- [fill = 0]
                  00013ba0    0000004a                    : BIOS.obj (.text:xdc_runtime_Text_xprintf__I)
                  00013bea    00000048     libmmwavelink_xwr68xx.aer4f : rl_device.oer4f (.text:rlDeviceGetVersion)
                  00013c32    00000002     --HOLE-- [fill = 0]
                  00013c34    00000048                                 : rl_driver.oer4f (.text:rlDriverOsiInit)
                  00013c7c    00000046     libmailbox_xwr68xx.aer4f : mailbox.oer4f (.text:CSL_FINSR)
                  00013cc2    00000002     --HOLE-- [fill = 0]
                  00013cc4    00000046     link_test.oer4f (.text:MmwaveLink_rlSetDynChirpEn)
                  00013d0a    00000002     --HOLE-- [fill = 0]
                  00013d0c    00000044     libadcbuf_xwr68xx.aer4f : adcbuf_mmwave.oer4f (.text:ADCBUF_MMWave_close)
                  00013d50    00000044     libcrc_xwr68xx.aer4f : crc.oer4f (.text:CRC_resetSignature)
                  00013d94    00000044     libmailbox_xwr68xx.aer4f : mailbox.oer4f (.text:Mailbox_boxFullISRMssDss)
                  00013dd8    00000044     libsoc_xwr68xx.aer4f : soc_xwr68xx_mss.oer4f (.text:SOC_resetDMA)
                  00013e1c    00000044     rtsv7R4_T_le_v3D16_eabi.lib : hostclose.obj (.text)
                  00013e60    00000044                                 : hostunlink.obj (.text)
                  00013ea4    0000000c     --HOLE-- [fill = 0]
                  00013eb0    00000044     sysbios.aer4ft : BIOS.obj (.text:ti_sysbios_family_arm_v7r_tms570_Core_Module_startup__E)
                  00013ef4    0000000c     --HOLE-- [fill = 0]
                  00013f00    00000044                    : BIOS.obj (.text:ti_sysbios_knl_Task_allBlockedFunction__I)
                  00013f44    0000000c     --HOLE-- [fill = 0]
                  00013f50    00000044                    : BIOS.obj (.text:xdc_runtime_System_atexit__E)
                  00013f94    00000042     libedma_xwr68xx.aer4f : edma.oer4f (.text:EDMA_transferController_error_isr)
                  00013fd6    00000042     libmmwavelink_xwr68xx.aer4f : rl_controller.oer4f (.text:rlGetSubBlock)
                  00014018    00000040                                 : rl_driver.oer4f (.text:rlDriverValidateHdr)
                  00014058    00000008     --HOLE-- [fill = 0]
                  00014060    00000040     sysbios.aer4ft : BIOS.obj (.text:ti_sysbios_timers_rti_Timer_stop__E)
                  000140a0    0000003e     libadcbuf_xwr68xx.aer4f : adcbuf_mmwave.oer4f (.text:CSL_FINSR)
                  000140de    0000003e     libcrc_xwr68xx.aer4f : crc.oer4f (.text:CSL_FINSR)
                  0001411c    0000003e     libsoc_xwr68xx.aer4f : soc.oer4f (.text:CSL_FINSR)
                  0001415a    0000003e                          : soc_xwr68xx.oer4f (.text:CSL_FINSR)
                  00014198    0000003e                          : soc_xwr68xx_mss.oer4f (.text:CSL_FINSR)
                  000141d6    00000002     --HOLE-- [fill = 0]
                  000141d8    0000003c     libmailbox_xwr68xx.aer4f : mailbox.oer4f (.text:Mailbox_writeReset)
                  00014214    0000003c     link_test_monitoring.oer4f (.text:MmwaveLink_monAdvancedTest)
                  00014250    0000003c     libsoc_xwr68xx.aer4f : soc.oer4f (.text:SOC_unhaltBSS)
                  0001428c    0000003c     sysbios.aer4ft : vim_Hwi_asm.obj (.text:ti_sysbios_family_arm_v7r_vim_Hwi_init__I)
                  000142c8    00000008     --HOLE-- [fill = 0]
                  000142d0    0000003c                    : BIOS.obj (.text:ti_sysbios_hal_Hwi_checkStack)
                  0001430c    00000004     --HOLE-- [fill = 0]
                  00014310    0000003c                    : BIOS.obj (.text:ti_sysbios_heaps_HeapMem_init__I)
                  0001434c    00000004     --HOLE-- [fill = 0]
                  00014350    0000003c                    : BIOS.obj (.text:ti_sysbios_timers_rti_Timer_setPeriod__E)
                  0001438c    0000003a     libedma_xwr68xx.aer4f : edma_low_level.oer4f (.text:EDMA3EnableTransfer)
                  000143c6    00000002     --HOLE-- [fill = 0]
                  000143c8    0000003a     libosal_xwr68xx.aer4f : HwiP_tirtos.oer4f (.text:HwiP_delete)
                  00014402    00000002     --HOLE-- [fill = 0]
                  00014404    00000038     libedma_xwr68xx.aer4f : edma_low_level.oer4f (.text:EDMA3ClrMissEvt)
                  0001443c    00000036     libmmwavelink_xwr68xx.aer4f : rl_controller.oer4f (.text:rlAppendSubBlock)
                  00014472    00000036     rtsv7R4_T_le_v3D16_eabi.lib : strncpy.obj (.text)
                  000144a8    00000034     libadcbuf_xwr68xx.aer4f : ADCBuf.oer4f (.text:ADCBuf_open)
                  000144dc    00000034     libsoc_xwr68xx.aer4f : soc_xwr68xx_mss.oer4f (.text:SOC_hasDSPCore)
                  00014510    00000034     mss_per4ft.oer4ft (.text:ti_sysbios_knl_Semaphore_create)
                  00014544    00000032     libcrc_xwr68xx.aer4f : crc.oer4f (.text:CRC_getCRCDataSelectBitValue)
                  00014576    00000002     --HOLE-- [fill = 0]
                  00014578    00000032                          : crc.oer4f (.text:CRC_getCRCTypeBitValue)
                  000145aa    00000032     osi_tirtos.oer4f (.text:Osal_mutexCreate)
                  000145dc    00000032     osi_tirtos.oer4f (.text:Osal_semCreate)
                  0001460e    00000002     --HOLE-- [fill = 0]
                  00014610    00000032     sysbios.aer4ft : BIOS.obj (.text:ti_sysbios_hal_Hwi_initStack)
                  00014642    00000002     --HOLE-- [fill = 0]
                  00014644    00000030     libadcbuf_xwr68xx.aer4f : ADCBuf.oer4f (.text:ADCBuf_init)
                  00014674    00000030     libmmwavelink_xwr68xx.aer4f : rl_sensor.oer4f (.text:rlSensorStart)
                  000146a4    00000030     mss_per4ft.oer4ft (.text:ti_sysbios_BIOS_atExitFunc__I)
                  000146d4    00000030     mss_per4ft.oer4ft (.text:ti_sysbios_BIOS_startFunc__I)
                  00014704    0000000c     --HOLE-- [fill = 0]
                  00014710    00000030     sysbios.aer4ft : BIOS.obj (.text:ti_sysbios_family_arm_TaskSupport_start__E)
                  00014740    00000030     mss_per4ft.oer4ft (.text:ti_sysbios_gates_GateHwi_Object__create__S)
                  00014770    00000030     mss_per4ft.oer4ft (.text:ti_sysbios_gates_GateMutex_Object__create__S)
                  000147a0    00000030     mss_per4ft.oer4ft (.text:ti_sysbios_heaps_HeapMem_Object__create__S)
                  000147d0    00000030     sysbios.aer4ft : BIOS.obj (.text:ti_sysbios_heaps_HeapMem_free__E)
                  00014800    00000030     mss_per4ft.oer4ft (.text:ti_sysbios_knl_Semaphore_construct)
                  00014830    0000002f     sysbios.aer4ft : BIOS.obj (.text:xdc_runtime_Text_printVisFxn__I)
                  0001485f    00000001     --HOLE-- [fill = 0]
                  00014860    0000002e                    : BIOS.obj (.text:ti_sysbios_knl_Semaphore_pendTimeout__I)
                  0001488e    0000002e     mss_per4ft.oer4ft (.text:ti_sysbios_rts_MemAlloc_alloc)
                  000148bc    0000002c     libedma_xwr68xx.aer4f : edma.oer4f (.text:EDMA_validate_channelIdchannelType)
                  000148e8    0000002c     libsoc_xwr68xx.aer4f : soc_xwr68xx_mss.oer4f (.text:SOC_waitBSSPowerUp)
                  00014914    0000002c     libmmwavelink_xwr68xx.aer4f : rl_device.oer4f (.text:rlDeviceGetMssVersion)
                  00014940    0000002c                                 : rl_sensor.oer4f (.text:rlSensorStop)
                  0001496c    0000002c     rtsv7R4_T_le_v3D16_eabi.lib : unlink.obj (.text)
                  00014998    0000002c     mss_per4ft.oer4ft (.text:ti_sysbios_knl_Clock_doTick__I)
                  000149c4    0000002c     mss_per4ft.oer4ft (.text:ti_sysbios_knl_Queue_construct)
                  000149f0    0000002c     sysbios.aer4ft : BIOS.obj (.text:ti_sysbios_knl_Swi_Module_startup__E)
                  00014a1c    00000004     --HOLE-- [fill = 0]
                  00014a20    0000002c                    : BIOS.obj (.text:ti_sysbios_timers_rti_Timer_periodicStub__E)
                  00014a4c    0000002a     libedma_xwr68xx.aer4f : edma.oer4f (.text:EDMA_isError)
                  00014a76    0000002a     libsoc_xwr68xx.aer4f : soc.oer4f (.text:SOC_SystemISR)
                  00014aa0    0000002a     libmmwavelink_xwr68xx.aer4f : rl_device.oer4f (.text:rlDeviceGetMmWaveLinkVersion)
                  00014aca    00000002     --HOLE-- [fill = 0]
                  00014acc    00000029     link_test.oer4f (.text:MmwaveLink_disableDevice)
                  00014af5    00000003     --HOLE-- [fill = 0]
                  00014af8    00000028     libmailbox_xwr68xx.aer4f : mailbox.oer4f (.text:Mailbox_Config_init)
                  00014b20    00000028     libmmwavelink_xwr68xx.aer4f : rl_driver.oer4f (.text:rlDriverConstructInMsg)
                  00014b48    00000028     rtsv7R4_T_le_v3D16_eabi.lib : lseek.obj (.text)
                  00014b70    00000028                                 : write.obj (.text)
                  00014b98    00000008     --HOLE-- [fill = 0]
                  00014ba0    00000028     sysbios.aer4ft : BIOS.obj (.text:ti_sysbios_knl_Idle_run__E)
                  00014bc8    00000008     --HOLE-- [fill = 0]
                  00014bd0    00000028                    : BIOS.obj (.text:xdc_runtime_SysStd_abort__E)
                  00014bf8    00000008     --HOLE-- [fill = 0]
                  00014c00    00000028                    : BIOS.obj (.text:xdc_runtime_System_aprintf_va__F)
                  00014c28    00000026     libmmwavelink_xwr68xx.aer4f : rl_monitoring.oer4f (.text:rlRfAnaMonConfig)
                  00014c4e    00000026                                 : rl_monitoring.oer4f (.text:rlRfDigMonEnableConfig)
                  00014c74    00000026                                 : rl_monitoring.oer4f (.text:rlRfDigMonPeriodicConfig)
                  00014c9a    00000026                                 : rl_monitoring.oer4f (.text:rlRfDualClkCompMonConfig)
                  00014cc0    00000026                                 : rl_monitoring.oer4f (.text:rlRfExtAnaSignalsMonConfig)
                  00014ce6    00000026                                 : rl_sensor.oer4f (.text:rlRfGetTemperatureReport)
                  00014d0c    00000026                                 : rl_monitoring.oer4f (.text:rlRfGpadcIntAnaSignalsMonConfig)
                  00014d32    00000026                                 : rl_sensor.oer4f (.text:rlRfInitCalibConfig)
                  00014d58    00000026                                 : rl_sensor.oer4f (.text:rlRfInterRxGainPhaseConfig)
                  00014d7e    00000026                                 : rl_monitoring.oer4f (.text:rlRfPllContrlVoltMonConfig)
                  00014da4    00000026                                 : rl_monitoring.oer4f (.text:rlRfPmClkLoIntAnaSignalsMonConfig)
                  00014dca    00000026                                 : rl_sensor.oer4f (.text:rlRfRunTimeCalibConfig)
                  00014df0    00000026                                 : rl_monitoring.oer4f (.text:rlRfRxGainPhMonConfig)
                  00014e16    00000026                                 : rl_monitoring.oer4f (.text:rlRfRxIfSatMonConfig)
                  00014e3c    00000026                                 : rl_monitoring.oer4f (.text:rlRfRxIfStageMonConfig)
                  00014e62    00000026                                 : rl_monitoring.oer4f (.text:rlRfRxIntAnaSignalsMonConfig)
                  00014e88    00000026                                 : rl_monitoring.oer4f (.text:rlRfRxMixerInPwrConfig)
                  00014eae    00000026                                 : rl_monitoring.oer4f (.text:rlRfRxNoiseMonConfig)
                  00014ed4    00000026                                 : rl_monitoring.oer4f (.text:rlRfRxSigImgMonConfig)
                  00014efa    00000026                                 : rl_sensor.oer4f (.text:rlRfSetCalMonFreqLimitConfig)
                  00014f20    00000026                                 : rl_sensor.oer4f (.text:rlRfSetDeviceCfg)
                  00014f46    00000026                                 : rl_sensor.oer4f (.text:rlRfSetIFLoopbackConfig)
                  00014f6c    00000026                                 : rl_sensor.oer4f (.text:rlRfSetLdoBypassConfig)
                  00014f92    00000026                                 : rl_sensor.oer4f (.text:rlRfSetMiscConfig)
                  00014fb8    00000026                                 : rl_sensor.oer4f (.text:rlRfSetPALoopbackConfig)
                  00014fde    00000026                                 : rl_sensor.oer4f (.text:rlRfSetPSLoopbackConfig)
                  00015004    00000026                                 : rl_sensor.oer4f (.text:rlRfSetProgFiltCoeffRam)
                  0001502a    00000026                                 : rl_sensor.oer4f (.text:rlRfSetProgFiltConfig)
                  00015050    00000026                                 : rl_monitoring.oer4f (.text:rlRfSynthFreqMonConfig)
                  00015076    00000026                                 : rl_monitoring.oer4f (.text:rlRfTempMonConfig)
                  0001509c    00000026                                 : rl_monitoring.oer4f (.text:rlRfTxGainPhaseMismatchMonConfig)
                  000150c2    00000026                                 : rl_sensor.oer4f (.text:rlRxGainTempLutSet)
                  000150e8    00000026                                 : rl_sensor.oer4f (.text:rlSetAdcOutConfig)
                  0001510e    00000026                                 : rl_sensor.oer4f (.text:rlSetBpmChirpConfig)
                  00015134    00000026                                 : rl_sensor.oer4f (.text:rlSetBpmCommonConfig)
                  0001515a    00000026                                 : rl_sensor.oer4f (.text:rlSetChannelConfig)
                  00015180    00000026                                 : rl_sensor.oer4f (.text:rlSetContModeConfig)
                  000151a6    00000026                                 : rl_sensor.oer4f (.text:rlSetDynChirpEn)
                  000151cc    00000026                                 : rl_sensor.oer4f (.text:rlSetGpAdcConfig)
                  000151f2    00000026                                 : rl_sensor.oer4f (.text:rlSetLoopBckBurstCfg)
                  00015218    00000026                                 : rl_sensor.oer4f (.text:rlSetSubFrameStart)
                  0001523e    00000026                                 : rl_sensor.oer4f (.text:rlSetTestSourceConfig)
                  00015264    00000026                                 : rl_sensor.oer4f (.text:rlTestSourceEnable)
                  0001528a    00000026                                 : rl_sensor.oer4f (.text:rlTxGainTempLutSet)
                  000152b0    00000026     sysbios.aer4ft : BIOS.obj (.text:xdc_runtime_System_printf_va__F)
                  000152d6    00000024     libcrc_xwr68xx.aer4f : crc.oer4f (.text:CRC_isTransactionIdValid)
                  000152fa    00000002     --HOLE-- [fill = 0]
                  000152fc    00000024     libedma_xwr68xx.aer4f : edma_low_level.oer4f (.text:EDMA3ClrEvt)
                  00015320    00000024                           : edma_low_level.oer4f (.text:EDMA3ClrIntr)
                  00015344    00000024                           : edma_low_level.oer4f (.text:EDMA3DisableDmaEvt)
                  00015368    00000024                           : edma_low_level.oer4f (.text:EDMA3DisableEvtIntr)
                  0001538c    00000024                           : edma_low_level.oer4f (.text:EDMA3EnableDmaEvt)
                  000153b0    00000024                           : edma_low_level.oer4f (.text:EDMA3EnableEvtIntr)
                  000153d4    00000024                           : edma_low_level.oer4f (.text:EDMA3SetEvt)
                  000153f8    00000024                           : edma.oer4f (.text:EDMA_clearTransferControllerErrors)
                  0001541c    00000024     libtestlogger_xwr68xx.aer4f : logger.oer4f (.text:MCPI_Initialize)
                  00015440    00000024     libmmwavelink_xwr68xx.aer4f : rl_device.oer4f (.text:rlDeviceSetHsiClk)
                  00015464    00000024                                 : rl_sensor.oer4f (.text:rlEnableContMode)
                  00015488    00000024                                 : rl_sensor.oer4f (.text:rlRfDfeRxStatisticsReport)
                  000154ac    00000024                                 : rl_sensor.oer4f (.text:rlRfSetCalMonTimeUnitConfig)
                  000154d0    00000024                                 : rl_sensor.oer4f (.text:rlSetLowPowerModeConfig)
                  000154f4    00000024     mss_per4ft.oer4ft (.text:ti_sysbios_BIOS_errorRaiseHook__I)
                  00015518    00000024     mss_per4ft.oer4ft (.text:ti_sysbios_BIOS_registerRTSLock__I)
                  0001553c    00000024     mss_per4ft.oer4ft (.text:ti_sysbios_BIOS_removeRTSLock__I)
                  00015560    00000024     mss_per4ft.oer4ft (.text:ti_sysbios_gates_GateMutex_Object__delete__S)
                  00015584    0000000c     --HOLE-- [fill = 0]
                  00015590    00000024     sysbios.aer4ft : BIOS.obj (.text:ti_sysbios_knl_Clock_Module_startup__E)
                  000155b4    00000024     mss_per4ft.oer4ft (.text:ti_sysbios_knl_Semaphore_Object__delete__S)
                  000155d8    00000008     --HOLE-- [fill = 0]
                  000155e0    00000024     sysbios.aer4ft : BIOS.obj (.text:ti_sysbios_knl_Task_restoreHwi__E)
                  00015604    00000020     libedma_xwr68xx.aer4f : edma_low_level.oer4f (.text:EDMA3QdmaClrMissEvt)
                  00015624    00000020     libesm_xwr68xx.aer4f : esm.oer4f (.text:ESM_lowpriority_IRQ)
                  00015644    00000020     link_test.oer4f (.text:MmwaveLink_spawn)
                  00015664    00000020     libmmwavelink_xwr68xx.aer4f : rl_driver.oer4f (.text:rlDriverConfigureAckTimeout)
                  00015684    00000020                                 : rl_sensor.oer4f (.text:rlRfInit)
                  000156a4    00000020     rtsv7R4_T_le_v3D16_eabi.lib : memchr.obj (.text)
                  000156c4    0000000c     --HOLE-- [fill = 0]
                  000156d0    00000020     sysbios.aer4ft : BIOS.obj (.text:ti_sysbios_family_arm_v7a_Pmu_Module_startup__E)
                  000156f0    00000020     mss_per4ft.oer4ft (.text:ti_sysbios_family_arm_v7r_vim_Hwi_Object__delete__S)
                  00015710    00000020     sysbios.aer4ft : BIOS.obj (.text:ti_sysbios_family_arm_v7r_vim_Hwi_disableInterrupt__E)
                  00015730    00000020                    : BIOS.obj (.text:ti_sysbios_family_arm_v7r_vim_Hwi_enableInterrupt__E)
                  00015750    00000020     mss_per4ft.oer4ft (.text:ti_sysbios_gates_GateHwi_Object__delete__S)
                  00015770    00000020     mss_per4ft.oer4ft (.text:ti_sysbios_heaps_HeapMem_Object__delete__S)
                  00015790    00000020     mss_per4ft.oer4ft (.text:ti_sysbios_knl_Semaphore_destruct)
                  000157b0    0000001e     rtsv7R4_T_le_v3D16_eabi.lib : strcat.obj (.text)
                  000157ce    0000001c     libcrc_xwr68xx.aer4f : crc.oer4f (.text:CRC_releaseTransactionId)
                  000157ea    0000001c     libadcbuf_xwr68xx.aer4f : adcbuf_mmwave.oer4f (.text:CSL_FEXTR)
                  00015806    0000001c     libsoc_xwr68xx.aer4f : soc.oer4f (.text:CSL_FEXTR)
                  00015822    0000001c                          : soc_xwr68xx.oer4f (.text:CSL_FEXTR)
                  0001583e    0000001c                          : soc_xwr68xx_mss.oer4f (.text:CSL_FEXTR)
                  0001585a    00000002     --HOLE-- [fill = 0]
                  0001585c    0000001c     sysbios.aer4ft : arm_TaskSupport_asm.obj (.text:_ti_sysbios_family_arm_TaskSupport_glue)
                  00015878    0000001c                    : arm_TaskSupport_asm.obj (.text:_ti_sysbios_family_arm_TaskSupport_swap__E)
                  00015894    0000001c     rtsv7R4_T_le_v3D16_eabi.lib : memccpy.obj (.text)
                  000158b0    0000001c     mss_per4ft.oer4ft (.text:ti_sysbios_BIOS_rtsLock__I)
                  000158cc    00000004     --HOLE-- [fill = 0]
                  000158d0    0000001c     sysbios.aer4ft : BIOS.obj (.text:ti_sysbios_family_arm_v7r_vim_Hwi_clearInterrupt__E)
                  000158ec    00000004     --HOLE-- [fill = 0]
                  000158f0    0000001c                    : BIOS.obj (.text:ti_sysbios_gates_GateMutex_Instance_init__E)
                  0001590c    00000004     --HOLE-- [fill = 0]
                  00015910    0000001c                    : BIOS.obj (.text:ti_sysbios_gates_GateMutex_leave__E)
                  0001592c    0000001c     mss_per4ft.oer4ft (.text:ti_sysbios_knl_Queue_destruct)
                  00015948    0000001a     libedma_xwr68xx.aer4f : edma_low_level.oer4f (.text:EDMA3SetPaRAM)
                  00015962    0000001a     mss_per4ft.oer4ft (.text:free)
                  0001597c    0000001a     libmmwavelink_xwr68xx.aer4f : rl_sensor.oer4f (.text:rlGetRfBootupStatus)
                  00015996    0000001a                                 : rl_sensor.oer4f (.text:rlGetRfDieId)
                  000159b0    0000001a     rtsv7R4_T_le_v3D16_eabi.lib : s_copysign.obj (.text)
                  000159ca    0000001a     mss_per4ft.oer4ft (.text:ti_sysbios_gates_GateHwi_Handle__label__S)
                  000159e4    0000001a     mss_per4ft.oer4ft (.text:ti_sysbios_gates_GateMutex_Handle__label__S)
                  000159fe    0000001a     mss_per4ft.oer4ft (.text:ti_sysbios_heaps_HeapMem_Handle__label__S)
                  00015a18    0000001a     mss_per4ft.oer4ft (.text:xdc_runtime_System_aprintf__E)
                  00015a32    0000001a     mss_per4ft.oer4ft (.text:xdc_runtime_System_printf__E)
                  00015a4c    00000018     libadcbuf_xwr68xx.aer4f : adcbuf_mmwave.oer4f (.text:ADCBUFContinuousModeCtrl)
                  00015a64    00000018     libedma_xwr68xx.aer4f : edma_low_level.oer4f (.text:EDMA3DisableQdmaEvt)
                  00015a7c    00000018                           : edma_low_level.oer4f (.text:EDMA3EnableQdmaEvt)
                  00015a94    00000018     libmailbox_xwr68xx.aer4f : mailbox.oer4f (.text:Mailbox_boxEmptyISRBss)
                  00015aac    00000018                              : mailbox.oer4f (.text:Mailbox_boxEmptyISRMssDss)
                  00015ac4    00000018                              : mailbox.oer4f (.text:Mailbox_boxFullISRBss)
                  00015adc    00000018     link_test_monitoring.oer4f (.text:MmwaveLink_monitorReportCountInit)
                  00015af4    00000018     libmmwavelink_xwr68xx.aer4f : rl_device.oer4f (.text:rlDeviceGetRfVersion)
                  00015b0c    00000018                                 : rl_driver.oer4f (.text:rlDriverCalCRC)
                  00015b24    00000018                                 : rl_driver.oer4f (.text:rlDriverFillPayload)
                  00015b3c    00000018     rtsv7R4_T_le_v3D16_eabi.lib : args_main.obj (.text)
                  00015b54    00000018                                 : strcmp.obj (.text)
                  00015b6c    00000018     mss_per4ft.oer4ft (.text:ti_sysbios_BIOS_rtsUnlock__I)
                  00015b84    00000018     sysbios.aer4ft : BIOS.obj (.text:ti_sysbios_family_arm_v7a_Pmu_initCounters__I)
                  00015b9c    00000018     mss_per4ft.oer4ft (.text:ti_sysbios_family_arm_v7r_vim_Hwi_Module__startupDone__F)
                  00015bb4    00000018     mss_per4ft.oer4ft (.text:ti_sysbios_family_arm_v7r_vim_Hwi_Params__init__S)
                  00015bcc    00000018     mss_per4ft.oer4ft (.text:ti_sysbios_knl_Semaphore_Params__init__S)
                  00015be4    00000018     mss_per4ft.oer4ft (.text:ti_sysbios_knl_Task_Params__init__S)
                  00015bfc    00000004     --HOLE-- [fill = 0]
                  00015c00    00000018     sysbios.aer4ft : BIOS.obj (.text:ti_sysbios_knl_Task_enter__I)
                  00015c18    00000018     mss_per4ft.oer4ft (.text:ti_sysbios_timers_rti_Timer_Module__startupDone__F)
                  00015c30    00000018     sysbios.aer4ft : BIOS.obj (.text:xdc_runtime_Error_init__E)
                  00015c48    00000016     rtsv7R4_T_le_v3D16_eabi.lib : strchr.obj (.text)
                  00015c5e    00000016                                 : strlen.obj (.text)
                  00015c74    00000016     mss_per4ft.oer4ft (.text:ti_sysbios_BIOS_exitFunc__I)
                  00015c8a    00000006     --HOLE-- [fill = 0]
                  00015c90    00000016     sysbios.aer4ft : BIOS.obj (.text:ti_sysbios_knl_Idle_loop__E)
                  00015ca6    0000000a     --HOLE-- [fill = 0]
                  00015cb0    00000016                    : BIOS.obj (.text:ti_sysbios_knl_Task_sleepTimeout__I)
                  00015cc6    00000014     libosal_xwr68xx.aer4f : CycleprofilerP_tirtos.oer4f (.text:CycleprofilerP_init)
                  00015cda    00000002     --HOLE-- [fill = 0]
                  00015cdc    00000014     libedma_xwr68xx.aer4f : edma_low_level.oer4f (.text:EDMA3GetIntrStatus)
                  00015cf0    00000014                           : edma_low_level.oer4f (.text:EDMA3IntrStatusHighGet)
                  00015d04    00000014                           : edma_low_level.oer4f (.text:EDMA3MapQdmaChToPaRAM)
                  00015d18    00000014     libosal_xwr68xx.aer4f : HwiP_tirtos.oer4f (.text:HwiP_Params_init)
                  00015d2c    00000014     libtestlogger_xwr68xx.aer4f : logger.oer4f (.text:MCPI_setTestResult)
                  00015d40    00000014     link_test.oer4f (.text:MmwaveLink_mboxCallbackFxn)
                  00015d54    00000014     libosal_xwr68xx.aer4f : DebugP_tirtos.oer4f (.text:_DebugP_assert)
                  00015d68    00000014     libmmwavelink_xwr68xx.aer4f : rl_controller.oer4f (.text:rlAppendDummy)
                  00015d7c    00000014                                 : rl_driver.oer4f (.text:rlDriverIsDeviceMapValid)
                  00015d90    00000014     rtsv7R4_T_le_v3D16_eabi.lib : _lock.obj (.text)
                  00015da4    00000014                                 : strcpy.obj (.text)
                  00015db8    00000014     mss_per4ft.oer4ft (.text:ti_sysbios_heaps_HeapMem_Object__get__S)
                  00015dcc    00000014     mss_per4ft.oer4ft (.text:ti_sysbios_knl_Swi_Object__get__S)
                  00015de0    00000012     libcrc_xwr68xx.aer4f : crc.oer4f (.text:CRC_initConfigParams)
                  00015df2    00000012     libedma_xwr68xx.aer4f : edma_low_level.oer4f (.text:EDMA3SetQdmaTrigWord)
                  00015e04    00000012     libosal_xwr68xx.aer4f : MemoryP_tirtos.oer4f (.text:MemoryP_ctrlAlloc)
                  00015e16    00000012                           : SemaphoreP_tirtos.oer4f (.text:SemaphoreP_pend)
                  00015e28    00000008     --HOLE-- [fill = 0]
                  00015e30    00000012     sysbios.aer4ft : BIOS.obj (.text:ti_sysbios_hal_Hwi_Module_startup__E)
                  00015e42    00000012     mss_per4ft.oer4ft (.text:xdc_runtime_Startup_exec__I)
                  00015e54    00000010     libadcbuf_xwr68xx.aer4f : ADCBuf.oer4f (.text:ADCBuf_Params_init)
                  00015e64    00000010     libcrc_xwr68xx.aer4f : crc.oer4f (.text:CRC_getSignatureRegister)
                  00015e74    00000010     link_test.oer4f (.text:MmwaveLink_registerInterruptHandler)
                  00015e84    00000010     link_test.oer4f (.text:MmwaveLink_transferCompletionCallbackFxn)
                  00015e94    00000010     link_test.oer4f (.text:MmwaveLink_triggerEdmaTransfer)
                  00015ea4    0000000c     --HOLE-- [fill = 0]
                  00015eb0    00000010     sysbios.aer4ft : BIOS.obj (.text:ti_sysbios_BIOS_exit__E)
                  00015ec0    00000010                    : BIOS.obj (.text:ti_sysbios_BIOS_setThreadType__E)
                  00015ed0    00000010                    : BIOS.obj (.text:ti_sysbios_BIOS_start__E)
                  00015ee0    00000010                    : BIOS.obj (.text:ti_sysbios_family_arm_v7a_Pmu_disableInterruptI__E)
                  00015ef0    00000010                    : BIOS.obj (.text:ti_sysbios_family_arm_v7a_Pmu_enableInterruptI__E)
                  00015f00    00000010                    : BIOS.obj (.text:ti_sysbios_family_arm_v7a_Pmu_getNumCounters__E)
                  00015f10    00000010                    : BIOS.obj (.text:ti_sysbios_family_arm_v7a_Pmu_startCounterI__E)
                  00015f20    00000010                    : BIOS.obj (.text:ti_sysbios_family_arm_v7a_Pmu_stopCounterI__E)
                  00015f30    00000010                    : BIOS.obj (.text:ti_sysbios_gates_GateMutex_Instance_finalize__E)
                  00015f40    00000010     mss_per4ft.oer4ft (.text:ti_sysbios_heaps_HeapBuf_Object__get__S)
                  00015f50    00000010     sysbios.aer4ft : BIOS.obj (.text:ti_sysbios_knl_Semaphore_Instance_finalize__E)
                  00015f60    00000010                    : BIOS.obj (.text:ti_sysbios_knl_Swi_disable__E)
                  00015f70    00000010     mss_per4ft.oer4ft (.text:ti_sysbios_knl_Task_Object__get__S)
                  00015f80    00000010     sysbios.aer4ft : BIOS.obj (.text:ti_sysbios_knl_Task_disable__E)
                  00015f90    00000010                    : BIOS.obj (.text:xdc_runtime_Memory_free__E)
                  00015fa0    00000010     mss_per4ft.oer4ft (.text:xdc_runtime_Text_visitRope__I)
                  00015fb0    0000000e     rtsv7R4_T_le_v3D16_eabi.lib : copy_decompress_none.obj (.text:decompress:none)
                  00015fbe    00000002     --HOLE-- [fill = 0]
                  00015fc0    0000000e     sysbios.aer4ft : BIOS.obj (.text:ti_sysbios_knl_Queue_empty__E)
                  00015fce    00000002     --HOLE-- [fill = 0]
                  00015fd0    0000000c                    : BIOS.obj (.text:ti_sysbios_family_arm_TaskSupport_checkStack__E)
                  00015fdc    00000004     --HOLE-- [fill = 0]
                  00015fe0    0000000c                    : BIOS.obj (.text:ti_sysbios_family_arm_TaskSupport_getStackAlignment__E)
                  00015fec    00000004     --HOLE-- [fill = 0]
                  00015ff0    0000000c                    : BIOS.obj (.text:ti_sysbios_family_arm_exc_Exception_Module_startup__E)
                  00015ffc    00000004     --HOLE-- [fill = 0]
                  00016000    0000000c                    : BIOS.obj (.text:ti_sysbios_family_arm_v7r_vim_Hwi_switchFromBootStack__E)
                  0001600c    00000004     --HOLE-- [fill = 0]
                  00016010    0000000c                    : BIOS.obj (.text:xdc_runtime_Startup_rtsDone__E)
                  0001601c    00000004     --HOLE-- [fill = 0]
                  00016020    0000000c                    : BIOS.obj (.text:xdc_runtime_SysStd_exit__E)
                  0001602c    00000004     --HOLE-- [fill = 0]
                  00016030    00000008                    : BIOS.obj (.text:ti_sysbios_gates_GateHwi_enter__E)
                  00016038    00000008     --HOLE-- [fill = 0]
                  00016040    00000006                    : BIOS.obj (.text:ti_sysbios_family_arm_v7r_vim_Hwi_startup__E)
                  00016046    0000000a     --HOLE-- [fill = 0]
                  00016050    00000006                    : BIOS.obj (.text:ti_sysbios_gates_GateHwi_leave__E)
                  00016056    0000000a     --HOLE-- [fill = 0]
                  00016060    00000006                    : BIOS.obj (.text:ti_sysbios_heaps_HeapMem_isBlocking__E)
                  00016066    0000000a     --HOLE-- [fill = 0]
                  00016070    00000006                    : BIOS.obj (.text:ti_sysbios_knl_Queue_Instance_init__E)
                  00016076    0000000a     --HOLE-- [fill = 0]
                  00016080    00000006                    : BIOS.obj (.text:xdc_runtime_System_Module_startup__E)
                  00016086    0000000a     --HOLE-- [fill = 0]
                  00016090    00000004                    : BIOS.obj (.text:ti_sysbios_gates_GateHwi_query__E)
                  00016094    0000000c     --HOLE-- [fill = 0]
                  000160a0    00000004                    : BIOS.obj (.text:ti_sysbios_gates_GateMutex_query__E)
                  000160a4    0000000c     --HOLE-- [fill = 0]
                  000160b0    00000004                    : BIOS.obj (.text:ti_sysbios_knl_Task_startup__E)
                  000160b4    0000000c     --HOLE-- [fill = 0]
                  000160c0    00000004                    : BIOS.obj (.text:ti_sysbios_timers_rti_Timer_getMaxTicks__E)
                  000160c4    0000000c     --HOLE-- [fill = 0]
                  000160d0    00000004                    : BIOS.obj (.text:xdc_runtime_SysStd_putch__E)
                  000160d4    0000000c     --HOLE-- [fill = 0]
                  000160e0    00000004                    : BIOS.obj (.text:xdc_runtime_SysStd_ready__E)
                  000160e4    0000000c     --HOLE-- [fill = 0]
                  000160f0    00000002                    : BIOS.obj (.text:ti_sysbios_BIOS_linkedWithIncorrectBootLibrary__E)
                  000160f2    0000000e     --HOLE-- [fill = 0]
                  00016100    00000002                    : BIOS.obj (.text:ti_sysbios_gates_GateHwi_Instance_init__E)

.const     0    00016104    00003a3e     
                  00016104    00001b6f     mss_per4ft.oer4ft (.const:xdc_runtime_Text_charTab__A)
                  00017c73    00000001     --HOLE-- [fill = 0]
                  00017c74    000007a8     link_testcase_config.oer4f (.const:dynChirpCfg)
                  0001841c    00000440     libmmwavelink_xwr68xx.aer4f : rl_monitoring.oer4f (.const:$O1$$)
                  0001885c    000002b8                                 : rl_sensor.oer4f (.const:$O1$$)
                  00018b14    00000284     link_test.oer4f (.const:$O2$$)
                  00018d98    00000101     rtsv7R4_T_le_v3D16_eabi.lib : ctype.obj (.const:.string:_ctypes_)
                  00018e99    00000001     --HOLE-- [fill = 0]
                  00018e9a    000000d8     mss_per4ft.oer4ft (.const:xdc_runtime_Text_nodeTab__A)
                  00018f72    000000d0     link_testcase_config.oer4f (.const:progFiltCoef)
                  00019042    00000002     mss_per4ft.oer4ft (.const:ti_sysbios_family_arm_exc_Exception_Module__id__C)
                  00019044    000000b0     link_testcase_config.oer4f (.const:profileCfg)
                  000190f4    00000088     libmmwavelink_xwr68xx.aer4f : rl_driver.oer4f (.const:$O2$$)
                  0001917c    00000080     mss_per4ft.oer4ft (.const:ti_sysbios_family_arm_v7r_vim_Hwi_channelMap__A)
                  000191fc    00000058     mss_per4ft.oer4ft (.const:.string)
                  00019254    00000044     link_testcase_config.oer4f (.const:rxGainPhaseMonCfg)
                  00019298    00000044     link_testcase_config.oer4f (.const:testSourceCfg)
                  000192dc    00000044     mss_per4ft.oer4ft (.const:ti_sysbios_knl_Task_Object__PARAMS__C)
                  00019320    00000038     libedma_xwr68xx.aer4f : edma_xwr1xxx.oer4f (.const:gEdmaHwAttrs)
                  00019358    00000034     link_testcase_config.oer4f (.const:txGainPhMisMatchMonCfg)
                  0001938c    00000030     mss_per4ft.oer4ft (.const:ti_sysbios_family_arm_v7r_vim_Hwi_Object__PARAMS__C)
                  000193bc    0000002c     mss_per4ft.oer4ft (.const:xdc_runtime_Startup_sfxnTab__A)
                  000193e8    00000028     link_testcase_config.oer4f (.const:chirpCfg)
                  00019410    00000028     mss_per4ft.oer4ft (.const:ti_sysbios_heaps_HeapMem_Module__FXNS__C)
                  00019438    00000024     link_test_monitoring.oer4f (.const:$O2$$)
                  0001945c    00000024     libmailbox_xwr68xx.aer4f : mailbox.oer4f (.const:Mailbox_defaultCfg)
                  00019480    00000024     mss_per4ft.oer4ft (.const:ti_sysbios_gates_GateHwi_Module__FXNS__C)
                  000194a4    00000024     mss_per4ft.oer4ft (.const:ti_sysbios_gates_GateMutex_Module__FXNS__C)
                  000194c8    00000024     mss_per4ft.oer4ft (.const:ti_sysbios_heaps_HeapMem_Object__PARAMS__C)
                  000194ec    00000024     mss_per4ft.oer4ft (.const:ti_sysbios_knl_Semaphore_Object__PARAMS__C)
[...]
00019a20  ti_sysbios_knl_Task_E_spOutOfBounds__C                               
00019a24  ti_sysbios_knl_Task_E_stackOverflow__C                               
00019a28  ti_sysbios_knl_Task_LD_block__C                                      
00019a2c  ti_sysbios_knl_Task_LD_exit__C                                       
00019a30  ti_sysbios_knl_Task_LD_ready__C                                      
00019a34  ti_sysbios_knl_Task_LM_sleep__C                                      
00019a38  ti_sysbios_knl_Task_LM_switch__C                                     
00019a3c  ti_sysbios_knl_Task_Module_State_inactiveQ__O                        
00019a40  ti_sysbios_knl_Task_Module__diagsEnabled__C                          
00019a44  ti_sysbios_knl_Task_Module__diagsIncluded__C                         
00019a48  ti_sysbios_knl_Task_Module__diagsMask__C                             
00019a4c  ti_sysbios_knl_Task_Module__loggerFxn2__C                            
00019a50  ti_sysbios_knl_Task_Module__loggerFxn4__C                            
00019a54  ti_sysbios_knl_Task_Module__loggerObj__C                             
00019a58  ti_sysbios_knl_Task_Object__count__C                                 
00019a5c  ti_sysbios_knl_Task_allBlockedFunc__C                                
00019a60  ti_sysbios_knl_Task_defaultStackHeap__C                              
00019a64  ti_sysbios_knl_Task_defaultStackSize__C                              
00019a68  ti_sysbios_knl_Task_numConstructedTasks__C                           
00019a6c  ti_sysbios_timers_rti_Timer_E_cannotSupport__C                       
00019a70  ti_sysbios_timers_rti_Timer_Module__diagsEnabled__C                  
00019a74  ti_sysbios_timers_rti_Timer_Module__diagsIncluded__C                 
00019a78  ti_sysbios_timers_rti_Timer_Module__diagsMask__C                     
00019a7c  ti_sysbios_timers_rti_Timer_numTimerDevices__C                       
00019a80  ti_sysbios_timers_rti_Timer_startupNeeded__C                         
00019a84  txGainTempLutReadCfg                                                 
00019a88  xdc_runtime_Assert_E_assertFailed__C                                 
00019a8c  xdc_runtime_Core_A_initializedParams__C                              
00019a90  xdc_runtime_Core_Module__diagsEnabled__C                             
00019a94  xdc_runtime_Core_Module__diagsIncluded__C                            
00019a98  xdc_runtime_Core_Module__diagsMask__C                                
00019a9c  xdc_runtime_Error_E_memory__C                                        
00019aa0  xdc_runtime_Error_Module__diagsEnabled__C                            
00019aa4  xdc_runtime_Error_Module__diagsIncluded__C                           
00019aa8  xdc_runtime_Error_Module__diagsMask__C                               
00019aac  xdc_runtime_Error_Module__loggerFxn8__C                              
00019ab0  xdc_runtime_Error_Module__loggerObj__C                               
00019ab4  xdc_runtime_Error_policyFxn__C                                       
00019ab8  xdc_runtime_Error_policy__C                                          
00019abc  xdc_runtime_Error_raiseHook__C                                       
00019ac0  xdc_runtime_IGateProvider_Interface__BASE__C                         
00019ac4  xdc_runtime_IHeap_Interface__BASE__C                                 
00019ac8  xdc_runtime_IModule_Interface__BASE__C                               
00019acc  xdc_runtime_Log_L_error__C                                           
00019ad0  xdc_runtime_Memory_defaultHeapInstance__C                            
00019ad4  xdc_runtime_Startup_execImpl__C                                      
00019ad8  xdc_runtime_Startup_maxPasses__C                                     
00019adc  xdc_runtime_Startup_sfxnRts__C                                       
00019ae0  xdc_runtime_Startup_sfxnTab__C                                       
00019ae4  xdc_runtime_System_Module__gateObj__C                                
00019ae8  xdc_runtime_System_abortFxn__C                                       
00019aec  xdc_runtime_System_exitFxn__C                                        
00019af0  xdc_runtime_System_extendFxn__C                                      
00019af4  xdc_runtime_System_maxAtexitHandlers__C                              
00019af8  xdc_runtime_Text_charTab__C                                          
00019afc  xdc_runtime_Text_nameEmpty__C                                        
00019b00  xdc_runtime_Text_nameStatic__C                                       
00019b04  xdc_runtime_Text_nameUnknown__C                                      
00019b08  xdc_runtime_Text_nodeTab__C                                          
00019b0c  xdc_runtime_Text_visitRopeFxn__C                                     
00019b10  ti_sysbios_family_arm_v7r_tms570_Core_Module__id__C                  
00019b12  ti_sysbios_family_arm_v7r_vim_Hwi_Module__id__C                      
00019b14  ti_sysbios_family_arm_v7r_vim_Hwi_Module__loggerDefined__C           
00019b16  ti_sysbios_gates_GateMutex_Module__id__C                             
00019b18  ti_sysbios_hal_Hwi_Module__id__C                                     
00019b1a  ti_sysbios_heaps_HeapMem_Module__id__C                               
00019b1c  ti_sysbios_knl_Clock_Module__id__C                                   
00019b1e  ti_sysbios_knl_Clock_Module__loggerDefined__C                        
00019b20  ti_sysbios_knl_Semaphore_Module__id__C                               
00019b22  ti_sysbios_knl_Semaphore_Module__loggerDefined__C                    
00019b24  ti_sysbios_knl_Swi_Module__id__C                                     
00019b26  ti_sysbios_knl_Swi_Module__loggerDefined__C                          
00019b28  ti_sysbios_knl_Task_Module__id__C                                    
00019b2a  ti_sysbios_knl_Task_Module__loggerDefined__C                         
00019b2c  ti_sysbios_timers_rti_Timer_Module__id__C                            
00019b2e  ti_sysbios_timers_rti_Timer_continueOnSuspend__C                     
00019b30  xdc_runtime_Core_Module__id__C                                       
00019b32  xdc_runtime_Error_Module__loggerDefined__C                           
00019b34  xdc_runtime_Error_maxDepth__C                                        
00019b36  xdc_runtime_Main_Module__id__C                                       
00019b38  xdc_runtime_Memory_Module__id__C                                     
00019b3a  xdc_runtime_Text_charCnt__C                                          
00019b3c  xdc_runtime_Text_isLoaded__C                                         
00019b3e  xdc_runtime_Text_registryModsLastId__C                               
00019b40  xdc_runtime_Text_unnamedModsLastId__C                                
00019e10  __TI_Handler_Table_Base                                              
00019e1c  __TI_Handler_Table_Limit                                             
00019e40  __TI_CINIT_Base                                                      
00019e68  __TI_CINIT_Limit                                                     
08000000  ti_sysbios_heaps_HeapMem_Instance_State_0_buf__A                     
08008000  MCPI_logMessage                                                      
0800a400  ti_sysbios_family_arm_exc_Exception_Module_State_0_excStack_0__A     
0800b400  ti_sysbios_knl_Task_Instance_State_0_stack__A                        
0800bc00  edmaDbg                                                              
0800c0e8  __CIOBUF_                                                            
0800c208  __TI_tmpnams                                                         
0800c2a8  gEsmMCB                                                              
0800c318  parmbuf                                                              
0800c320  isGetGpAdcMeasData                                                   
0800c322  gMonitoringStatus                                                    
0800c324  hit_count                                                            
0800c328  gMonitorHdrCnt                                                       
0800c32c  gInitTimeCalibStatus                                                 
0800c330  gRunTimeCalibStatus                                                  
0800c334  g_MailboxInterruptFunc                                               
0800c338  EdmaHandle                                                           
0800c33c  retryNegativeTestCfg                                                 
0800c340  errorStatusCnt                                                       
0800c34c  rfDevCfg                                                             
0800c358  gMmwaveLinkMCB                                                       
0800c370  rxGainTempLutData                                                    
0800c388  txGainTempLutData                                                    
0800c3c8  rcvGpAdcData                                                         
0800c410  getChirpCfg                                                          
0800c4d8  phShiftCalibData                                                     
0800c664  calibData                                                            
0800c910  rl_txMsg                                                             
0800ca10  rl_rxMsg                                                             
0800ccf8  monTestPassFlag                                                      
0800ccfc  anaMonEn                                                             
0800cd00  monTestCase                                                          
0800cd04  monAeCnt                                                             
0800cd54  monFailRepCheck                                                      
0800cda4  gMonDataAeStrct                                                      
0800d048  ti_sysbios_family_arm_v7r_vim_Hwi_Module_State_0_dispatchTable__A    
0800d248  _ftable                                                              
0800d338  advFrameCfg                                                          
0800d3f0  ti_sysbios_knl_Swi_Module_State_0_readyQ__A                          
0800d470  ti_sysbios_knl_Task_Module_State_0_readyQ__A                         
0800d4f0  _device                                                              
0800d568  ti_sysbios_knl_Task_Object__table__V                                 
0800d5c4  _stream                                                              
0800d614  gMailboxMCB                                                          
0800d664  ti_sysbios_knl_Task_Module__state__V                                 
0800d6ac  ti_sysbios_gates_GateMutex_Object__table__V                          
0800d6ec  ti_sysbios_timers_rti_Timer_Object__table__V                         
0800d728  ti_sysbios_family_arm_v7r_vim_Hwi_Module__state__V                   
0800d75c  cqDataVerifyTest                                                     
0800d760  gLinkFrameSem                                                        
0800d764  adcbufHandle                                                         
0800d768  gLinkSemParams                                                       
0800d78c  ti_sysbios_knl_Swi_Object__table__V                                  
0800d7bc  ti_sysbios_family_arm_v7r_vim_Hwi_Object__table__V                   
0800d7e8  ti_sysbios_knl_Clock_Module__state__V                                
0800d814  gDynChirpConfigNum                                                   
0800d815  chirpMissedError                                                     
0800d818  lastChirpIntTimeStamp                                                
0800d81c  gCqTestResult                                                        
0800d820  gCpTestResult                                                        
0800d824  framePeriodicity                                                     
0800d828  frameCount                                                           
0800d82c  chirpCount                                                           
0800d830  avgChirpTimeInterval                                                 
0800d838  ti_sysbios_BIOS_Module__state__V                                     
0800d860  gSOCHwAttrib                                                         
0800d880  xdc_runtime_Error_IgnoreBlock                                        
0800d8a0  xdc_runtime_System_Module_State_0_atexitHandlers__A                  
0800d8c0  ti_sysbios_knl_Swi_Module__state__V                                  
0800d8dc  ADCBuf_config                                                        
0800d8f4  frameCfg                                                             
0800d90c  gMailboxMssBssHwCfg                                                  
0800d924  gMailboxMssDssHwCfg                                                  
0800d93c  ti_sysbios_heaps_HeapMem_Object__table__V                            
0800d954  ti_sysbios_timers_rti_Timer_Module_State_0_device__A                 
0800d96c  ti_sysbios_family_arm_exc_Exception_Module__state__V                 
0800d980  __TI_ft_end                                                          
0800d984  __aeabi_stdin                                                        
0800d988  __aeabi_stdout                                                       
0800d98c  __aeabi_stderr                                                       
0800d990  ti_sysbios_timers_rti_Timer_Module_State_0_intFreqs__A               
0800d9a0  ti_sysbios_timers_rti_Timer_Module__state__V                         
0800d9b0  tx0BpmMonCfg                                                         
0800d9c0  tx0PowMonCfg                                                         
0800d9d0  tx1BpmMonCfg                                                         
0800d9e0  tx1PowMonCfg                                                         
0800d9f0  tx2BpmMonCfg                                                         
0800da00  tx2PowMonCfg                                                         
0800da10  gFrameStartStatus                                                    
0800da14  gMmwlChecksumFailAsyncEvent                                          
0800da18  gMmwlCrcFailAsyncEvent                                               
0800da1c  eDMADataTransferDone                                                 
0800da1d  cqTestStatus                                                         
0800da1e  cpTestStatus                                                         
0800da20  MCPI_Result                                                          
0800da24  MCPI_FailSignature                                                   
0800da2c  __TI_cleanup_ptr                                                     
0800da30  __TI_dtors_ptr                                                       
0800da34  __TI_enable_exit_profile_output                                      
0800da38  gESMHwCfgAttrs                                                       
0800da44  gMCPILogMessageSize                                                  
0800da48  gLinkMonitoringTest                                                  
0800da49  gLinkCalibTest                                                       
0800da4a  gLinkAdvanceFrameTest                                                
0800da4b  gLinkContModeTest                                                    
0800da4c  gDynamicChirpTest                                                    
0800da4d  gLinkBpmEnableTest                                                   
0800da4e  gLinkProgFiltTest                                                    
0800da4f  gLinkSubFrameTrigTest                                                
0800da50  gLinkChirpCnt                                                        
0800da54  gLinkFrameCnt                                                        
0800da58  dynChirpTestStatus                                                   
0800da5c  ti_sysbios_family_arm_v7a_Pmu_Module__state__V                       
0800da68  tx0BallBreakMonCfg                                                   
0800da74  tx1BallBreakMonCfg                                                   
0800da80  tx2BallBreakMonCfg                                                   
0800da8c  _lock                                                                
0800da90  _unlock                                                              
0800da94  ti_sysbios_family_arm_v7r_vim_Hwi_Module__root__V                    
0800da9c  ti_sysbios_gates_GateHwi_Module__root__V                             
0800daa4  ti_sysbios_gates_GateMutex_Module__root__V                           
0800daac  ti_sysbios_hal_Hwi_Object__table__V                                  
0800dab4  ti_sysbios_heaps_HeapMem_Module__root__V                             
0800dabc  ti_sysbios_knl_Queue_Module__root__V                                 
0800dac4  ti_sysbios_knl_Semaphore_Module__root__V                             
0800dacc  ti_sysbios_knl_Task_Module__root__V                                  
0800dad4  ti_sysbios_timers_rti_Timer_Module_State_0_handles__A                
0800dadc  tx0IntAnaSigMonCfg                                                   
0800dae4  tx1IntAnaSigMonCfg                                                   
0800daec  tx2IntAnaSigMonCfg                                                   
0800daf4  xdc_runtime_Registry_Module__state__V                                
0800dafc  xdc_runtime_Startup_Module__state__V                                 
0800db04  xdc_runtime_System_Module__state__V                                  
0800db0c  gCRCRegister                                                         
0800db10  regionId                                                             
0800db14  errno                                                                
0800db20  main_func_sp                                                         
0800db24  ti_sysbios_family_arm_exc_Exception_Module_State_0_excContext__A     
0800db28  ti_sysbios_family_arm_exc_Exception_Module_State_0_excStackBuffers__A
0800db2c  ti_sysbios_family_arm_exc_Exception_Module_State_0_excStack__A       
0800db30  ti_sysbios_gates_GateHwi_Object__table__V                            
0800db34  ti_sysbios_heaps_HeapBuf_Module__state__V                            
0800db38  ti_sysbios_knl_Task_Module_State_0_idleTask__A                       
0800db3c  xdc_runtime_Memory_Module__state__V                                  
0800db40  gLinkEnableTx2                                                       
0800db41  gLinkDig1TempSensor                                                  
0800db42  ti_sysbios_family_arm_exc_Exception_Module_State_0_excActive__A      
0800db44  xdc_runtime_Error_Module__state__V                                   
0800db48  __stack                                                              
0800eb48  __STACK_END                                                          
0800eb48  ti_sysbios_family_arm_v7r_vim_Hwi_Module_State_0_fiqStack__A         
fffffdec  ti_sysbios_family_arm_v7r_vim_Hwi_vim                                
ffffffff  __TI_pprof_out_hndl                                                  
ffffffff  __TI_prof_data_size                                                  
ffffffff  __TI_prof_data_start                                                 
ffffffff  __binit__                                                            
ffffffff  __c_args__                                                           
ffffffff  binit                                                                
UNDEFED   SHT$$INIT_ARRAY$$Base                                                
UNDEFED   SHT$$INIT_ARRAY$$Limit                                               

[1095 symbols]
