******************************************************************************
               TMS320C6x Linker Unix v8.3.3                    
******************************************************************************
>> Linked Fri Oct  2 10:30:06 2020

OUTPUT FILE NAME:   <test/xwr68xx/xwr68xx_link_dss.xe674>
ENTRY POINT SYMBOL: "_c_int00"  address: 007fdea0


MEMORY CONFIGURATION

         name            origin    length      used     unused   attr    fill
----------------------  --------  ---------  --------  --------  ----  --------
PAGE 0:
  L2SRAM_UMAP1          007e0000   00020000  00020000  00000000  RWIX
  L2SRAM_UMAP0          00800000   00020000  0001c47a  00003b86  RWIX
  L1PSRAM               00e00000   00004000  00000000  00004000  RWIX
  L1DSRAM               00f00000   00004000  00000000  00004000  RWIX
  L3SRAM                20000000   000c0000  00000000  000c0000  RWIX
  HWA_RAM               21030000   00010000  00000000  00010000  RWIX
  HSRAM                 21080000   00008000  00000000  00008000  RWIX

PAGE 1:
  L3SRAM                20000000   000c0000  00000000  000c0000  RWIX


SEGMENT ALLOCATION MAP

run origin  load origin   length   init length attrs members
----------  ----------- ---------- ----------- ----- -------
007e0000    007e0000    00020000   00020000    r-x
  007e0000    007e0000    00000200   00000200    r-x .vecs
  007e0200    007e0200    0001fe00   0001fe00    r-x .text.1
00800000    00800000    0000a400   00000000    rw-
  00800000    00800000    00008000   00000000    rw- systemHeap
  00808000    00808000    00002400   00000000    rw- .MCPILogBuffer
0080a400    0080a400    0000e40a   0000e40a    r-x
  0080a400    0080a400    00005980   00005980    r-x .text.2
  0080fd80    0080fd80    00008a8a   00008a8a    r-- .const
00818810    00818810    00003910   00001a94    rw-
  00818810    00818810    00001a94   00001a94    rw- .fardata
  0081a2a8    0081a2a8    00001000   00000000    rw- .stack
  0081b2a8    0081b2a8    00000e78   00000000    rw- .far
0081c120    0081c120    000001b8   000001b8    r--
  0081c120    0081c120    000001b8   000001b8    r-- .switch
0081c2d8    0081c2d8    00000139   00000000    rw-
  0081c2d8    0081c2d8    00000120   00000000    rw- .cio
  0081c3f8    0081c3f8    00000019   00000000    rw- .bss
0081c414    0081c414    00000070   00000070    rw-
  0081c414    0081c414    00000070   00000070    rw- .neardata


SECTION ALLOCATION MAP

 output                                  attributes/
section   page    origin      length       input sections
--------  ----  ----------  ----------   ----------------
xdc.meta   0    00000000    00000110     COPY SECTION
                  00000000    00000110     dss_pe674.oe674 (xdc.meta)

.vecs      0    007e0000    00000200     
                  007e0000    00000200     dss_pe674.oe674 (.vecs)

.text.1    0    007e0200    0001fe00     
                  007e0200    00001fe0     rts6740_elf.lib : _printfi.c.obj (.text:__TI_printfi)
                  007e21e0    00001180     mmwavelink_test_common.oe674 (.text:MmwaveLink_startTest)
                  007e3360    00000940     link_test.oe674 (.text:MmwaveLink_asyncEventHandler)
                  007e3ca0    00000920     link_test_monitoring.oe674 (.text:MmwaveLink_CheckMonitoringReport)
                  007e45c0    000008a0     ti.targets.rts6000.ae674 : System.oe674 (.text:xdc_runtime_System_doPrint__I)
                  007e4e60    000007c0     sysbios.ae674 : BIOS.obj (.text:ti_sysbios_knl_Semaphore_pend__E)
                  007e5620    00000780                   : BIOS.obj (.text:ti_sysbios_family_c64p_Exception_handler__I)
                  007e5da0    00000680     libadcbuf_xwr68xx.ae674 : adcbuf_mmwave.oe674 (.text:ADCBUF_MMWave_control)
                  007e6420    00000660     rts6740_elf.lib : _printfi.c.obj (.text:_pconv_a)
                  007e6a80    00000620     sysbios.ae674 : BIOS.obj (.text:ti_sysbios_heaps_HeapMem_allocUnprotected__E)
                  007e70a0    00000600     rts6740_elf.lib : divd.c.obj (.text:__c6xabi_divd)
                  007e76a0    000005c0     sysbios.ae674 : BIOS.obj (.text:ti_sysbios_heaps_HeapMem_freeUnprotected__E)
                  007e7c60    00000520                   : BIOS.obj (.text:ti_sysbios_knl_Task_Instance_finalize__E)
                  007e8180    000004e0                   : BIOS.obj (.text:ti_sysbios_knl_Task_sleep__E)
                  007e8660    00000440                   : BIOS.obj (.text:ti_sysbios_timers_rti_Timer_Module_startup__E)
                  007e8aa0    00000420     libmailbox_xwr68xx.ae674 : mailbox.oe674 (.text:Mailbox_open)
                  007e8ec0    00000420     link_test.oe674 (.text:MmwaveLink_getDynChirpConfig)
                  007e92e0    00000400     rts6740_elf.lib : _printfi.c.obj (.text:_pconv_g)
                  007e96e0    00000400     libmmwavelink_xwr68xx.ae674 : rl_driver.oe674 (.text:rlDriverRxHdrRead)
                  007e9ae0    000003e0     sysbios.ae674 : BIOS.obj (.text:ti_sysbios_knl_Task_Module_startup__E)
                  007e9ec0    000003c0     link_test_monitoring.oe674 (.text:MmwaveLink_monitoring)
                  007ea280    000003c0     sysbios.ae674 : BIOS.obj (.text:ti_sysbios_knl_Task_Instance_init__E)
                  007ea640    000003a0     link_test_monitoring.oe674 (.text:MmwaveLink_printMonitoringResult)
                  007ea9e0    00000360     libcrc_xwr68xx.ae674 : crc.oe674 (.text:CRC_open)
                  007ead40    00000360     libmmwavelink_xwr68xx.ae674 : rl_driver.oe674 (.text:rlDriverMsgRead)
                  007eb0a0    00000360     sysbios.ae674 : BIOS.obj (.text:ti_sysbios_knl_Semaphore_post__E)
                  007eb400    00000320     rts6740_elf.lib : fputs.c.obj (.text:fputs)
                  007eb720    000002e0     libmmwavelink_xwr68xx.ae674 : rl_driver.oe674 (.text:rlDriverCmdSendRetry)
                  007eba00    000002e0     sysbios.ae674 : BIOS.obj (.text:ti_sysbios_heaps_HeapMem_Instance_init__E)
                  007ebce0    000002c0     libedma_xwr68xx.ae674 : edma.oe674 (.text:EDMA_configChannel)
                  007ebfa0    000002c0     libmmwavelink_xwr68xx.ae674 : rl_driver.oe674 (.text:rlDriverCmdInvoke)
                  007ec260    000002c0     sysbios.ae674 : BIOS.obj (.text:ti_sysbios_knl_Clock_workFunc__E)
                  007ec520    000002a0     libcrc_xwr68xx.ae674 : crc.oe674 (.text:CRC_computeSignature)
                  007ec7c0    000002a0     libedma_xwr68xx.ae674 : edma.oe674 (.text:EDMA_open)
                  007eca60    000002a0     link_test.oe674 (.text:MmwaveLink_getProfileConfig)
                  007ecd00    000002a0     link_test.oe674 (.text:MmwaveLink_initLink)
                  007ecfa0    000002a0     rts6740_elf.lib : _printfi.c.obj (.text:_pconv_e)
                  007ed240    000002a0                     : _printfi.c.obj (.text:fcvt)
                  007ed4e0    00000280     sysbios.ae674 : BIOS.obj (.text:ti_sysbios_family_c64p_Cache_Module_startup__E)
                  007ed760    00000260     libtestlogger_xwr68xx.ae674 : logger.oe674 (.text:MCPI_setFeatureTestResult)
                  007ed9c0    00000260     rts6740_elf.lib : imath64.c.obj (.text:__c6xabi_divull)
                  007edc20    00000260     main_dss.oe674 (.text:main)
                  007ede80    00000260     libmmwavelink_xwr68xx.ae674 : rl_driver.oe674 (.text:rlDriverInit)
                  007ee0e0    00000260     sysbios.ae674 : BIOS.obj (.text:ti_sysbios_family_c64p_Cache_block__I)
                  007ee340    00000260                   : BIOS.obj (.text:ti_sysbios_family_c64p_Hwi_dispatchCore__I)
                  007ee5a0    00000260     ti.targets.rts6000.ae674 : Startup.oe674 (.text:xdc_runtime_Startup_startMods__I)
                  007ee800    00000240     link_test.oe674 (.text:MmwaveLink_computeCRC)
                  007eea40    00000240     libmmwavelink_xwr68xx.ae674 : rl_sensor.oe674 (.text:rlGetChirpConfig)
                  007eec80    00000240     sysbios.ae674 : BIOS.obj (.text:ti_sysbios_family_c64p_EventCombiner_dispatch__E)
                  007eeec0    00000240                   : BIOS.obj (.text:ti_sysbios_family_c64p_Exception_internalHandler__I)
                  007ef100    00000240                   : BIOS.obj (.text:ti_sysbios_timers_rti_Timer_getFreq__E)
                  007ef340    00000240     ti.targets.rts6000.ae674 : Core-mem.oe674 (.text:xdc_runtime_Core_createObject__I)
                  007ef580    00000240     dss_pe674.oe674 (.text:xdc_runtime_System_printfExtend__I)
                  007ef7c0    00000220     libedma_xwr68xx.ae674 : edma.oe674 (.text:EDMA_transferComplete_isr)
                  007ef9e0    00000220     libmailbox_xwr68xx.ae674 : mailbox.oe674 (.text:Mailbox_write)
                  007efc00    00000220     link_test_monitoring.oe674 (.text:MmwaveLink_monTest1)
                  007efe20    00000220     mmwavelink_test_common.oe674 (.text:MmwaveLink_subframeStart)
                  007f0040    00000220     sysbios.ae674 : BIOS.obj (.text:ti_sysbios_family_c64p_Hwi_reconfig__E)
                  007f0260    00000220                   : BIOS.obj (.text:ti_sysbios_knl_Swi_run__I)
                  007f0480    00000200     rts6740_elf.lib : _printfi.c.obj (.text:_ltostr)
                  007f0680    00000200     sysbios.ae674 : c64p_Hwi_disp_always.obj (.text:_ti_sysbios_family_c64p_Hwi_dispatchAlways)
                  007f0880    00000200     libmmwavelink_xwr68xx.ae674 : rl_sensor.oe674 (.text:rlRfPhShiftCalibDataStore)
                  007f0a80    00000200     ti.targets.rts6000.ae674 : Error.oe674 (.text:xdc_runtime_Error_policyDefault__E)
                  007f0c80    000001e0     libedma_xwr68xx.ae674 : edma.oe674 (.text:EDMA_init)
                  007f0e60    000001e0     libmmwavelink_xwr68xx.ae674 : rl_driver.oe674 (.text:rlDriverRdVerifyMsg)
                  007f1040    000001e0     sysbios.ae674 : BIOS.obj (.text:ti_sysbios_family_c64p_EventCombiner_dispatchPlug__E)
                  007f1220    000001e0                   : BIOS.obj (.text:ti_sysbios_gates_GateMutex_enter__E)
                  007f1400    000001e0                   : BIOS.obj (.text:ti_sysbios_knl_Task_exit__E)
                  007f15e0    000001e0     ti.targets.rts6000.ae674 : Text.oe674 (.text:xdc_runtime_Text_putSite__E)
                  007f17c0    000001c0     libmailbox_xwr68xx.ae674 : mailbox.oe674 (.text:Mailbox_read)
                  007f1980    000001c0     link_test.oe674 (.text:MmwaveLink_VerifyCQData)
                  007f1b40    000001c0     link_test.oe674 (.text:MmwaveLink_negativeTest)
                  007f1d00    000001c0     rts6740_elf.lib : imath40.c.obj (.text:__c6xabi_divul)
                  007f1ec0    000001c0                     : fputc.c.obj (.text:fputc)
                  007f2080    000001c0                     : frexp.c.obj (.text:frexp)
                  007f2240    000001c0                     : ldexp.c.obj (.text:ldexp)
                  007f2400    000001c0     libmmwavelink_xwr68xx.ae674 : rl_driver.oe674 (.text:rlDriverMsgCmdReply)
                  007f25c0    000001c0     rts6740_elf.lib : setvbuf.c.obj (.text:setvbuf)
                  007f2780    000001c0     sysbios.ae674 : BIOS.obj (.text:ti_sysbios_knl_Task_checkStacks__E)
                  007f2940    000001a0     libadcbuf_xwr68xx.ae674 : adcbuf_mmwave.oe674 (.text:ADCBUF_MMWave_open)
                  007f2ae0    000001a0     libedma_xwr68xx.ae674 : edma.oe674 (.text:EDMA_paramConfig_assist)
                  007f2c80    000001a0     rts6740_elf.lib : hostrename.c.obj (.text:HOSTrename)
                  007f2e20    000001a0     link_test.oe674 (.text:MmwaveLink_VerifyCPData)
                  007f2fc0    000001a0     libmmwavelink_xwr68xx.ae674 : rl_driver.oe674 (.text:rlDriverDeInit)
                  007f3160    000001a0                                 : rl_driver.oe674 (.text:rlDriverMsgWrite)
                  007f3300    000001a0                                 : rl_sensor.oe674 (.text:rlGetFrameConfig)
                  007f34a0    000001a0                                 : rl_sensor.oe674 (.text:rlRfCalibDataStore)
                  007f3640    000001a0                                 : rl_sensor.oe674 (.text:rlRfPhShiftCalibDataRestore)
                  007f37e0    000001a0                                 : rl_sensor.oe674 (.text:rlRfSetPhaseShiftConfig)
                  007f3980    000001a0                                 : rl_sensor.oe674 (.text:rlSetChirpConfig)
                  007f3b20    000001a0                                 : rl_sensor.oe674 (.text:rlSetDynPerChirpPhShifterCfg)
                  007f3cc0    000001a0                                 : rl_sensor.oe674 (.text:rlSetMultiBpmChirpConfig)
                  007f3e60    000001a0                                 : rl_sensor.oe674 (.text:rlSetMultiChirpCfg)
                  007f4000    000001a0     sysbios.ae674 : BIOS.obj (.text:ti_sysbios_family_c64p_Cache_getL2InitSize__I)
                  007f41a0    000001a0                   : BIOS.obj (.text:ti_sysbios_family_c64p_EventCombiner_disableEvent__E)
                  007f4340    000001a0                   : BIOS.obj (.text:ti_sysbios_family_c64p_EventCombiner_enableEvent__E)
                  007f44e0    000001a0                   : BIOS.obj (.text:ti_sysbios_heaps_HeapBuf_Module_startup__E)
                  007f4680    000001a0                   : BIOS.obj (.text:ti_sysbios_knl_Task_schedule__I)
                  007f4820    000001a0                   : BIOS.obj (.text:ti_sysbios_timers_rti_Timer_startup__E)
                  007f49c0    000001a0     ti.targets.rts6000.ae674 : Core-smem.oe674 (.text:xdc_runtime_Core_constructObject__I)
                  007f4b60    00000180     libadcbuf_xwr68xx.ae674 : adcbuf_mmwave.oe674 (.text:ADCBUFCmdParamCheck)
                  007f4ce0    00000180     link_test.oe674 (.text:MmwaveLink_adcBufConfig)
                  007f4e60    00000180     libmmwavelink_xwr68xx.ae674 : rl_sensor.oe674 (.text:rlSetProfileConfig)
                  007f4fe0    00000180     sysbios.ae674 : c64p_Exception_asm.obj (.text)
                  007f5160    00000180                   : BIOS.obj (.text:ti_sysbios_knl_Task_postInit__I)
                  007f52e0    00000180                   : BIOS.obj (.text:ti_sysbios_knl_Task_startCore__E)
                  007f5460    00000160     libedma_xwr68xx.ae674 : edma.oe674 (.text:EDMA_getErrorStatusInfo)
                  007f55c0    00000160     libmailbox_xwr68xx.ae674 : mailbox.oe674 (.text:Mailbox_close)
                  007f5720    00000160     link_test.oe674 (.text:MmwaveLink_getFrameConfig)
                  007f5880    00000160     link_test.oe674 (.text:MmwaveLink_getVersion)
                  007f59e0    00000160     link_test_monitoring.oe674 (.text:MmwaveLink_verifyRxGainPhRep)
                  007f5b40    00000160     libsoc_xwr68xx.ae674 : soc.oe674 (.text:SOC_registerSysIntListener)
                  007f5ca0    00000160                          : soc_xwr68xx.oe674 (.text:SOC_ungateClock)
                  007f5e00    00000160     link_test.oe674 (.text:mmwaveLink_getTemperatureReport)
                  007f5f60    00000160     libmmwavelink_xwr68xx.ae674 : rl_driver.oe674 (.text:rlDriverMsgReadCmdCtx)
                  007f60c0    00000160                                 : rl_driver.oe674 (.text:rlDriverWaitForResponse)
                  007f6220    00000160                                 : rl_sensor.oe674 (.text:rlGetAdvFrameConfig)
                  007f6380    00000160                                 : rl_sensor.oe674 (.text:rlRfCalibDataRestore)
                  007f64e0    00000160                                 : rl_monitoring.oe674 (.text:rlRfTxBallbreakMonConfig)
                  007f6640    00000160                                 : rl_monitoring.oe674 (.text:rlRfTxBpmMonConfig)
                  007f67a0    00000160                                 : rl_monitoring.oe674 (.text:rlRfTxIntAnaSignalsMonConfig)
                  007f6900    00000160                                 : rl_monitoring.oe674 (.text:rlRfTxPowrMonConfig)
                  007f6a60    00000160                                 : rl_sensor.oe674 (.text:rlSetFrameConfig)
                  007f6bc0    00000160     sysbios.ae674 : BIOS.obj (.text:ti_sysbios_family_c64p_Hwi_Module_startup__E)
                  007f6d20    00000160                   : BIOS.obj (.text:ti_sysbios_knl_Swi_post__E)
                  007f6e80    00000160     ti.targets.rts6000.ae674 : Text.oe674 (.text:xdc_runtime_Text_putMod__E)
                  007f6fe0    00000140     libedma_xwr68xx.ae674 : edma_low_level.oe674 (.text:EDMA3Init)
                  007f7120    00000140                           : edma.oe674 (.text:EDMA_clearErrors)
                  007f7260    00000140     mmwavelink_test_common.oe674 (.text:Mmwavelink_frameInterrupCallBackFunc)
                  007f73a0    00000140     libsoc_xwr68xx.ae674 : soc.oe674 (.text:SOC_init)
                  007f74e0    00000140     libmmwavelink_xwr68xx.ae674 : rl_device.oe674 (.text:rlDevicePowerOn)
                  007f7620    00000140                                 : rl_driver.oe674 (.text:rlDriverMsgReadSpawnCtx)
                  007f7760    00000140                                 : rl_sensor.oe674 (.text:rlGetProfileConfig)
                  007f78a0    00000140                                 : rl_sensor.oe674 (.text:rlSetAdvFrameConfig)
                  007f79e0    00000140     sysbios.ae674 : BIOS.obj (.text:ti_sysbios_family_c64p_Cache_getL1DInitSize__I)
                  007f7b20    00000140                   : BIOS.obj (.text:ti_sysbios_family_c64p_Cache_getL1PInitSize__I)
                  007f7c60    00000140                   : BIOS.obj (.text:ti_sysbios_knl_Semaphore_Instance_init__E)
                  007f7da0    00000140                   : BIOS.obj (.text:ti_sysbios_knl_Task_blockI__E)
                  007f7ee0    00000140                   : BIOS.obj (.text:ti_sysbios_timers_rti_Timer_initDevice__I)
                  007f8020    00000140     ti.targets.rts6000.ae674 : Core-mem.oe674 (.text:xdc_runtime_Core_deleteObject__I)
                  007f8160    00000140                              : Text.oe674 (.text:xdc_runtime_Text_putLab__E)
                  007f82a0    00000120     libadcbuf_xwr68xx.ae674 : adcbuf_mmwave.oe674 (.text:ADCBUF_MMWave_getChanBufAddr)
                  007f83c0    00000120     link_test.oe674 (.text:MmwaveLink_getAdvFrameConfig)
                  007f84e0    00000120     libsoc_xwr68xx.ae674 : soc_xwr68xx.oe674 (.text:SOC_gateClock)
                  007f8600    00000120     boot.ae674 : autoinit.oe674 (.text:_auto_init_elf)
                  007f8720    00000120     rts6740_elf.lib : _printfi.c.obj (.text:_pconv_f)
                  007f8840    00000120                     : getdevice.c.obj (.text:getdevice)
                  007f8960    00000120     libmmwavelink_xwr68xx.ae674 : rl_driver.oe674 (.text:rlDriverAsyncEventHandler)
                  007f8a80    00000120                                 : rl_driver.oe674 (.text:rlDriverProcRdMsg)
                  007f8ba0    00000120                                 : rl_sensor.oe674 (.text:rlRxGainTempLutGet)
                  007f8cc0    00000120                                 : rl_sensor.oe674 (.text:rlSetDynChirpCfg)
                  007f8de0    00000120                                 : rl_sensor.oe674 (.text:rlTxGainTempLutGet)
                  007f8f00    00000120     sysbios.ae674 : BIOS.obj (.text:ti_sysbios_family_c64p_Hwi_Instance_init__E)
                  007f9020    00000120                   : BIOS.obj (.text:ti_sysbios_knl_Swi_restoreHwi__E)
                  007f9140    00000120                   : BIOS.obj (.text:ti_sysbios_knl_Task_unblockI__E)
                  007f9260    00000100     libmailbox_xwr68xx.ae674 : mailbox.oe674 (.text:Mailbox_readFlush)
                  007f9360    00000100     link_test.oe674 (.text:MmwaveLink_mboxRead)
                  007f9460    00000100     link_test.oe674 (.text:MmwaveLink_rlSetLoopBackBurstCfg)
                  007f9560    00000100     libsoc_xwr68xx.ae674 : soc_xwr68xx_dss.oe674 (.text:SOC_deviceInit)
                  007f9660    00000100     rts6740_elf.lib : fclose.c.obj (.text:__TI_closefile)
                  007f9760    00000100                     : _printfi.c.obj (.text:_mcpy)
                  007f9860    00000100                     : atoi.c.obj (.text:atoi)
                  007f9960    00000100                     : fflush.c.obj (.text:fflush)
                  007f9a60    00000100                     : fseek.c.obj (.text:fseek)
                  007f9b60    00000100     libmmwavelink_xwr68xx.ae674 : rl_device.oe674 (.text:rlDeviceGetVersion)
                  007f9c60    00000100                                 : rl_device.oe674 (.text:rlDevicePowerOff)
                  007f9d60    00000100                                 : rl_driver.oe674 (.text:rlDriverClientCbCheck)
                  007f9e60    00000100                                 : rl_driver.oe674 (.text:rlDriverOsiCbCheck)
                  007f9f60    00000100     sysbios.ae674 : BIOS.obj (.text:ti_sysbios_family_c64p_Hwi_Instance_finalize__E)
                  007fa060    00000100                   : BIOS.obj (.text:ti_sysbios_knl_Swi_schedule__I)
                  007fa160    00000100     ti.targets.rts6000.ae674 : Error.oe674 (.text:xdc_runtime_Error_print__E)
                  007fa260    00000100                              : Memory.oe674 (.text:xdc_runtime_Memory_alloc__E)
                  007fa360    00000100                              : Startup.oe674 (.text:xdc_runtime_Startup_exec__E)
                  007fa460    000000e0     libcrc_xwr68xx.ae674 : crc.oe674 (.text:CRC_getTransactionId)
                  007fa540    000000e0     libedma_xwr68xx.ae674 : edma.oe674 (.text:EDMA_transferController_error_isr)
                  007fa620    000000e0     rts6740_elf.lib : hostlseek.c.obj (.text:HOSTlseek)
                  007fa700    000000e0                     : hostopen.c.obj (.text:HOSTopen)
                  007fa7e0    000000e0                     : hostwrite.c.obj (.text:HOSTwrite)
                  007fa8c0    000000e0     libmailbox_xwr68xx.ae674 : mailbox.oe674 (.text:Mailbox_boxFullISRMssDss)
                  007fa9a0    000000e0                              : mailbox.oe674 (.text:Mailbox_init)
                  007faa80    000000e0     link_test.oe674 (.text:MmwaveLink_ConfigEdma)
                  007fab60    000000e0     link_test.oe674 (.text:MmwaveLink_mboxOpen)
                  007fac40    000000e0     link_test.oe674 (.text:MmwaveLink_mboxWrite)
                  007fad20    000000e0     link_test.oe674 (.text:MmwaveLink_sensorStop)
                  007fae00    000000e0     rts6740_elf.lib : _ltoa.c.obj (.text:__TI_ltoa)
                  007faee0    000000e0                     : _io_perm.c.obj (.text:__TI_wrt_ok)
                  007fafc0    000000e0                     : close.c.obj (.text:close)
                  007fb0a0    000000e0                     : exit.c.obj (.text:exit)
                  007fb180    000000e0                     : memset.c.obj (.text:memset)
                  007fb260    000000e0                     : printf.c.obj (.text:printf)
                  007fb340    000000e0     libmmwavelink_xwr68xx.ae674 : rl_driver.oe674 (.text:rlDriverHostIrqHandler)
                  007fb420    000000e0                                 : rl_driver.oe674 (.text:rlDriverValidateHdr)
                  007fb500    000000e0     sysbios.ae674 : BIOS.obj (.text:ti_sysbios_heaps_HeapMem_alloc__E)
                  007fb5e0    000000e0                   : BIOS.obj (.text:ti_sysbios_knl_Swi_runLoop__I)
                  007fb6c0    000000e0                   : BIOS.obj (.text:ti_sysbios_knl_Swi_startup__E)
                  007fb7a0    000000e0     ti.targets.rts6000.ae674 : Text.oe674 (.text:xdc_runtime_Text_visitRope2__I)
                  007fb880    000000c0     libcrc_xwr68xx.ae674 : crc.oe674 (.text:CRC_getSignature)
                  007fb940    000000c0     libedma_xwr68xx.ae674 : edma.oe674 (.text:EDMA_error_isr)
                  007fba00    000000c0                           : edma.oe674 (.text:EDMA_startDmaTransfer)
                  007fbac0    000000c0     rts6740_elf.lib : hostread.c.obj (.text:HOSTread)
                  007fbb80    000000c0                     : hostunlink.c.obj (.text:HOSTunlink)
                  007fbc40    000000c0     libmailbox_xwr68xx.ae674 : mailbox.oe674 (.text:Mailbox_boxFullISRProcessing)
                  007fbd00    000000c0     link_test.oe674 (.text:MmwaveLink_CQedmaSetup)
                  007fbdc0    000000c0     link_test.oe674 (.text:MmwaveLink_progFilterConfig)
                  007fbe80    000000c0     link_test_monitoring.oe674 (.text:MmwaveLink_setInitTimeCalibConfig)
                  007fbf40    000000c0     link_test_monitoring.oe674 (.text:MmwaveLink_setRfAnaMonConfig)
                  007fc000    000000c0     main_dss.oe674 (.text:MmwaveLink_setupEventCombiner)
                  007fc0c0    000000c0     mmwavelink_test_common.oe674 (.text:Mmwavelink_chirpAvailInterrupCallBackFunc)
                  007fc180    000000c0     rts6740_elf.lib : divu.asm.obj (.text:__divu)
                  007fc240    000000c0                     : remi.asm.obj (.text:__remi)
                  007fc300    000000c0     link_test.oe674 (.text:mmwaveLink_PSLoopBackConfig)
                  007fc3c0    000000c0     link_test_monitoring.oe674 (.text:mmwaveLink_digMonEnableConfig)
                  007fc480    000000c0     link_test.oe674 (.text:mmwaveLink_getDieIdStaus)
                  007fc540    000000c0     link_test.oe674 (.text:mmwaveLink_testSourceConfig)
                  007fc600    000000c0     libmmwavelink_xwr68xx.ae674 : rl_driver.oe674 (.text:rlDriverCalChkSum)
                  007fc6c0    000000c0                                 : rl_driver.oe674 (.text:rlDriverExecuteGetApi)
                  007fc780    000000c0                                 : rl_driver.oe674 (.text:rlDriverExecuteSetApi)
                  007fc840    000000c0                                 : rl_controller.oe674 (.text:rlGetSubBlock)
                  007fc900    000000c0     dss_pe674.oe674 (.text:ti_sysbios_family_c64p_Hwi_create)
                  007fc9c0    000000c0     sysbios.ae674 : BIOS.obj (.text:ti_sysbios_heaps_HeapMem_getStats__E)
                  007fca80    000000c0                   : BIOS.obj (.text:ti_sysbios_knl_Clock_logTick__E)
                  007fcb40    000000c0                   : BIOS.obj (.text:ti_sysbios_knl_Task_allBlockedFunction__I)
                  007fcc00    000000c0     dss_pe674.oe674 (.text:ti_sysbios_knl_Task_create)
                  007fccc0    000000c0     rts6740_elf.lib : tls.c.obj (.text:tls:init:__TI_tls_init)
                  007fcd80    000000c0     ti.targets.rts6000.ae674 : Assert.oe674 (.text:xdc_runtime_Assert_raise__I)
                  007fce40    000000c0                              : Error.oe674 (.text:xdc_runtime_Error_setX__E)
                  007fcf00    000000a0     libedma_xwr68xx.ae674 : edma_low_level.oe674 (.text:EDMA3EnableChInShadowReg)
                  007fcfa0    000000a0                           : edma_low_level.oe674 (.text:EDMA3EnableTransfer)
                  007fd040    000000a0                           : edma.oe674 (.text:EDMA_disableChannel)
                  007fd0e0    000000a0                           : edma.oe674 (.text:EDMA_enableChannel)
                  007fd180    000000a0     rts6740_elf.lib : hostclose.c.obj (.text:HOSTclose)
                  007fd220    000000a0     libmailbox_xwr68xx.ae674 : mailbox.oe674 (.text:Mailbox_boxEmptyISRProcessing)
                  007fd2c0    000000a0     link_test.oe674 (.text:MmwaveLink_getRfBootupStatus)
                  007fd360    000000a0     link_test.oe674 (.text:MmwaveLink_mmwaveLinkMgmtTask)
                  007fd400    000000a0     link_test.oe674 (.text:MmwaveLink_rfCalibration)
                  007fd4a0    000000a0     link_test_monitoring.oe674 (.text:MmwaveLink_rlRfDigMonPeriodicConfig)
                  007fd540    000000a0     link_test.oe674 (.text:MmwaveLink_rlSetDynChirpCfg)
                  007fd5e0    000000a0     link_test.oe674 (.text:MmwaveLink_sensorStart)
                  007fd680    000000a0     link_test.oe674 (.text:MmwaveLink_setBpmChirpConfig)
                  007fd720    000000a0     link_test_monitoring.oe674 (.text:MmwaveLink_setCalMonConfig)
                  007fd7c0    000000a0     link_test.oe674 (.text:MmwaveLink_setChannelConfig)
                  007fd860    000000a0     link_test.oe674 (.text:MmwaveLink_setFrameConfig)
                  007fd900    000000a0     link_test.oe674 (.text:MmwaveLink_setGpAdcConfig)
                  007fd9a0    000000a0     link_test.oe674 (.text:MmwaveLink_setMultiChirpConfig)
                  007fda40    000000a0     link_test_monitoring.oe674 (.text:MmwaveLink_setRfRxIntAnaSignalMonConfig)
                  007fdae0    000000a0     link_test_monitoring.oe674 (.text:MmwaveLink_setRfSynthFreqNonLiveMonConfig)
                  007fdb80    000000a0     link_test_monitoring.oe674 (.text:MmwaveLink_setRunTimeCalibConfig)
                  007fdc20    000000a0     libsoc_xwr68xx.ae674 : soc.oe674 (.text:SOC_SystemISR)
                  007fdcc0    000000a0     rts6740_elf.lib : fopen.c.obj (.text:__TI_cleanup)
                  007fdd60    000000a0                     : fflush.c.obj (.text:__TI_doflush)
                  007fde00    000000a0                     : remu.asm.obj (.text:__remu)
                  007fdea0    000000a0     boot.ae674 : boot.oe674 (.text:_c_int00)
                  007fdf40    000000a0     rts6740_elf.lib : _printfi.c.obj (.text:_ecpy)
                  007fdfe0    000000a0     sysbios.ae674 : c64p_Hwi_asm.obj (.text:_ti_sysbios_family_c64p_Hwi_plug__E)
                  007fe080    000000a0     rts6740_elf.lib : getdevice.c.obj (.text:finddevice)
                  007fe120    000000a0                     : memcpy64.asm.obj (.text:memcpy)
                  007fe1c0    000000a0     link_test.oe674 (.text:mmwaveLink_IFLoopBackConfig)
                  007fe260    000000a0     link_test.oe674 (.text:mmwaveLink_PALoopBackConfig)
                  007fe300    000000a0     link_test.oe674 (.text:mmwaveLink_calibDataRestore)
                  007fe3a0    000000a0     link_test.oe674 (.text:mmwaveLink_dynPerChirpPhaseShifterConfig)
                  007fe440    000000a0     link_test.oe674 (.text:mmwaveLink_getDfeRxStatisticsReport)
                  007fe4e0    000000a0     link_test.oe674 (.text:mmwaveLink_phShiftCalibDataStore)
                  007fe580    000000a0     libmmwavelink_xwr68xx.ae674 : rl_controller.oe674 (.text:rlAppendSubBlock)
                  007fe620    000000a0                                 : rl_driver.oe674 (.text:rlDriverVerifyCRC)
                  007fe6c0    000000a0     sysbios.ae674 : BIOS.obj (.text:ti_sysbios_family_c64p_Exception_Module_startup__E)
                  007fe760    000000a0                   : BIOS.obj (.text:ti_sysbios_family_c64p_Hwi_dispatchC__I)
                  007fe800    000000a0                   : BIOS.obj (.text:ti_sysbios_family_c64p_Hwi_eventMap__E)
                  007fe8a0    000000a0                   : BIOS.obj (.text:ti_sysbios_family_c64p_Hwi_getStackInfo__E)
                  007fe940    000000a0     ti.targets.rts6000.ae674 : Core-params.oe674 (.text:xdc_runtime_Core_assignParams__I)
                  007fe9e0    000000a0                              : System.oe674 (.text:xdc_runtime_System_formatNum__I)
                  007fea80    000000a0                              : System.oe674 (.text:xdc_runtime_System_putchar__I)
                  007feb20    000000a0                              : Text.oe674 (.text:xdc_runtime_Text_printVisFxn__I)
                  007febc0    000000a0                              : Text.oe674 (.text:xdc_runtime_Text_xprintf__I)
                  007fec60    00000080     libadcbuf_xwr68xx.ae674 : adcbuf_mmwave.oe674 (.text:ADCBUF_MMWave_close)
                  007fece0    00000080                             : ADCBuf.oe674 (.text:ADCBuf_init)
                  007fed60    00000080     libedma_xwr68xx.ae674 : edma_low_level.oe674 (.text:EDMA3MapChToEvtQ)
                  007fede0    00000080                           : edma.oe674 (.text:EDMA_getTransferControllerErrorStatusInfo)
                  007fee60    00000080     libmailbox_xwr68xx.ae674 : mailbox.oe674 (.text:Mailbox_writeReset)
                  007feee0    00000080     link_test_monitoring.oe674 (.text:MmwaveLink_RxMixerInPwrConfig)
                  007fef60    00000080     link_test.oe674 (.text:MmwaveLink_enableContMode)
                  007fefe0    00000080     main_dss.oe674 (.text:MmwaveLink_initTask)
                  007ff060    00000080     link_test.oe674 (.text:MmwaveLink_openEDMA)
                  007ff0e0    00000080     link_test.oe674 (.text:MmwaveLink_rfSetLdoBypassConfig)
                  007ff160    00000080     link_test.oe674 (.text:MmwaveLink_rlSetDynChirpEn)
                  007ff1e0    00000080     link_test.oe674 (.text:MmwaveLink_setAdcOutConfig)
                  007ff260    00000080     link_test.oe674 (.text:MmwaveLink_setAdvFrameConfig)
                  007ff2e0    00000080     link_test.oe674 (.text:MmwaveLink_setBpmCommonConfig)
                  007ff360    00000080     link_test.oe674 (.text:MmwaveLink_setChirpConfig)
                  007ff3e0    00000080     link_test.oe674 (.text:MmwaveLink_setContModeConfig)
                  007ff460    00000080     link_test.oe674 (.text:MmwaveLink_setHsiClk)
                  007ff4e0    00000080     link_test.oe674 (.text:MmwaveLink_setLowPowerModeConfig)
                  007ff560    00000080     link_test.oe674 (.text:MmwaveLink_setProfileConfig)
                  007ff5e0    00000080     link_test_monitoring.oe674 (.text:MmwaveLink_setRfAnaMonConfigCq)
                  007ff660    00000080     link_test.oe674 (.text:MmwaveLink_setRfDevCfg)
                  007ff6e0    00000080     link_test_monitoring.oe674 (.text:MmwaveLink_setRfDualClkCompMonConfig)
                  007ff760    00000080     link_test_monitoring.oe674 (.text:MmwaveLink_setRfExtAnaSignalsMonConfig)
                  007ff7e0    00000080     link_test_monitoring.oe674 (.text:MmwaveLink_setRfGpadcIntAnaSignalsMonConfig)
                  007ff860    00000080     link_test_monitoring.oe674 (.text:MmwaveLink_setRfPllContrlVoltMonConfig)
                  007ff8e0    00000080     link_test_monitoring.oe674 (.text:MmwaveLink_setRfPmClkLoIntAnaSignalsMonConfig)
                  007ff960    00000080     link_test_monitoring.oe674 (.text:MmwaveLink_setRfRxGainPhaMonConfig)
                  007ff9e0    00000080     link_test_monitoring.oe674 (.text:MmwaveLink_setRfRxIfSatMonConfig)
                  007ffa60    00000080     link_test_monitoring.oe674 (.text:MmwaveLink_setRfRxIfStageMonConfig)
                  007ffae0    00000080     link_test_monitoring.oe674 (.text:MmwaveLink_setRfRxNoiseMonConfig)
                  007ffb60    00000080     link_test_monitoring.oe674 (.text:MmwaveLink_setRfRxSigImgMonConfig)
                  007ffbe0    00000080     link_test_monitoring.oe674 (.text:MmwaveLink_setRfSynthFreqMonConfig)
                  007ffc60    00000080     link_test_monitoring.oe674 (.text:MmwaveLink_setRfTempMonConfig)
                  007ffce0    00000080     link_test_monitoring.oe674 (.text:MmwaveLink_setRfTxBallbreakMonConfig)
                  007ffd60    00000080     link_test_monitoring.oe674 (.text:MmwaveLink_setRfTxBpmMonConfig)
                  007ffde0    00000080     link_test_monitoring.oe674 (.text:MmwaveLink_setRfTxGainPhaseMismatchMonConfig)
                  007ffe60    00000080     link_test_monitoring.oe674 (.text:MmwaveLink_setRfTxIntAnaSignalMonConfig)
                  007ffee0    00000080     link_test_monitoring.oe674 (.text:MmwaveLink_setRfTxPowMonConfig)
                  007fff60    00000080     libosal_xwr68xx.ae674 : SemaphoreP_tirtos.oe674 (.text:SemaphoreP_create)
                  007fffe0    00000020     libadcbuf_xwr68xx.ae674 : adcbuf_mmwave.oe674 (.text:ADCBUF_MMWave_init)

systemHeap 
*          0    00800000    00008000     UNINITIALIZED
                  00800000    00008000     dss_pe674.oe674 (systemHeap)

.MCPILogBuffer 
*          0    00808000    00002400     UNINITIALIZED
                  00808000    00002400     main_dss.oe674 (.MCPILogBuffer)

.text.2    0    0080a400    00005980     
                  0080a400    00000080     rts6740_elf.lib : trgmsg.c.obj (.text:__TI_readmsg)
                  0080a480    00000080                     : llshift.c.obj (.text:__c6xabi_llshl)
                  0080a500    00000080                     : snprintf.c.obj (.text:_outs)
                  0080a580    00000080     sysbios.ae674 : c62_TaskSupport_asm.obj (.text:_ti_sysbios_family_c62_TaskSupport_swap__E)
                  0080a600    00000080     link_test.oe674 (.text:mmwaveLink_RxGainTempLutConfig)
                  0080a680    00000080     link_test.oe674 (.text:mmwaveLink_RxGainTempLutRead)
                  0080a700    00000080     link_test.oe674 (.text:mmwaveLink_TxGainTempLutConfig)
                  0080a780    00000080     link_test.oe674 (.text:mmwaveLink_TxGainTempLutRead)
                  0080a800    00000080     link_test.oe674 (.text:mmwaveLink_calibDataStore)
                  0080a880    00000080     link_test.oe674 (.text:mmwaveLink_configAckTimeout)
                  0080a900    00000080     link_test.oe674 (.text:mmwaveLink_interRxGainConfig)
                  0080a980    00000080     link_test.oe674 (.text:mmwaveLink_miscConfig)
                  0080aa00    00000080     link_test.oe674 (.text:mmwaveLink_perChirpPhaseShifterConfig)
                  0080aa80    00000080     link_test.oe674 (.text:mmwaveLink_phShiftCalibDataRestore)
                  0080ab00    00000080     link_test.oe674 (.text:mmwaveLink_triggerSubframe)
                  0080ab80    00000080     libmmwavelink_xwr68xx.ae674 : rl_driver.oe674 (.text:rlDeviceIdentifyCmdDir)
                  0080ac00    00000080                                 : rl_driver.oe674 (.text:rlDriverOsiInit)
                  0080ac80    00000080     rts6740_elf.lib : snprintf.c.obj (.text:snprintf)
                  0080ad00    00000080     dss_pe674.oe674 (.text:ti_sysbios_BIOS_atExitFunc__I)
                  0080ad80    00000080     dss_pe674.oe674 (.text:ti_sysbios_BIOS_registerRTSLock__I)
                  0080ae00    00000080     sysbios.ae674 : BIOS.obj (.text:ti_sysbios_family_c64p_Cache_invL1pAll__E)
                  0080ae80    00000080     dss_pe674.oe674 (.text:ti_sysbios_gates_GateHwi_Object__create__S)
                  0080af00    00000080     dss_pe674.oe674 (.text:ti_sysbios_gates_GateMutex_Object__create__S)
                  0080af80    00000080     sysbios.ae674 : BIOS.obj (.text:ti_sysbios_hal_Hwi_checkStack)
                  0080b000    00000080     dss_pe674.oe674 (.text:ti_sysbios_heaps_HeapMem_Object__create__S)
                  0080b080    00000080     sysbios.ae674 : BIOS.obj (.text:ti_sysbios_heaps_HeapMem_init__I)
                  0080b100    00000080     dss_pe674.oe674 (.text:ti_sysbios_knl_Clock_doTick__I)
                  0080b180    00000080     sysbios.ae674 : BIOS.obj (.text:ti_sysbios_knl_Idle_run__E)
                  0080b200    00000080     dss_pe674.oe674 (.text:ti_sysbios_knl_Semaphore_create)
                  0080b280    00000080     sysbios.ae674 : BIOS.obj (.text:ti_sysbios_knl_Semaphore_pendTimeout__I)
                  0080b300    00000080                   : BIOS.obj (.text:ti_sysbios_knl_Task_processVitalTaskFlag__I)
                  0080b380    00000080     dss_pe674.oe674 (.text:ti_sysbios_rts_MemAlloc_alloc)
                  0080b400    00000080     sysbios.ae674 : BIOS.obj (.text:ti_sysbios_timers_rti_Timer_stop__E)
                  0080b480    00000080     rts6740_elf.lib : unlink.c.obj (.text:unlink)
                  0080b500    00000080     ti.targets.rts6000.ae674 : Core-label.oe674 (.text:xdc_runtime_Core_assignLabel__I)
                  0080b580    00000080                              : SysStd.oe674 (.text:xdc_runtime_SysStd_abort__E)
                  0080b600    00000080                              : System.oe674 (.text:xdc_runtime_System_atexit__E)
                  0080b680    00000080                              : System.oe674 (.text:xdc_runtime_System_avprintf__E)
                  0080b700    00000080                              : System.oe674 (.text:xdc_runtime_System_processAtExit__E)
                  0080b780    00000080                              : System.oe674 (.text:xdc_runtime_System_vprintf__E)
                  0080b800    00000060     libadcbuf_xwr68xx.ae674 : ADCBuf.oe674 (.text:ADCBuf_open)
                  0080b860    00000060     libcrc_xwr68xx.ae674 : crc.oe674 (.text:CRC_getCRCDataSelectBitValue)
                  0080b8c0    00000060                          : crc.oe674 (.text:CRC_getCRCTypeBitValue)
                  0080b920    00000060                          : crc.oe674 (.text:CRC_isTransactionIdValid)
                  0080b980    00000060                          : crc.oe674 (.text:CRC_resetSignature)
                  0080b9e0    00000060     libedma_xwr68xx.ae674 : edma_low_level.oe674 (.text:EDMA3ClrEvt)
                  0080ba40    00000060                           : edma_low_level.oe674 (.text:EDMA3ClrIntr)
                  0080baa0    00000060                           : edma_low_level.oe674 (.text:EDMA3ClrMissEvt)
                  0080bb00    00000060                           : edma_low_level.oe674 (.text:EDMA3DisableDmaEvt)
                  0080bb60    00000060                           : edma_low_level.oe674 (.text:EDMA3DisableEvtIntr)
                  0080bbc0    00000060                           : edma_low_level.oe674 (.text:EDMA3EnableDmaEvt)
                  0080bc20    00000060                           : edma_low_level.oe674 (.text:EDMA3EnableEvtIntr)
                  0080bc80    00000060                           : edma_low_level.oe674 (.text:EDMA3SetEvt)
                  0080bce0    00000060                           : edma.oe674 (.text:EDMA_isError)
                  0080bd40    00000060                           : edma.oe674 (.text:EDMA_validate_channelIdchannelType)
                  0080bda0    00000060     libmailbox_xwr68xx.ae674 : mailbox.oe674 (.text:Mailbox_Config_init)
                  0080be00    00000060     link_test.oe674 (.text:MmwaveLink_mboxClose)
                  0080be60    00000060     osi_tirtos.oe674 (.text:Osal_mutexCreate)
                  0080bec0    00000060     osi_tirtos.oe674 (.text:Osal_semCreate)
                  0080bf20    00000060     libsoc_xwr68xx.ae674 : soc.oe674 (.text:SOC_unhaltBSS)
                  0080bf80    00000060     rts6740_elf.lib : trgmsg.c.obj (.text:__TI_writemsg)
                  0080bfe0    00000060                     : llshift.c.obj (.text:__c6xabi_llshru)
                  0080c040    00000060                     : imath64.c.obj (.text:_subcull)
                  0080c0a0    00000060     sysbios.ae674 : c64p_Hwi_asm_switch.obj (.text:_ti_sysbios_family_c64p_Hwi_switchAndDispatch__I)
                  0080c100    00000060                   : c64p_Hwi_asm_switch.obj (.text:_ti_sysbios_family_xxx_Hwi_switchAndRunFunc)
                  0080c160    00000060     rts6740_elf.lib : lseek.c.obj (.text:lseek)
                  0080c1c0    00000060                     : memccpy.c.obj (.text:memccpy)
                  0080c220    00000060     libmmwavelink_xwr68xx.ae674 : rl_device.oe674 (.text:rlDeviceGetMssVersion)
                  0080c280    00000060                                 : rl_device.oe674 (.text:rlDeviceSetHsiClk)
                  0080c2e0    00000060                                 : rl_driver.oe674 (.text:rlDriverConstructInMsg)
                  0080c340    00000060                                 : rl_sensor.oe674 (.text:rlEnableContMode)
                  0080c3a0    00000060                                 : rl_monitoring.oe674 (.text:rlRfAnaMonConfig)
                  0080c400    00000060                                 : rl_sensor.oe674 (.text:rlRfDfeRxStatisticsReport)
                  0080c460    00000060                                 : rl_monitoring.oe674 (.text:rlRfDigMonEnableConfig)
                  0080c4c0    00000060                                 : rl_monitoring.oe674 (.text:rlRfDigMonPeriodicConfig)
                  0080c520    00000060                                 : rl_monitoring.oe674 (.text:rlRfDualClkCompMonConfig)
                  0080c580    00000060                                 : rl_monitoring.oe674 (.text:rlRfExtAnaSignalsMonConfig)
                  0080c5e0    00000060                                 : rl_sensor.oe674 (.text:rlRfGetTemperatureReport)
                  0080c640    00000060                                 : rl_monitoring.oe674 (.text:rlRfGpadcIntAnaSignalsMonConfig)
                  0080c6a0    00000060                                 : rl_sensor.oe674 (.text:rlRfInitCalibConfig)
                  0080c700    00000060                                 : rl_sensor.oe674 (.text:rlRfInterRxGainPhaseConfig)
                  0080c760    00000060                                 : rl_monitoring.oe674 (.text:rlRfPllContrlVoltMonConfig)
                  0080c7c0    00000060                                 : rl_monitoring.oe674 (.text:rlRfPmClkLoIntAnaSignalsMonConfig)
                  0080c820    00000060                                 : rl_sensor.oe674 (.text:rlRfRunTimeCalibConfig)
                  0080c880    00000060                                 : rl_monitoring.oe674 (.text:rlRfRxGainPhMonConfig)
                  0080c8e0    00000060                                 : rl_monitoring.oe674 (.text:rlRfRxIfSatMonConfig)
                  0080c940    00000060                                 : rl_monitoring.oe674 (.text:rlRfRxIfStageMonConfig)
                  0080c9a0    00000060                                 : rl_monitoring.oe674 (.text:rlRfRxIntAnaSignalsMonConfig)
                  0080ca00    00000060                                 : rl_monitoring.oe674 (.text:rlRfRxMixerInPwrConfig)
                  0080ca60    00000060                                 : rl_monitoring.oe674 (.text:rlRfRxNoiseMonConfig)
                  0080cac0    00000060                                 : rl_monitoring.oe674 (.text:rlRfRxSigImgMonConfig)
                  0080cb20    00000060                                 : rl_sensor.oe674 (.text:rlRfSetCalMonFreqLimitConfig)
                  0080cb80    00000060                                 : rl_sensor.oe674 (.text:rlRfSetCalMonTimeUnitConfig)
                  0080cbe0    00000060                                 : rl_sensor.oe674 (.text:rlRfSetDeviceCfg)
                  0080cc40    00000060                                 : rl_sensor.oe674 (.text:rlRfSetIFLoopbackConfig)
                  0080cca0    00000060                                 : rl_sensor.oe674 (.text:rlRfSetLdoBypassConfig)
                  0080cd00    00000060                                 : rl_sensor.oe674 (.text:rlRfSetMiscConfig)
                  0080cd60    00000060                                 : rl_sensor.oe674 (.text:rlRfSetPALoopbackConfig)
                  0080cdc0    00000060                                 : rl_sensor.oe674 (.text:rlRfSetPSLoopbackConfig)
                  0080ce20    00000060                                 : rl_sensor.oe674 (.text:rlRfSetProgFiltCoeffRam)
                  0080ce80    00000060                                 : rl_sensor.oe674 (.text:rlRfSetProgFiltConfig)
                  0080cee0    00000060                                 : rl_monitoring.oe674 (.text:rlRfSynthFreqMonConfig)
                  0080cf40    00000060                                 : rl_monitoring.oe674 (.text:rlRfTempMonConfig)
                  0080cfa0    00000060                                 : rl_monitoring.oe674 (.text:rlRfTxGainPhaseMismatchMonConfig)
                  0080d000    00000060                                 : rl_sensor.oe674 (.text:rlRxGainTempLutSet)
                  0080d060    00000060                                 : rl_sensor.oe674 (.text:rlSensorStart)
                  0080d0c0    00000060                                 : rl_sensor.oe674 (.text:rlSensorStop)
                  0080d120    00000060                                 : rl_sensor.oe674 (.text:rlSetAdcOutConfig)
                  0080d180    00000060                                 : rl_sensor.oe674 (.text:rlSetBpmChirpConfig)
                  0080d1e0    00000060                                 : rl_sensor.oe674 (.text:rlSetBpmCommonConfig)
                  0080d240    00000060                                 : rl_sensor.oe674 (.text:rlSetChannelConfig)
                  0080d2a0    00000060                                 : rl_sensor.oe674 (.text:rlSetContModeConfig)
                  0080d300    00000060                                 : rl_sensor.oe674 (.text:rlSetDynChirpEn)
                  0080d360    00000060                                 : rl_sensor.oe674 (.text:rlSetGpAdcConfig)
                  0080d3c0    00000060                                 : rl_sensor.oe674 (.text:rlSetLoopBckBurstCfg)
                  0080d420    00000060                                 : rl_sensor.oe674 (.text:rlSetLowPowerModeConfig)
                  0080d480    00000060                                 : rl_sensor.oe674 (.text:rlSetSubFrameStart)
                  0080d4e0    00000060                                 : rl_sensor.oe674 (.text:rlSetTestSourceConfig)
                  0080d540    00000060                                 : rl_sensor.oe674 (.text:rlTestSourceEnable)
                  0080d5a0    00000060                                 : rl_sensor.oe674 (.text:rlTxGainTempLutSet)
                  0080d600    00000060     dss_pe674.oe674 (.text:ti_sysbios_BIOS_errorRaiseHook__I)
                  0080d660    00000060     dss_pe674.oe674 (.text:ti_sysbios_BIOS_removeRTSLock__I)
                  0080d6c0    00000060     dss_pe674.oe674 (.text:ti_sysbios_BIOS_startFunc__I)
                  0080d720    00000060     sysbios.ae674 : BIOS.obj (.text:ti_sysbios_family_c62_TaskSupport_start__E)
                  0080d780    00000060                   : BIOS.obj (.text:ti_sysbios_family_c64p_Cache_setMar__E)
                  0080d7e0    00000060                   : BIOS.obj (.text:ti_sysbios_family_c64p_EventCombiner_Module_startup__E)
                  0080d840    00000060                   : BIOS.obj (.text:ti_sysbios_family_c64p_EventCombiner_unused__E)
                  0080d8a0    00000060     dss_pe674.oe674 (.text:ti_sysbios_gates_GateMutex_Object__delete__S)
                  0080d900    00000060     sysbios.ae674 : BIOS.obj (.text:ti_sysbios_hal_Hwi_initStack)
                  0080d960    00000060                   : BIOS.obj (.text:ti_sysbios_heaps_HeapMem_free__E)
                  0080d9c0    00000060                   : BIOS.obj (.text:ti_sysbios_knl_Clock_Module_startup__E)
                  0080da20    00000060     dss_pe674.oe674 (.text:ti_sysbios_knl_Queue_construct)
                  0080da80    00000060     dss_pe674.oe674 (.text:ti_sysbios_knl_Semaphore_Object__delete__S)
                  0080dae0    00000060     dss_pe674.oe674 (.text:ti_sysbios_knl_Semaphore_construct)
                  0080db40    00000060     sysbios.ae674 : BIOS.obj (.text:ti_sysbios_knl_Swi_Module_startup__E)
                  0080dba0    00000060                   : BIOS.obj (.text:ti_sysbios_knl_Task_enter__I)
                  0080dc00    00000060     rts6740_elf.lib : write.c.obj (.text:write)
                  0080dc60    00000060     ti.targets.rts6000.ae674 : Memory.oe674 (.text:xdc_runtime_Memory_valloc__E)
                  0080dcc0    00000060                              : Text.oe674 (.text:xdc_runtime_Text_cordText__E)
                  0080dd20    00000040     libadcbuf_xwr68xx.ae674 : adcbuf_mmwave.oe674 (.text:ADCBUFContinuousModeCtrl)
                  0080dd60    00000040                             : adcbuf_mmwave.oe674 (.text:ADCBUFSetPingNumChirpThreshhold)
                  0080dda0    00000040                             : adcbuf_mmwave.oe674 (.text:ADCBUFSetPongNumChirpThreshhold)
                  0080dde0    00000040                             : adcbuf_mmwave.oe674 (.text:ADCBUFSrcSelect)
                  0080de20    00000040     libcrc_xwr68xx.ae674 : crc.oe674 (.text:CRC_getSignatureRegister)
                  0080de60    00000040                          : crc.oe674 (.text:CRC_releaseTransactionId)
                  0080dea0    00000040     libadcbuf_xwr68xx.ae674 : adcbuf_mmwave.oe674 (.text:CSL_FEXTR)
                  0080dee0    00000040     libsoc_xwr68xx.ae674 : soc.oe674 (.text:CSL_FEXTR)
                  0080df20    00000040                          : soc_xwr68xx.oe674 (.text:CSL_FEXTR)
                  0080df60    00000040     libadcbuf_xwr68xx.ae674 : adcbuf_mmwave.oe674 (.text:CSL_FINSR)
                  0080dfa0    00000040     libcrc_xwr68xx.ae674 : crc.oe674 (.text:CSL_FINSR)
                  0080dfe0    00000040     libmailbox_xwr68xx.ae674 : mailbox.oe674 (.text:CSL_FINSR)
                  0080e020    00000040     libsoc_xwr68xx.ae674 : soc.oe674 (.text:CSL_FINSR)
                  0080e060    00000040                          : soc_xwr68xx.oe674 (.text:CSL_FINSR)
                  0080e0a0    00000040                          : soc_xwr68xx_dss.oe674 (.text:CSL_FINSR)
                  0080e0e0    00000040     libedma_xwr68xx.ae674 : edma_low_level.oe674 (.text:EDMA3MapQdmaChToPaRAM)
                  0080e120    00000040                           : edma_low_level.oe674 (.text:EDMA3SetPaRAM)
                  0080e160    00000040                           : edma_low_level.oe674 (.text:EDMA3SetQdmaTrigWord)
                  0080e1a0    00000040     libosal_xwr68xx.ae674 : HwiP_tirtos.oe674 (.text:HwiP_create)
                  0080e1e0    00000040                           : HwiP_tirtos.oe674 (.text:HwiP_delete)
                  0080e220    00000040     libtestlogger_xwr68xx.ae674 : logger.oe674 (.text:MCPI_Initialize)
                  0080e260    00000040     libmailbox_xwr68xx.ae674 : mailbox.oe674 (.text:Mailbox_boxEmptyISRBss)
                  0080e2a0    00000040                              : mailbox.oe674 (.text:Mailbox_boxEmptyISRMssDss)
                  0080e2e0    00000040                              : mailbox.oe674 (.text:Mailbox_boxFullISRBss)
                  0080e320    00000040     link_test.oe674 (.text:MmwaveLink_disableDevice)
                  0080e360    00000040     link_test_monitoring.oe674 (.text:MmwaveLink_monAdvancedTest)
                  0080e3a0    00000040     link_test.oe674 (.text:MmwaveLink_spawn)
                  0080e3e0    00000040     rts6740_elf.lib : frcmpyd_div.c.obj (.text:__TI_frcmpyd_div)
                  0080e420    00000040                     : isinf.c.obj (.text:__c6xabi_isinf)
                  0080e460    00000040                     : _printfi.c.obj (.text:__c6xabi_isnan)
                  0080e4a0    00000040                     : strasg.asm.obj (.text:__strasgi_64plus)
                  0080e4e0    00000040                     : args_main.c.obj (.text:_args_main)
                  0080e520    00000040                     : snprintf.c.obj (.text:_outc)
                  0080e560    00000040     sysbios.ae674 : c62_TaskSupport_asm.obj (.text:_ti_sysbios_family_c62_TaskSupport_buildTaskStack)
                  0080e5a0    00000040     dss_pe674.oe674 (.text:free)
                  0080e5e0    00000040     libmmwavelink_xwr68xx.ae674 : rl_controller.oe674 (.text:rlAppendDummy)
                  0080e620    00000040                                 : rl_device.oe674 (.text:rlDeviceGetRfVersion)
                  0080e660    00000040                                 : rl_driver.oe674 (.text:rlDriverConfigureAckTimeout)
                  0080e6a0    00000040                                 : rl_driver.oe674 (.text:rlDriverFillPayload)
                  0080e6e0    00000040                                 : rl_sensor.oe674 (.text:rlGetRfBootupStatus)
                  0080e720    00000040                                 : rl_sensor.oe674 (.text:rlGetRfDieId)
                  0080e760    00000040                                 : rl_sensor.oe674 (.text:rlRfInit)
                  0080e7a0    00000040     dss_pe674.oe674 (.text:ti_sysbios_BIOS_exitFunc__I)
                  0080e7e0    00000040     dss_pe674.oe674 (.text:ti_sysbios_BIOS_rtsLock__I)
                  0080e820    00000040     dss_pe674.oe674 (.text:ti_sysbios_BIOS_rtsUnlock__I)
                  0080e860    00000040     sysbios.ae674 : BIOS.obj (.text:ti_sysbios_family_c64p_Hwi_disableInterrupt__E)
                  0080e8a0    00000040                   : BIOS.obj (.text:ti_sysbios_family_c64p_Hwi_enableInterrupt__E)
                  0080e8e0    00000040     dss_pe674.oe674 (.text:ti_sysbios_gates_GateHwi_Handle__label__S)
                  0080e920    00000040     dss_pe674.oe674 (.text:ti_sysbios_gates_GateHwi_Object__delete__S)
                  0080e960    00000040     dss_pe674.oe674 (.text:ti_sysbios_gates_GateMutex_Handle__label__S)
                  0080e9a0    00000040     sysbios.ae674 : BIOS.obj (.text:ti_sysbios_gates_GateMutex_Instance_init__E)
                  0080e9e0    00000040                   : BIOS.obj (.text:ti_sysbios_gates_GateMutex_leave__E)
                  0080ea20    00000040     dss_pe674.oe674 (.text:ti_sysbios_heaps_HeapMem_Handle__label__S)
                  0080ea60    00000040     dss_pe674.oe674 (.text:ti_sysbios_heaps_HeapMem_Object__delete__S)
                  0080eaa0    00000040     dss_pe674.oe674 (.text:ti_sysbios_heaps_HeapMem_Object__get__S)
                  0080eae0    00000040     dss_pe674.oe674 (.text:ti_sysbios_knl_Semaphore_destruct)
                  0080eb20    00000040     dss_pe674.oe674 (.text:ti_sysbios_knl_Swi_Object__get__S)
                  0080eb60    00000040     dss_pe674.oe674 (.text:ti_sysbios_knl_Task_Object__get__S)
                  0080eba0    00000040     sysbios.ae674 : BIOS.obj (.text:ti_sysbios_knl_Task_sleepTimeout__I)
                  0080ebe0    00000040                   : BIOS.obj (.text:ti_sysbios_timers_rti_Timer_periodicStub__E)
                  0080ec20    00000040     rts6740_elf.lib : wcslen.c.obj (.text:wcslen)
                  0080ec60    00000040     ti.targets.rts6000.ae674 : Error.oe674 (.text:xdc_runtime_Error_check__E)
                  0080eca0    00000040                              : Error.oe674 (.text:xdc_runtime_Error_init__E)
                  0080ece0    00000040                              : Registry.oe674 (.text:xdc_runtime_Registry_findById__E)
                  0080ed20    00000040                              : System.oe674 (.text:xdc_runtime_System_abort__E)
                  0080ed60    00000040     dss_pe674.oe674 (.text:xdc_runtime_System_aprintf__E)
                  0080eda0    00000040     ti.targets.rts6000.ae674 : System.oe674 (.text:xdc_runtime_System_exit__E)
                  0080ede0    00000040     dss_pe674.oe674 (.text:xdc_runtime_System_printf__E)
                  0080ee20    00000020     libadcbuf_xwr68xx.ae674 : ADCBuf.oe674 (.text:ADCBuf_Params_init)
                  0080ee40    00000020                             : ADCBuf.oe674 (.text:ADCBuf_control)
                  0080ee60    00000020     libcrc_xwr68xx.ae674 : crc.oe674 (.text:CRC_initConfigParams)
                  0080ee80    00000020     libedma_xwr68xx.ae674 : edma_low_level.oe674 (.text:EDMA3ChannelToParamMap)
                  0080eea0    00000020                           : edma_low_level.oe674 (.text:EDMA3ClrCCErr)
                  0080eec0    00000020                           : edma_low_level.oe674 (.text:EDMA3DisableQdmaEvt)
                  0080eee0    00000020                           : edma_low_level.oe674 (.text:EDMA3EnableQdmaEvt)
                  0080ef00    00000020                           : edma_low_level.oe674 (.text:EDMA3ErrIntrHighStatusGet)
                  0080ef20    00000020                           : edma_low_level.oe674 (.text:EDMA3GetCCErrStatus)
                  0080ef40    00000020                           : edma_low_level.oe674 (.text:EDMA3GetErrIntrStatus)
                  0080ef60    00000020                           : edma_low_level.oe674 (.text:EDMA3GetIntrStatus)
                  0080ef80    00000020                           : edma_low_level.oe674 (.text:EDMA3IntrStatusHighGet)
                  0080efa0    00000020                           : edma_low_level.oe674 (.text:EDMA3QdmaClrMissEvt)
                  0080efc0    00000020                           : edma_low_level.oe674 (.text:EDMA3QdmaGetErrIntrStatus)
                  0080efe0    00000020                           : edma_low_level.oe674 (.text:EDMAsetRegion)
                  0080f000    00000020     libosal_xwr68xx.ae674 : HwiP_tirtos.oe674 (.text:HwiP_Params_init)
                  0080f020    00000020                           : HwiP_tirtos.oe674 (.text:HwiP_disable)
                  0080f040    00000020                           : HwiP_tirtos.oe674 (.text:HwiP_disableInterrupt)
                  0080f060    00000020                           : HwiP_tirtos.oe674 (.text:HwiP_enableInterrupt)
                  0080f080    00000020                           : HwiP_tirtos.oe674 (.text:HwiP_restore)
                  0080f0a0    00000020     libtestlogger_xwr68xx.ae674 : logger.oe674 (.text:MCPI_setTestResult)
                  0080f0c0    00000020     libosal_xwr68xx.ae674 : MemoryP_tirtos.oe674 (.text:MemoryP_ctrlAlloc)
                  0080f0e0    00000020                           : MemoryP_tirtos.oe674 (.text:MemoryP_ctrlFree)
                  0080f100    00000020     link_test.oe674 (.text:MmwaveLink_enableDevice)
                  0080f120    00000020     link_test.oe674 (.text:MmwaveLink_maskHostIRQ)
                  0080f140    00000020     link_test.oe674 (.text:MmwaveLink_mboxCallbackFxn)
                  0080f160    00000020     link_test.oe674 (.text:MmwaveLink_registerInterruptHandler)
                  0080f180    00000020     link_test.oe674 (.text:MmwaveLink_transferCompletionCallbackFxn)
                  0080f1a0    00000020     link_test.oe674 (.text:MmwaveLink_triggerEdmaTransfer)
                  0080f1c0    00000020     link_test.oe674 (.text:MmwaveLink_unmaskHostIRQ)
                  0080f1e0    00000020     osi_tirtos.oe674 (.text:Osal_mutexDelete)
                  0080f200    00000020     osi_tirtos.oe674 (.text:Osal_mutexLock)
                  0080f220    00000020     osi_tirtos.oe674 (.text:Osal_mutexUnlock)
                  0080f240    00000020     osi_tirtos.oe674 (.text:Osal_semDelete)
                  0080f260    00000020     osi_tirtos.oe674 (.text:Osal_semSignal)
                  0080f280    00000020     osi_tirtos.oe674 (.text:Osal_semWait)
                  0080f2a0    00000020     libosal_xwr68xx.ae674 : SemaphoreP_tirtos.oe674 (.text:SemaphoreP_Params_init)
                  0080f2c0    00000020                           : SemaphoreP_tirtos.oe674 (.text:SemaphoreP_delete)
                  0080f2e0    00000020                           : SemaphoreP_tirtos.oe674 (.text:SemaphoreP_pend)
                  0080f300    00000020                           : SemaphoreP_tirtos.oe674 (.text:SemaphoreP_post)
                  0080f320    00000020                           : DebugP_tirtos.oe674 (.text:_DebugP_assert)
                  0080f340    00000020     rts6740_elf.lib : errno.c.obj (.text:__c6xabi_errno_addr)
                  0080f360    00000020                     : push.asm.obj (.text:__pop_rts)
                  0080f380    00000020                     : push.asm.obj (.text:__push_rts)
                  0080f3a0    00000020                     : _lock.c.obj (.text:_nop)
                  0080f3c0    00000020                     : printf.c.obj (.text:_outc)
                  0080f3e0    00000020                     : printf.c.obj (.text:_outs)
                  0080f400    00000020                     : _lock.c.obj (.text:_register_lock)
                  0080f420    00000020                     : _lock.c.obj (.text:_register_unlock)
                  0080f440    00000020                     : signbit.c.obj (.text:_signbit)
                  0080f460    00000020     sysbios.ae674 : c62_TaskSupport_asm.obj (.text:_ti_sysbios_family_c62_TaskSupport_glue)
                  0080f480    00000020     rts6740_elf.lib : exit.c.obj (.text:abort)
                  0080f4a0    00000020                     : fputc.c.obj (.text:putchar)
                  0080f4c0    00000020     libmmwavelink_xwr68xx.ae674 : rl_driver.oe674 (.text:rlDriverConstructOutMsg)
                  0080f4e0    00000020                                 : rl_driver.oe674 (.text:rlDriverGetHandle)
                  0080f500    00000020                                 : rl_driver.oe674 (.text:rlDriverGetPlatformId)
                  0080f520    00000020                                 : rl_driver.oe674 (.text:rlDriverIsDeviceMapValid)
                  0080f540    00000020                                 : rl_controller.oe674 (.text:rlGetSubBlockId)
                  0080f560    00000020                                 : rl_controller.oe674 (.text:rlGetSubBlockLen)
                  0080f580    00000020     dss_pe674.oe674 (.text:ti_sysbios_BIOS_RtsGateProxy_enter__E)
                  0080f5a0    00000020     dss_pe674.oe674 (.text:ti_sysbios_BIOS_RtsGateProxy_leave__E)
                  0080f5c0    00000020     sysbios.ae674 : BIOS.obj (.text:ti_sysbios_BIOS_exit__E)
                  0080f5e0    00000020                   : BIOS.obj (.text:ti_sysbios_BIOS_linkedWithIncorrectBootLibrary__E)
                  0080f600    00000020     dss_pe674.oe674 (.text:ti_sysbios_BIOS_nullFunc__I)
                  0080f620    00000020     sysbios.ae674 : BIOS.obj (.text:ti_sysbios_BIOS_setThreadType__E)
                  0080f640    00000020                   : BIOS.obj (.text:ti_sysbios_BIOS_start__E)
                  0080f660    00000020     dss_pe674.oe674 (.text:ti_sysbios_family_c62_TaskSupport_Module__startupDone__S)
                  0080f680    00000020     sysbios.ae674 : BIOS.obj (.text:ti_sysbios_family_c62_TaskSupport_checkStack__E)
                  0080f6a0    00000020                   : BIOS.obj (.text:ti_sysbios_family_c62_TaskSupport_getStackAlignment__E)
                  0080f6c0    00000020                   : BIOS.obj (.text:ti_sysbios_family_c64p_Cache_wbInv__E)
                  0080f6e0    00000020     dss_pe674.oe674 (.text:ti_sysbios_family_c64p_Hwi_Module__startupDone__F)
                  0080f700    00000020     dss_pe674.oe674 (.text:ti_sysbios_family_c64p_Hwi_Params__init__S)
                  0080f720    00000020     sysbios.ae674 : BIOS.obj (.text:ti_sysbios_family_c64p_Hwi_clearInterrupt__E)
                  0080f740    00000020                   : BIOS.obj (.text:ti_sysbios_family_c64p_Hwi_startup__E)
                  0080f760    00000020                   : BIOS.obj (.text:ti_sysbios_family_c64p_Hwi_switchFromBootStack__E)
                  0080f780    00000020                   : BIOS.obj (.text:ti_sysbios_family_c64p_Hwi_unPluggedInterrupt__I)
                  0080f7a0    00000020                   : BIOS.obj (.text:ti_sysbios_gates_GateHwi_Instance_init__E)
                  0080f7c0    00000020                   : BIOS.obj (.text:ti_sysbios_gates_GateHwi_enter__E)
                  0080f7e0    00000020                   : BIOS.obj (.text:ti_sysbios_gates_GateHwi_leave__E)
                  0080f800    00000020                   : BIOS.obj (.text:ti_sysbios_gates_GateHwi_query__E)
                  0080f820    00000020                   : BIOS.obj (.text:ti_sysbios_gates_GateMutex_Instance_finalize__E)
                  0080f840    00000020                   : BIOS.obj (.text:ti_sysbios_gates_GateMutex_query__E)
                  0080f860    00000020                   : BIOS.obj (.text:ti_sysbios_hal_Hwi_Module_startup__E)
                  0080f880    00000020     dss_pe674.oe674 (.text:ti_sysbios_heaps_HeapBuf_Object__get__S)
                  0080f8a0    00000020     dss_pe674.oe674 (.text:ti_sysbios_heaps_HeapMem_Module_GateProxy_enter__E)
                  0080f8c0    00000020     dss_pe674.oe674 (.text:ti_sysbios_heaps_HeapMem_Module_GateProxy_leave__E)
                  0080f8e0    00000020     sysbios.ae674 : BIOS.obj (.text:ti_sysbios_heaps_HeapMem_isBlocking__E)
                  0080f900    00000020     dss_pe674.oe674 (.text:ti_sysbios_knl_Clock_TimerProxy_getMaxTicks__E)
                  0080f920    00000020     sysbios.ae674 : BIOS.obj (.text:ti_sysbios_knl_Idle_loop__E)
                  0080f940    00000020                   : BIOS.obj (.text:ti_sysbios_knl_Queue_Instance_init__E)
                  0080f960    00000020     dss_pe674.oe674 (.text:ti_sysbios_knl_Queue_Object__get__S)
                  0080f980    00000020     dss_pe674.oe674 (.text:ti_sysbios_knl_Queue_destruct)
                  0080f9a0    00000020     sysbios.ae674 : BIOS.obj (.text:ti_sysbios_knl_Queue_empty__E)
                  0080f9c0    00000020                   : BIOS.obj (.text:ti_sysbios_knl_Semaphore_Instance_finalize__E)
                  0080f9e0    00000020     dss_pe674.oe674 (.text:ti_sysbios_knl_Semaphore_Params__init__S)
                  0080fa00    00000020     dss_pe674.oe674 (.text:ti_sysbios_knl_Semaphore_delete)
                  0080fa20    00000020     sysbios.ae674 : BIOS.obj (.text:ti_sysbios_knl_Swi_disable__E)
                  0080fa40    00000020     dss_pe674.oe674 (.text:ti_sysbios_knl_Task_Params__init__S)
                  0080fa60    00000020     sysbios.ae674 : BIOS.obj (.text:ti_sysbios_knl_Task_disable__E)
                  0080fa80    00000020                   : BIOS.obj (.text:ti_sysbios_knl_Task_startup__E)
                  0080faa0    00000020     dss_pe674.oe674 (.text:ti_sysbios_timers_rti_Timer_Module__startupDone__F)
                  0080fac0    00000020     sysbios.ae674 : BIOS.obj (.text:ti_sysbios_timers_rti_Timer_getMaxTicks__E)
                  0080fae0    00000020     ti.targets.rts6000.ae674 : Error.oe674 (.text:xdc_runtime_Error_getSite__E)
                  0080fb00    00000020                              : Error.oe674 (.text:xdc_runtime_Error_raiseX__E)
                  0080fb20    00000020                              : Gate.oe674 (.text:xdc_runtime_Gate_enterSystem__E)
                  0080fb40    00000020                              : Gate.oe674 (.text:xdc_runtime_Gate_leaveSystem__E)
                  0080fb60    00000020     dss_pe674.oe674 (.text:xdc_runtime_IHeap_alloc)
                  0080fb80    00000020     dss_pe674.oe674 (.text:xdc_runtime_IHeap_free)
                  0080fba0    00000020     ti.targets.rts6000.ae674 : Memory.oe674 (.text:xdc_runtime_Memory_calloc__E)
                  0080fbc0    00000020                              : Memory.oe674 (.text:xdc_runtime_Memory_free__E)
                  0080fbe0    00000020                              : Memory.oe674 (.text:xdc_runtime_Memory_getMaxDefaultTypeAlign__E)
                  0080fc00    00000020     dss_pe674.oe674 (.text:xdc_runtime_Startup_exec__I)
                  0080fc20    00000020     dss_pe674.oe674 (.text:xdc_runtime_Startup_reset__I)
                  0080fc40    00000020     ti.targets.rts6000.ae674 : Startup.oe674 (.text:xdc_runtime_Startup_rtsDone__E)
                  0080fc60    00000020                              : SysStd.oe674 (.text:xdc_runtime_SysStd_exit__E)
                  0080fc80    00000020                              : SysStd.oe674 (.text:xdc_runtime_SysStd_putch__E)
                  0080fca0    00000020                              : SysStd.oe674 (.text:xdc_runtime_SysStd_ready__E)
                  0080fcc0    00000020     dss_pe674.oe674 (.text:xdc_runtime_System_Module_GateProxy_enter__E)
                  0080fce0    00000020     dss_pe674.oe674 (.text:xdc_runtime_System_Module_GateProxy_leave__E)
                  0080fd00    00000020     ti.targets.rts6000.ae674 : System.oe674 (.text:xdc_runtime_System_Module_startup__E)
                  0080fd20    00000020                              : System.oe674 (.text:xdc_runtime_System_vsnprintf__E)
                  0080fd40    00000020                              : Text.oe674 (.text:xdc_runtime_Text_ropeText__E)
                  0080fd60    00000020     dss_pe674.oe674 (.text:xdc_runtime_Text_visitRope__I)

.const     0    0080fd80    00008a8a     
                  0080fd80    000022c8     link_test_monitoring.oe674 (.const:.string)
                  00812048    00001b68     link_test.oe674 (.const:.string)
                  00813bb0    000019be     dss_pe674.oe674 (.const:xdc_runtime_Text_charTab__A)
                  0081556e    00000002     dss_pe674.oe674 (.const:ti_sysbios_family_c64p_Cache_Module__id__C)
                  00815570    000009fc     mmwavelink_test_common.oe674 (.const:.string)
                  00815f6c    00000004     link_test.oe674 (.const:$P$T11$12)
                  00815f70    000007a8     link_testcase_config.oe674 (.const:dynChirpCfg)
                  00816718    00000518     sysbios.ae674 : BIOS.obj (.const:.string)
                  00816c30    0000022c     main_dss.oe674 (.const:.string)
                  00816e5c    00000004     libmmwavelink_xwr68xx.ae674 : rl_sensor.oe674 (.const:$P$T46$47)
                  00816e60    00000101     rts6740_elf.lib : ctype.c.obj (.const:.string:_ctypes_)
                  00816f61    00000001     --HOLE-- [fill = 0]
                  00816f62    00000004     libmmwavelink_xwr68xx.ae674 : rl_sensor.oe674 (.const:$P$T55$56)
                  00816f66    00000002     dss_pe674.oe674 (.const:ti_sysbios_family_c64p_EventCombiner_Module__id__C)
                  00816f68    00000100     libmmwavelink_xwr68xx.ae674 : rl_monitoring.oe674 (.const:$P$T1$2)
                  00817068    00000100                                 : rl_monitoring.oe674 (.const:$P$T3$4)
                  00817168    00000100                                 : rl_monitoring.oe674 (.const:$P$T5$6)
                  00817268    00000100                                 : rl_monitoring.oe674 (.const:$P$T7$8)
                  00817368    000000d0     link_testcase_config.oe674 (.const:progFiltCoef)
                  00817438    000000c8     dss_pe674.oe674 (.const:xdc_runtime_Text_nodeTab__A)
                  00817500    000000c0     link_test.oe674 (.const:$P$T12$13)
                  008175c0    000000b8     link_test.oe674 (.const:$P$T6$7)
                  00817678    000000b0     link_testcase_config.oe674 (.const:profileCfg)
                  00817728    00000094     libtestlogger_xwr68xx.ae674 : logger.oe674 (.const:.string)
                  008177bc    00000074     dss_pe674.oe674 (.const:.string)
                  00817830    0000006c     libmmwavelink_xwr68xx.ae674 : rl_driver.oe674 (.const:.string)
                  0081789c    00000058     libedma_xwr68xx.ae674 : edma.oe674 (.const:.string)
                  008178f4    00000058     ti.targets.rts6000.ae674 : Error.oe674 (.const:.string)
                  0081794c    0000004c     libmailbox_xwr68xx.ae674 : mailbox.oe674 (.const:.string)
                  00817998    00000044     link_testcase_config.oe674 (.const:rxGainPhaseMonCfg)
                  008179dc    00000044     link_testcase_config.oe674 (.const:testSourceCfg)
                  00817a20    00000044     dss_pe674.oe674 (.const:ti_sysbios_knl_Task_Object__PARAMS__C)
                  00817a64    00000040     ti.targets.rts6000.ae674 : Text.oe674 (.const:.string)
                  00817aa4    0000003c     libsoc_xwr68xx.ae674 : soc_xwr68xx_dss.oe674 (.const:.string)
                  00817ae0    00000038     libedma_xwr68xx.ae674 : edma_xwr1xxx.oe674 (.const:gEdmaHwAttrs)
                  00817b18    00000034     link_testcase_config.oe674 (.const:txGainPhMisMatchMonCfg)
                  00817b4c    00000030     dss_pe674.oe674 (.const:ti_sysbios_family_c64p_Hwi_Object__PARAMS__C)
                  00817b7c    0000002c     link_test.oe674 (.const:$P$T1$2)
                  00817ba8    0000002c     link_test.oe674 (.const:$P$T4$5)
                  00817bd4    0000002c     ti.targets.rts6000.ae674 : Startup.oe674 (.const:.string)
                  00817c00    0000002c     dss_pe674.oe674 (.const:xdc_runtime_Startup_sfxnTab__A)
                  00817c2c    00000004     link_test.oe674 (.const:$P$T9$10)
                  00817c30    00000028     link_testcase_config.oe674 (.const:chirpCfg)
                  00817c58    00000028     dss_pe674.oe674 (.const:ti_sysbios_heaps_HeapMem_Module__FXNS__C)
                  00817c80    00000024     rts6740_elf.lib : _printfi.c.obj (.const:.string)
                  00817ca4    00000024     libmailbox_xwr68xx.ae674 : mailbox.oe674 (.const:Mailbox_defaultCfg)
                  00817cc8    00000024     dss_pe674.oe674 (.const:ti_sysbios_gates_GateHwi_Module__FXNS__C)
                  00817cec    00000024     dss_pe674.oe674 (.const:ti_sysbios_gates_GateMutex_Module__FXNS__C)
                  00817d10    00000024     dss_pe674.oe674 (.const:ti_sysbios_heaps_HeapMem_Object__PARAMS__C)
                  00817d34    00000024     dss_pe674.oe674 (.const:ti_sysbios_knl_Semaphore_Object__PARAMS__C)
                  00817d58    00000020     link_test.oe674 (.const:$P$T8$9)
                  00817d78    00000020     libosal_xwr68xx.ae674 : SemaphoreP_tirtos.oe674 (.const:.string)
                  00817d98    00000020     link_testcase_config.oe674 (.const:extAnaSigMonCfg)
                  00817db8    00000020     dss_pe674.oe674 (.const:ti_sysbios_family_c64p_Hwi_Object__DESC__C)
                  00817dd8    00000020     dss_pe674.oe674 (.const:ti_sysbios_gates_GateHwi_Object__DESC__C)
                  00817df8    00000020     dss_pe674.oe674 (.const:ti_sysbios_gates_GateMutex_Object__DESC__C)
                  00817e18    00000020     dss_pe674.oe674 (.const:ti_sysbios_heaps_HeapMem_Object__DESC__C)
                  00817e38    00000020     dss_pe674.oe674 (.const:ti_sysbios_knl_Queue_Object__DESC__C)
                  00817e58    00000020     dss_pe674.oe674 (.const:ti_sysbios_knl_Semaphore_Object__DESC__C)
                  00817e78    00000020     dss_pe674.oe674 (.const:ti_sysbios_knl_Task_Object__DESC__C)
                  00817e98    0000001c     libosal_xwr68xx.ae674 : HwiP_tirtos.oe674 (.const:.string)
                  00817eb4    0000001c     link_testcase_config.oe674 (.const:gpAdcCfg)
                  00817ed0    00000018     link_test.oe674 (.const:$P$T5$6)
                  00817ee8    00000018     link_test.oe674 (.const:$P$T7$8)
                  00817f00    00000018     ti.targets.rts6000.ae674 : System.oe674 (.const:.string)
                  00817f18    00000018     link_testcase_config.oe674 (.const:bpmChirpCfg)
                  00817f30    00000018     link_testcase_config.oe674 (.const:interRxGainPhCfg)
                  00817f48    00000018     link_testcase_config.oe674 (.const:synthFreqNonLiveMonCfg)
                  00817f60    00000018     dss_pe674.oe674 (.const:ti_sysbios_gates_GateHwi_Object__PARAMS__C)
[...]
0081864c  ti_sysbios_knl_Clock_LM_tick__C                              
00818650  ti_sysbios_knl_Clock_LW_delayed__C                           
00818654  ti_sysbios_knl_Clock_Module_State_clockQ__O                  
00818658  ti_sysbios_knl_Clock_Module__diagsEnabled__C                 
0081865c  ti_sysbios_knl_Clock_Module__diagsIncluded__C                
00818660  ti_sysbios_knl_Clock_Module__diagsMask__C                    
00818664  ti_sysbios_knl_Clock_Module__loggerFxn1__C                   
00818668  ti_sysbios_knl_Clock_Module__loggerFxn2__C                   
0081866c  ti_sysbios_knl_Clock_Module__loggerObj__C                    
00818670  ti_sysbios_knl_Idle_funcList__A                              
00818674  ti_sysbios_knl_Semaphore_A_badContext__C                     
00818678  ti_sysbios_knl_Semaphore_A_noEvents__C                       
0081867c  ti_sysbios_knl_Semaphore_A_overflow__C                       
00818680  ti_sysbios_knl_Semaphore_A_pendTaskDisabled__C               
00818684  ti_sysbios_knl_Semaphore_Instance_State_pendQ__O             
00818688  ti_sysbios_knl_Semaphore_LM_pend__C                          
0081868c  ti_sysbios_knl_Semaphore_LM_post__C                          
00818690  ti_sysbios_knl_Semaphore_Module__diagsEnabled__C             
00818694  ti_sysbios_knl_Semaphore_Module__diagsIncluded__C            
00818698  ti_sysbios_knl_Semaphore_Module__diagsMask__C                
0081869c  ti_sysbios_knl_Semaphore_Module__loggerFxn2__C               
008186a0  ti_sysbios_knl_Semaphore_Module__loggerFxn4__C               
008186a4  ti_sysbios_knl_Semaphore_Module__loggerObj__C                
008186a8  ti_sysbios_knl_Swi_LD_end__C                                 
008186ac  ti_sysbios_knl_Swi_LM_begin__C                               
008186b0  ti_sysbios_knl_Swi_LM_post__C                                
008186b4  ti_sysbios_knl_Swi_Module__diagsEnabled__C                   
008186b8  ti_sysbios_knl_Swi_Module__diagsIncluded__C                  
008186bc  ti_sysbios_knl_Swi_Module__diagsMask__C                      
008186c0  ti_sysbios_knl_Swi_Module__loggerFxn1__C                     
008186c4  ti_sysbios_knl_Swi_Module__loggerFxn4__C                     
008186c8  ti_sysbios_knl_Swi_Module__loggerObj__C                      
008186cc  ti_sysbios_knl_Swi_Object__count__C                          
008186d0  ti_sysbios_knl_Task_A_badPriority__C                         
008186d4  ti_sysbios_knl_Task_A_badTaskState__C                        
008186d8  ti_sysbios_knl_Task_A_badThreadType__C                       
008186dc  ti_sysbios_knl_Task_A_badTimeout__C                          
008186e0  ti_sysbios_knl_Task_A_noPendElem__C                          
008186e4  ti_sysbios_knl_Task_A_sleepTaskDisabled__C                   
008186e8  ti_sysbios_knl_Task_E_spOutOfBounds__C                       
008186ec  ti_sysbios_knl_Task_E_stackOverflow__C                       
008186f0  ti_sysbios_knl_Task_LD_block__C                              
008186f4  ti_sysbios_knl_Task_LD_exit__C                               
008186f8  ti_sysbios_knl_Task_LD_ready__C                              
008186fc  ti_sysbios_knl_Task_LM_sleep__C                              
00818700  ti_sysbios_knl_Task_LM_switch__C                             
00818704  ti_sysbios_knl_Task_Module_State_inactiveQ__O                
00818708  ti_sysbios_knl_Task_Module__diagsEnabled__C                  
0081870c  ti_sysbios_knl_Task_Module__diagsIncluded__C                 
00818710  ti_sysbios_knl_Task_Module__diagsMask__C                     
00818714  ti_sysbios_knl_Task_Module__loggerFxn2__C                    
00818718  ti_sysbios_knl_Task_Module__loggerFxn4__C                    
0081871c  ti_sysbios_knl_Task_Module__loggerObj__C                     
00818720  ti_sysbios_knl_Task_Object__count__C                         
00818724  ti_sysbios_knl_Task_allBlockedFunc__C                        
00818728  ti_sysbios_knl_Task_defaultStackHeap__C                      
0081872c  ti_sysbios_knl_Task_defaultStackSize__C                      
00818730  ti_sysbios_knl_Task_numConstructedTasks__C                   
00818734  ti_sysbios_timers_rti_Timer_E_cannotSupport__C               
00818738  ti_sysbios_timers_rti_Timer_Module__diagsEnabled__C          
0081873c  ti_sysbios_timers_rti_Timer_Module__diagsIncluded__C         
00818740  ti_sysbios_timers_rti_Timer_Module__diagsMask__C             
00818744  ti_sysbios_timers_rti_Timer_numTimerDevices__C               
00818748  ti_sysbios_timers_rti_Timer_startupNeeded__C                 
0081874c  txGainTempLutReadCfg                                         
00818750  xdc_runtime_Assert_E_assertFailed__C                         
00818754  xdc_runtime_Core_A_initializedParams__C                      
00818758  xdc_runtime_Core_Module__diagsEnabled__C                     
0081875c  xdc_runtime_Core_Module__diagsIncluded__C                    
00818760  xdc_runtime_Core_Module__diagsMask__C                        
00818764  xdc_runtime_Error_E_memory__C                                
00818768  xdc_runtime_Error_Module__diagsEnabled__C                    
0081876c  xdc_runtime_Error_Module__diagsIncluded__C                   
00818770  xdc_runtime_Error_Module__diagsMask__C                       
00818774  xdc_runtime_Error_Module__loggerFxn8__C                      
00818778  xdc_runtime_Error_Module__loggerObj__C                       
0081877c  xdc_runtime_Error_policyFxn__C                               
00818780  xdc_runtime_Error_policy__C                                  
00818784  xdc_runtime_Error_raiseHook__C                               
00818788  xdc_runtime_IGateProvider_Interface__BASE__C                 
0081878c  xdc_runtime_IHeap_Interface__BASE__C                         
00818790  xdc_runtime_IModule_Interface__BASE__C                       
00818794  xdc_runtime_Log_L_error__C                                   
00818798  xdc_runtime_Memory_defaultHeapInstance__C                    
0081879c  xdc_runtime_Startup_execImpl__C                              
008187a0  xdc_runtime_Startup_maxPasses__C                             
008187a4  xdc_runtime_Startup_sfxnRts__C                               
008187a8  xdc_runtime_Startup_sfxnTab__C                               
008187ac  xdc_runtime_System_Module__gateObj__C                        
008187b0  xdc_runtime_System_abortFxn__C                               
008187b4  xdc_runtime_System_exitFxn__C                                
008187b8  xdc_runtime_System_extendFxn__C                              
008187bc  xdc_runtime_System_maxAtexitHandlers__C                      
008187c0  xdc_runtime_Text_charTab__C                                  
008187c4  xdc_runtime_Text_nameEmpty__C                                
008187c8  xdc_runtime_Text_nameStatic__C                               
008187cc  xdc_runtime_Text_nameUnknown__C                              
008187d0  xdc_runtime_Text_nodeTab__C                                  
008187d4  xdc_runtime_Text_visitRopeFxn__C                             
008187d8  ti_sysbios_family_c64p_Exception_useInternalBuffer__C        
008187da  ti_sysbios_family_c64p_Hwi_Module__id__C                     
008187dc  ti_sysbios_family_c64p_Hwi_Module__loggerDefined__C          
008187de  ti_sysbios_gates_GateMutex_Module__id__C                     
008187e0  ti_sysbios_hal_Hwi_Module__id__C                             
008187e2  ti_sysbios_heaps_HeapMem_Module__id__C                       
008187e4  ti_sysbios_knl_Clock_Module__id__C                           
008187e6  ti_sysbios_knl_Clock_Module__loggerDefined__C                
008187e8  ti_sysbios_knl_Semaphore_Module__id__C                       
008187ea  ti_sysbios_knl_Semaphore_Module__loggerDefined__C            
008187ec  ti_sysbios_knl_Swi_Module__id__C                             
008187ee  ti_sysbios_knl_Swi_Module__loggerDefined__C                  
008187f0  ti_sysbios_knl_Task_Module__id__C                            
008187f2  ti_sysbios_knl_Task_Module__loggerDefined__C                 
008187f4  ti_sysbios_timers_rti_Timer_Module__id__C                    
008187f6  ti_sysbios_timers_rti_Timer_continueOnSuspend__C             
008187f8  xdc_runtime_Core_Module__id__C                               
008187fa  xdc_runtime_Error_Module__loggerDefined__C                   
008187fc  xdc_runtime_Error_maxDepth__C                                
008187fe  xdc_runtime_Main_Module__id__C                               
00818800  xdc_runtime_Memory_Module__id__C                             
00818802  xdc_runtime_Text_charCnt__C                                  
00818804  xdc_runtime_Text_isLoaded__C                                 
00818806  xdc_runtime_Text_registryModsLastId__C                       
00818808  xdc_runtime_Text_unnamedModsLastId__C                        
00818810  ti_sysbios_family_c64p_EventCombiner_Module__state__V        
00818c10  calibData                                                    
00818ebc  gMonDataAeStrct                                              
00819348  _ftable                                                      
00819528  phShiftCalibData                                             
008196b4  rl_rxMsg                                                     
008197b4  rl_txMsg                                                     
008198b4  _lock                                                        
008198b8  getChirpCfg                                                  
00819980  advFrameCfg                                                  
00819a38  _stream                                                      
00819ad8  ti_sysbios_knl_Swi_Module_State_0_readyQ__A                  
00819b58  ti_sysbios_knl_Task_Module_State_0_readyQ__A                 
00819bd8  _device                                                      
00819c50  ti_sysbios_family_c64p_Hwi_Module__state__V                  
00819cbc  _unlock                                                      
00819cc0  ti_sysbios_knl_Task_Object__table__V                         
00819d1c  gMailboxMCB                                                  
00819d6c  retryNegativeTestCfg                                         
00819d70  monAeCnt                                                     
00819dc0  monFailRepCheck                                              
00819e10  rcvGpAdcData                                                 
00819e58  ti_sysbios_knl_Task_Module__state__V                         
00819ea0  ti_sysbios_gates_GateMutex_Object__table__V                  
00819ee0  txGainTempLutData                                            
00819f20  ti_sysbios_timers_rti_Timer_Object__table__V                 
00819f5c  ti_sysbios_family_c64p_Exception_Module__state__V            
00819f8c  __TI_ft_end                                                  
00819f90  ti_sysbios_knl_Swi_Object__table__V                          
00819fc0  ti_sysbios_knl_Clock_Module__state__V                        
00819fec  ti_sysbios_BIOS_Module__state__V                             
0081a010  gSOCHwAttrib                                                 
0081a030  xdc_runtime_Error_IgnoreBlock                                
0081a050  xdc_runtime_System_Module_State_0_atexitHandlers__A          
0081a070  ti_sysbios_knl_Swi_Module__state__V                          
0081a08c  __errno                                                      
0081a08c  errno                                                        
0081a090  ADCBuf_config                                                
0081a0a8  frameCfg                                                     
0081a0c0  gMailboxDssBssHwCfg                                          
0081a0d8  gMailboxDssMssHwCfg                                          
0081a0f0  rxGainTempLutData                                            
0081a108  ti_sysbios_family_c64p_Hwi_Object__table__V                  
0081a120  ti_sysbios_heaps_HeapMem_Object__table__V                    
0081a138  ti_sysbios_timers_rti_Timer_Module_State_0_device__A         
0081a150  ti_sysbios_timers_rti_Timer_Module_State_0_intFreqs__A       
0081a160  ti_sysbios_timers_rti_Timer_Module__state__V                 
0081a170  tx0BpmMonCfg                                                 
0081a180  tx0PowMonCfg                                                 
0081a190  tx1BpmMonCfg                                                 
0081a1a0  tx1PowMonCfg                                                 
0081a1b0  tx2BpmMonCfg                                                 
0081a1c0  tx2PowMonCfg                                                 
0081a1d0  rfDevCfg                                                     
0081a1dc  __TI_cleanup_ptr                                             
0081a1e0  __TI_dtors_ptr                                               
0081a1e4  __TI_enable_exit_profile_output                              
0081a1e8  tx0BallBreakMonCfg                                           
0081a1f4  tx1BallBreakMonCfg                                           
0081a200  tx2BallBreakMonCfg                                           
0081a20c  ti_sysbios_family_c64p_Cache_Module__state__V                
0081a210  errorStatusCnt                                               
0081a21a  xdc_runtime_Error_Module__state__V                           
0081a21c  ti_sysbios_family_c64p_Hwi_Module__root__V                   
0081a224  ti_sysbios_gates_GateHwi_Module__root__V                     
0081a22c  ti_sysbios_gates_GateMutex_Module__root__V                   
0081a234  ti_sysbios_heaps_HeapBuf_Module__state__V                    
0081a238  ti_sysbios_hal_Hwi_Object__table__V                          
0081a240  ti_sysbios_heaps_HeapMem_Module__root__V                     
0081a248  ti_sysbios_knl_Queue_Module__root__V                         
0081a250  ti_sysbios_knl_Semaphore_Module__root__V                     
0081a258  ti_sysbios_knl_Task_Module__root__V                          
0081a260  ti_sysbios_timers_rti_Timer_Module_State_0_handles__A        
0081a268  tx0IntAnaSigMonCfg                                           
0081a270  tx1IntAnaSigMonCfg                                           
0081a278  tx2IntAnaSigMonCfg                                           
0081a280  xdc_runtime_Registry_Module__state__V                        
0081a288  xdc_runtime_Startup_Module__state__V                         
0081a290  xdc_runtime_System_Module__state__V                          
0081a298  ti_sysbios_gates_GateHwi_Object__table__V                    
0081a29c  xdc_runtime_Memory_Module__state__V                          
0081a2a0  ti_sysbios_knl_Task_Module_State_0_idleTask__A               
0081a2a8  _stack                                                       
0081b2a8  __TI_STACK_END                                               
0081b2a8  ti_sysbios_knl_Task_Instance_State_0_stack__A                
0081bf80  __TI_tmpnams                                                 
0081c0c0  gLinkSemParams                                               
0081c0e4  gMmwaveLinkMCB                                               
0081c0fc  edmaDbg                                                      
0081c110  avgChirpTimeInterval                                         
0081c118  parmbuf                                                      
0081c2d8  __CIOBUF_                                                    
0081c3f8  EdmaHandle                                                   
0081c3f8  __TI_STATIC_BASE                                             
0081c3fc  adcbufHandle                                                 
0081c400  gLinkFrameSem                                                
0081c404  g_MailboxInterruptFunc                                       
0081c408  lastChirpIntTimeStamp                                        
0081c40c  monTestCase                                                  
0081c410  monTestPassFlag                                              
0081c414  gLinkChirpCnt                                                
0081c418  gLinkFrameCnt                                                
0081c41c  dynChirpTestStatus                                           
0081c420  gCqTestResult                                                
0081c424  gCpTestResult                                                
0081c428  gDynChirpConfigNum                                           
0081c429  chirpMissedError                                             
0081c42c  framePeriodicity                                             
0081c430  frameCount                                                   
0081c434  chirpCount                                                   
0081c438  gMonitorHdrCnt                                               
0081c43c  gInitTimeCalibStatus                                         
0081c440  gRunTimeCalibStatus                                          
0081c444  gFrameStartStatus                                            
0081c448  gMmwlChecksumFailAsyncEvent                                  
0081c44c  gMmwlCrcFailAsyncEvent                                       
0081c450  gMonitoringStatus                                            
0081c452  isGetGpAdcMeasData                                           
0081c453  eDMADataTransferDone                                         
0081c454  hit_count                                                    
0081c456  cqTestStatus                                                 
0081c457  cpTestStatus                                                 
0081c458  gMCPILogMessageSize                                          
0081c45c  gLinkMonitoringTest                                          
0081c45d  gLinkCalibTest                                               
0081c45e  gLinkAdvanceFrameTest                                        
0081c45f  cqDataVerifyTest                                             
0081c460  gLinkContModeTest                                            
0081c461  gDynamicChirpTest                                            
0081c462  gLinkBpmEnableTest                                           
0081c463  gLinkProgFiltTest                                            
0081c464  gLinkSubFrameTrigTest                                        
0081c465  gLinkEnableTx2                                               
0081c466  gLinkDig1TempSensor                                          
0081c468  MCPI_Result                                                  
0081c46c  MCPI_FailSignature                                           
0081c478  gCRCRegister                                                 
0081c47c  regionId                                                     
0081c480  anaMonEn                                                     
ffffffff  __TI_pprof_out_hndl                                          
ffffffff  __TI_prof_data_size                                          
ffffffff  __TI_prof_data_start                                         
ffffffff  __binit__                                                    
ffffffff  __c_args__                                                   
ffffffff  binit                                                        
UNDEFED   __TI_CINIT_Base                                              
UNDEFED   __TI_CINIT_Limit                                             
UNDEFED   __TI_Handler_Table_Base                                      
UNDEFED   __TI_Handler_Table_Limit                                     
UNDEFED   __TI_INITARRAY_Base                                          
UNDEFED   __TI_INITARRAY_Limit                                         
UNDEFED   __TI_TLS_INIT_Base                                           
UNDEFED   __TI_TLS_INIT_Limit                                          

[1086 symbols]
