******************************************************************************
               TMS320C6x Linker Unix v8.3.3                    
******************************************************************************
>> Linked Fri Oct  2 10:02:02 2020

OUTPUT FILE NAME:   <dfptest/xwr18xx/xwr18xx_dfptest_dss.xe674>
ENTRY POINT SYMBOL: "_c_int00"  address: 007fc220


MEMORY CONFIGURATION

         name            origin    length      used     unused   attr    fill
----------------------  --------  ---------  --------  --------  ----  --------
PAGE 0:
  L2SRAM_UMAP1          007e0000   00020000  00020000  00000000  RWIX
  L2SRAM_UMAP0          00800000   00020000  0001829e  00007d62  RWIX
  L1PSRAM               00e00000   00004000  00000000  00004000  RWIX
  L1DSRAM               00f00000   00004000  00000000  00004000  RWIX
  L3SRAM                20000000   00100000  0000ba80  000f4580  RWIX
  HWA_RAM               21030000   00010000  00000000  00010000  RWIX
  HSRAM                 21080000   00008000  00000000  00008000  RWIX

PAGE 1:
  L3SRAM                20000000   00100000  00000000  00100000  RWIX


SEGMENT ALLOCATION MAP

run origin  load origin   length   init length attrs members
----------  ----------- ---------- ----------- ----- -------
007e0000    007e0000    00020000   00020000    r-x
  007e0000    007e0000    00000200   00000200    r-x .vecs
  007e0200    007e0200    0001fe00   0001fe00    r-x .text.1
00800000    00800000    0000a400   00000000    rw-
  00800000    00800000    00008000   00000000    rw- systemHeap
  00808000    00808000    00002400   00000000    rw- .MCPILogBuffer
0080a400    0080a400    0000a2ae   0000a2ae    r-x
  0080a400    0080a400    00002700   00002700    r-x .text.2
  0080cb00    0080cb00    00007bae   00007bae    r-- .const
008146b0    008146b0    000014c8   00000000    rw-
  008146b0    008146b0    000014c8   00000000    rw- .far
00815b78    00815b78    000023a8   000013a2    rw-
  00815b78    00815b78    000013a2   000013a2    rw- .fardata
  00816f20    00816f20    00001000   00000000    rw- .stack
00817f20    00817f20    0000021c   0000021c    r--
  00817f20    00817f20    0000021c   0000021c    r-- .switch
00818140    00818140    00000120   00000000    rw-
  00818140    00818140    00000120   00000000    rw- .cio
00818260    00818260    0000004a   00000038    rw-
  00818260    00818260    00000038   00000038    rw- .neardata
  00818298    00818298    00000012   00000000    rw- .bss
20000000    20000000    0000ba80   0000ba80    rwx
  20000000    20000000    0000ba80   0000ba80    rwx .configFiles


SECTION ALLOCATION MAP

 output                                  attributes/
section   page    origin      length       input sections
--------  ----  ----------  ----------   ----------------
xdc.meta   0    00000000    00000110     COPY SECTION
                  00000000    00000110     dss_pe674.oe674 (xdc.meta)

.vecs      0    007e0000    00000200     
                  007e0000    00000200     dss_pe674.oe674 (.vecs)

systemHeap 
*          0    00800000    00008000     UNINITIALIZED
                  00800000    00008000     dss_pe674.oe674 (systemHeap)

.MCPILogBuffer 
*          0    00808000    00002400     UNINITIALIZED
                  00808000    00002400     main_dfp_dss.oe674 (.MCPILogBuffer)

.stack     0    00816f20    00001000     UNINITIALIZED
                  00816f20    00000008     boot.ae674 : boot.oe674 (.stack)
                  00816f28    00000ff8     --HOLE--

.neardata 
*          0    00818260    00000038     
                  00818260    00000016     dfptest_setup.oe674 (.neardata)
                  00818276    00000002     --HOLE-- [fill = 0]
                  00818278    0000000c     libtestlogger_xwr18xx.ae674 : logger.oe674 (.neardata)
                  00818284    00000007     dfptest_config.oe674 (.neardata)
                  0081828b    00000001     --HOLE-- [fill = 0]
                  0081828c    00000004     libadcbuf_xwr18xx.ae674 : ADCBuf.oe674 (.neardata)
                  00818290    00000004     libcrc_xwr18xx.ae674 : crc_xwr18xx.oe674 (.neardata)
                  00818294    00000004     main_dfp_dss.oe674 (.neardata)

.bss       0    00818298    00000012     UNINITIALIZED
                  00818298    00000004     (.common:adcbufHandle)
                  0081829c    00000004     (.common:gLatentFaultReportReceived)
                  008182a0    00000004     (.common:gSensorStopSem)
                  008182a4    00000004     (.common:g_MailboxInterruptFunc)
                  008182a8    00000001     (.common:deviceVariant)
                  008182a9    00000001     (.common:monTestPassFlag)

.cinit     0    00800000    00000000     UNINITIALIZED

.far       0    008146b0    000014c8     UNINITIALIZED
                  008146b0    00000800     dss_pe674.oe674 (.far:taskStackSection)
                  00814eb0    00000208     (.common:dynPhaseShiftCfg)
                  008150b8    00000190     (.common:chirpCfg)
                  00815248    00000140     (.common:__TI_tmpnams)
                  00815388    000000d0     (.common:gTestStartStopCfg)
                  00815458    000000d0     (.common:progFiltCoef)
                  00815528    000000b8     (.common:advFrameCfg)
                  008155e0    000000b8     (.common:gTestMiscCfg)
                  00815698    000000b0     (.common:profileCfg)
                  00815748    000000a0     (.common:bpmChirpCfg)
                  008157e8    00000044     (.common:rxGainPhaseMonCfg)
                  0081582c    00000044     (.common:testSourceCfg)
                  00815870    00000034     (.common:txGainPhMisMatchMonCfg)
                  008158a4    00000020     (.common:extAnaSigMonCfg)
                  008158c4    0000001c     (.common:gpAdcCfg)
                  008158e0    00000018     (.common:frameCfg)
                  008158f8    00000018     (.common:gMmwaveLinkMCB)
                  00815910    00000018     (.common:interRxGainPhCfg)
                  00815928    00000018     (.common:synthFreqNonLiveMonCfg)
                  00815940    00000014     (.common:contModeCfg)
                  00815954    00000014     (.common:runTimeCalib)
                  00815968    00000014     (.common:rxSatMonCfg)
                  0081597c    00000014     (.common:tempMonCfg)
                  00815990    00000010     (.common:bpmCommonCfg)
                  008159a0    00000010     (.common:monRxIfStageCfg)
                  008159b0    00000010     (.common:phaseShiftCfg)
                  008159c0    00000010     (.common:tx0BpmMonCfg)
                  008159d0    00000010     (.common:tx0PowMonCfg)
                  008159e0    00000010     (.common:tx1BpmMonCfg)
                  008159f0    00000010     (.common:tx1PowMonCfg)
                  00815a00    00000010     (.common:tx2BpmMonCfg)
                  00815a10    00000010     (.common:tx2PowMonCfg)
                  00815a20    0000000c     (.common:allTxBallbreakMonCfg)
                  00815a2c    0000000c     (.common:allTxBpmMonCfg)
                  00815a38    0000000c     (.common:allTxPowMonCfg)
                  00815a44    0000000c     (.common:allTxanaSigMonCfg)
                  00815a50    0000000c     (.common:freqLimit)
                  00815a5c    0000000c     (.common:gTestMCB)
                  00815a68    0000000c     (.common:monDigEnables)
                  00815a74    0000000c     (.common:monDigPeriodicCfg)
                  00815a80    0000000c     (.common:rfInitCalib)
                  00815a8c    0000000c     (.common:rxMixInpwrMonCfg)
                  00815a98    0000000c     (.common:rxNoiseMonCfg)
                  00815aa4    0000000c     (.common:sigImgMonCfg)
                  00815ab0    0000000c     (.common:synthFreqMonCfg)
                  00815abc    0000000c     (.common:tx0BallBreakMonCfg)
                  00815ac8    0000000c     (.common:tx1BallBreakMonCfg)
                  00815ad4    0000000c     (.common:tx2BallBreakMonCfg)
                  00815ae0    00000008     (.common:adcOutCfgArgs)
                  00815ae8    00000008     (.common:calMonTimeUnitConf)
                  00815af0    00000008     (.common:chCfg)
                  00815af8    00000008     (.common:dualClkCompMonCfg)
                  00815b00    00000008     (.common:gpadcIntAnaSigMonCfg)
                  00815b08    00000008     (.common:miscCfg)
                  00815b10    00000008     (.common:monAnaEnables)
                  00815b18    00000008     (.common:parmbuf)
                  00815b20    00000008     (.common:pllConVoltMonCfg)
                  00815b28    00000008     (.common:pmClkLoIntAnaSigMonCfg)
                  00815b30    00000008     (.common:rxIntAnaSigMonCfg)
                  00815b38    00000008     (.common:tx0IntAnaSigMonCfg)
                  00815b40    00000008     (.common:tx1IntAnaSigMonCfg)
                  00815b48    00000008     (.common:tx2IntAnaSigMonCfg)
                  00815b50    00000004     (.common:contModeEn)
                  00815b54    00000004     (.common:deviceHsiClk)
                  00815b58    00000004     (.common:dynPwrSave)
                  00815b5c    00000004     (.common:lowPowerModeCfg)
                  00815b60    00000004     (.common:progFiltCfg)
                  00815b64    00000004     (.common:rfLdoBypassCfg)
                  00815b68    00000004     (.common:rxGainTempLutReadCfg)
                  00815b6c    00000004     (.common:subFrameTrigCfg)
                  00815b70    00000004     (.common:testSourceEn)
                  00815b74    00000004     (.common:txGainTempLutReadCfg)

.configFiles 
*          0    20000000    0000ba80     
                  20000000    00000740     dfptest_config_001.oe674 (.text:dfpTestLoadCfg_001)
                  20000740    00000208     dfptest_config_001.oe674 (.fardata:dynPhaseShiftCfg_001)
                  20000948    00000190     dfptest_config_001.oe674 (.fardata:chirpCfg_001)
                  20000ad8    000000d0     dfptest_config_001.oe674 (.fardata:gTestStartStopCfg_001)
                  20000ba8    000000d0     dfptest_config_001.oe674 (.fardata:progFiltCoef_001)
                  20000c78    000000b8     dfptest_config_001.oe674 (.fardata:advFrameCfg_001)
                  20000d30    000000b8     dfptest_config_001.oe674 (.fardata:gTestMiscCfg_001)
                  20000de8    000000b0     dfptest_config_001.oe674 (.fardata:profileCfg_001)
                  20000e98    000000a0     dfptest_config_001.oe674 (.fardata:bpmChirpCfg_001)
                  20000f38    00000044     dfptest_config_001.oe674 (.fardata:rxGainPhaseMonCfg_001)
                  20000f7c    00000044     dfptest_config_001.oe674 (.fardata:testSourceCfg_001)
                  20000fc0    00000034     dfptest_config_001.oe674 (.fardata:txGainPhMisMatchMonCfg_001)
                  20000ff4    00000020     dfptest_config_001.oe674 (.fardata:extAnaSigMonCfg_001)
                  20001014    0000001c     dfptest_config_001.oe674 (.fardata:gpAdcCfg_001)
                  20001030    00000018     dfptest_config_001.oe674 (.fardata:frameCfg_001)
                  20001048    00000018     dfptest_config_001.oe674 (.fardata:interRxGainPhCfg_001)
                  20001060    00000014     dfptest_config_001.oe674 (.fardata:contModeCfg_001)
                  20001074    00000014     dfptest_config_001.oe674 (.fardata:runTimeCalib_001)
                  20001088    00000014     dfptest_config_001.oe674 (.fardata:rxSatMonCfg_001)
                  2000109c    00000014     dfptest_config_001.oe674 (.fardata:tempMonCfg_001)
                  200010b0    00000010     dfptest_config_001.oe674 (.fardata:bpmCommonCfg_001)
                  200010c0    00000010     dfptest_config_001.oe674 (.fardata:monRxIfStageCfg_001)
                  200010d0    00000010     dfptest_config_001.oe674 (.fardata:phaseShiftCfg_001)
                  200010e0    00000010     dfptest_config_001.oe674 (.fardata:tx0BpmMonCfg_001)
                  200010f0    00000010     dfptest_config_001.oe674 (.fardata:tx0PowMonCfg_001)
                  20001100    00000010     dfptest_config_001.oe674 (.fardata:tx1BpmMonCfg_001)
                  20001110    00000010     dfptest_config_001.oe674 (.fardata:tx1PowMonCfg_001)
                  20001120    00000010     dfptest_config_001.oe674 (.fardata:tx2BpmMonCfg_001)
                  20001130    00000010     dfptest_config_001.oe674 (.fardata:tx2PowMonCfg_001)
                  20001140    0000000c     dfptest_config_001.oe674 (.fardata:allTxBallbreakMonCfg_001)
                  2000114c    0000000c     dfptest_config_001.oe674 (.fardata:allTxBpmMonCfg_001)
                  20001158    0000000c     dfptest_config_001.oe674 (.fardata:allTxPowMonCfg_001)
                  20001164    0000000c     dfptest_config_001.oe674 (.fardata:allTxanaSigMonCfg_001)
                  20001170    0000000c     dfptest_config_001.oe674 (.fardata:freqLimit_001)
                  2000117c    0000000c     dfptest_config_001.oe674 (.fardata:monDigEnables_001)
                  20001188    0000000c     dfptest_config_001.oe674 (.fardata:monDigPeriodicCfg_001)
                  20001194    0000000c     dfptest_config_001.oe674 (.fardata:rfInitCalib_001)
                  200011a0    0000000c     dfptest_config_001.oe674 (.fardata:rxMixInpwrMonCfg_001)
                  200011ac    0000000c     dfptest_config_001.oe674 (.fardata:rxNoiseMonCfg_001)
                  200011b8    0000000c     dfptest_config_001.oe674 (.fardata:sigImgMonCfg_001)
                  200011c4    0000000c     dfptest_config_001.oe674 (.fardata:synthFreqMonCfg_001)
                  200011d0    0000000c     dfptest_config_001.oe674 (.fardata:tx0BallBreakMonCfg_001)
                  200011dc    0000000c     dfptest_config_001.oe674 (.fardata:tx1BallBreakMonCfg_001)
                  200011e8    0000000c     dfptest_config_001.oe674 (.fardata:tx2BallBreakMonCfg_001)
                  200011f4    00000008     dfptest_config_001.oe674 (.fardata:adcOutCfgArgs_001)
                  200011fc    00000008     dfptest_config_001.oe674 (.fardata:calMonTimeUnitConf_001)
                  20001204    00000008     dfptest_config_001.oe674 (.fardata:chCfg_001)
                  2000120c    00000008     dfptest_config_001.oe674 (.fardata:dualClkCompMonCfg_001)
                  20001214    00000008     dfptest_config_001.oe674 (.fardata:gpadcIntAnaSigMonCfg_001)
                  2000121c    00000008     dfptest_config_001.oe674 (.fardata:miscCfg_001)
                  20001224    00000008     dfptest_config_001.oe674 (.fardata:monAnaEnables_001)
                  2000122c    00000008     dfptest_config_001.oe674 (.fardata:pllConVoltMonCfg_001)
                  20001234    00000008     dfptest_config_001.oe674 (.fardata:pmClkLoIntAnaSigMonCfg_001)
                  2000123c    00000008     dfptest_config_001.oe674 (.fardata:rxIntAnaSigMonCfg_001)
                  20001244    00000008     dfptest_config_001.oe674 (.fardata:tx0IntAnaSigMonCfg_001)
                  2000124c    00000008     dfptest_config_001.oe674 (.fardata:tx1IntAnaSigMonCfg_001)
                  20001254    00000008     dfptest_config_001.oe674 (.fardata:tx2IntAnaSigMonCfg_001)
                  2000125c    00000004     dfptest_config_001.oe674 (.fardata:contModeEn_001)
                  20001260    00000004     dfptest_config_001.oe674 (.fardata:deviceHsiClk_001)
                  20001264    00000004     dfptest_config_001.oe674 (.fardata:dynPwrSave_001)
                  20001268    00000004     dfptest_config_001.oe674 (.fardata:lowPowerModeCfg_001)
                  2000126c    00000004     dfptest_config_001.oe674 (.fardata:progFiltCfg_001)
                  20001270    00000004     dfptest_config_001.oe674 (.fardata:rfLdoBypassCfg_001)
                  20001274    00000004     dfptest_config_001.oe674 (.fardata:rxGainTempLutReadCfg_001)
                  20001278    00000004     dfptest_config_001.oe674 (.fardata:subFrameTrigCfg_001)
                  2000127c    00000004     dfptest_config_001.oe674 (.fardata:testSourceEn_001)
                  20001280    00000004     dfptest_config_001.oe674 (.fardata:txGainTempLutReadCfg_001)
                  20001284    0000001c     --HOLE-- [fill = 0]
                  200012a0    00000020     rts6740_elf.lib : memcpy64.asm.obj ($Tramp$S$$memcpy)
                  200012c0    00000020                     : strasg.asm.obj ($Tramp$S$$__c6xabi_strasgi_64plus)
                  200012e0    00000740     dfptest_config_002.oe674 (.text:dfpTestLoadCfg_002)
                  20001a20    00000208     dfptest_config_002.oe674 (.fardata:dynPhaseShiftCfg_002)
                  20001c28    00000190     dfptest_config_002.oe674 (.fardata:chirpCfg_002)
                  20001db8    000000d0     dfptest_config_002.oe674 (.fardata:gTestStartStopCfg_002)
                  20001e88    000000d0     dfptest_config_002.oe674 (.fardata:progFiltCoef_002)
                  20001f58    000000b8     dfptest_config_002.oe674 (.fardata:advFrameCfg_002)
                  20002010    000000b8     dfptest_config_002.oe674 (.fardata:gTestMiscCfg_002)
                  200020c8    000000b0     dfptest_config_002.oe674 (.fardata:profileCfg_002)
                  20002178    000000a0     dfptest_config_002.oe674 (.fardata:bpmChirpCfg_002)
                  20002218    00000044     dfptest_config_002.oe674 (.fardata:rxGainPhaseMonCfg_002)
                  2000225c    00000044     dfptest_config_002.oe674 (.fardata:testSourceCfg_002)
                  200022a0    00000034     dfptest_config_002.oe674 (.fardata:txGainPhMisMatchMonCfg_002)
                  200022d4    00000020     dfptest_config_002.oe674 (.fardata:extAnaSigMonCfg_002)
                  200022f4    0000001c     dfptest_config_002.oe674 (.fardata:gpAdcCfg_002)
                  20002310    00000018     dfptest_config_002.oe674 (.fardata:frameCfg_002)
                  20002328    00000018     dfptest_config_002.oe674 (.fardata:interRxGainPhCfg_002)
                  20002340    00000014     dfptest_config_002.oe674 (.fardata:contModeCfg_002)
                  20002354    00000014     dfptest_config_002.oe674 (.fardata:runTimeCalib_002)
                  20002368    00000014     dfptest_config_002.oe674 (.fardata:rxSatMonCfg_002)
                  2000237c    00000014     dfptest_config_002.oe674 (.fardata:tempMonCfg_002)
                  20002390    00000010     dfptest_config_002.oe674 (.fardata:bpmCommonCfg_002)
                  200023a0    00000010     dfptest_config_002.oe674 (.fardata:monRxIfStageCfg_002)
                  200023b0    00000010     dfptest_config_002.oe674 (.fardata:phaseShiftCfg_002)
                  200023c0    00000010     dfptest_config_002.oe674 (.fardata:tx0BpmMonCfg_002)
                  200023d0    00000010     dfptest_config_002.oe674 (.fardata:tx0PowMonCfg_002)
                  200023e0    00000010     dfptest_config_002.oe674 (.fardata:tx1BpmMonCfg_002)
                  200023f0    00000010     dfptest_config_002.oe674 (.fardata:tx1PowMonCfg_002)
                  20002400    00000010     dfptest_config_002.oe674 (.fardata:tx2BpmMonCfg_002)
                  20002410    00000010     dfptest_config_002.oe674 (.fardata:tx2PowMonCfg_002)
                  20002420    0000000c     dfptest_config_002.oe674 (.fardata:allTxBallbreakMonCfg_002)
                  2000242c    0000000c     dfptest_config_002.oe674 (.fardata:allTxBpmMonCfg_002)
                  20002438    0000000c     dfptest_config_002.oe674 (.fardata:allTxPowMonCfg_002)
                  20002444    0000000c     dfptest_config_002.oe674 (.fardata:allTxanaSigMonCfg_002)
                  20002450    0000000c     dfptest_config_002.oe674 (.fardata:freqLimit_002)
                  2000245c    0000000c     dfptest_config_002.oe674 (.fardata:monDigEnables_002)
                  20002468    0000000c     dfptest_config_002.oe674 (.fardata:monDigPeriodicCfg_002)
                  20002474    0000000c     dfptest_config_002.oe674 (.fardata:rfInitCalib_002)
                  20002480    0000000c     dfptest_config_002.oe674 (.fardata:rxMixInpwrMonCfg_002)
                  2000248c    0000000c     dfptest_config_002.oe674 (.fardata:rxNoiseMonCfg_002)
                  20002498    0000000c     dfptest_config_002.oe674 (.fardata:sigImgMonCfg_002)
                  200024a4    0000000c     dfptest_config_002.oe674 (.fardata:synthFreqMonCfg_002)
                  200024b0    0000000c     dfptest_config_002.oe674 (.fardata:tx0BallBreakMonCfg_002)
                  200024bc    0000000c     dfptest_config_002.oe674 (.fardata:tx1BallBreakMonCfg_002)
                  200024c8    0000000c     dfptest_config_002.oe674 (.fardata:tx2BallBreakMonCfg_002)
                  200024d4    00000008     dfptest_config_002.oe674 (.fardata:adcOutCfgArgs_002)
                  200024dc    00000008     dfptest_config_002.oe674 (.fardata:calMonTimeUnitConf_002)
                  200024e4    00000008     dfptest_config_002.oe674 (.fardata:chCfg_002)
                  200024ec    00000008     dfptest_config_002.oe674 (.fardata:dualClkCompMonCfg_002)
                  200024f4    00000008     dfptest_config_002.oe674 (.fardata:gpadcIntAnaSigMonCfg_002)
                  200024fc    00000008     dfptest_config_002.oe674 (.fardata:miscCfg_002)
                  20002504    00000008     dfptest_config_002.oe674 (.fardata:monAnaEnables_002)
                  2000250c    00000008     dfptest_config_002.oe674 (.fardata:pllConVoltMonCfg_002)
                  20002514    00000008     dfptest_config_002.oe674 (.fardata:pmClkLoIntAnaSigMonCfg_002)
                  2000251c    00000008     dfptest_config_002.oe674 (.fardata:rxIntAnaSigMonCfg_002)
                  20002524    00000008     dfptest_config_002.oe674 (.fardata:tx0IntAnaSigMonCfg_002)
                  2000252c    00000008     dfptest_config_002.oe674 (.fardata:tx1IntAnaSigMonCfg_002)
                  20002534    00000008     dfptest_config_002.oe674 (.fardata:tx2IntAnaSigMonCfg_002)
                  2000253c    00000004     dfptest_config_002.oe674 (.fardata:contModeEn_002)
                  20002540    00000004     dfptest_config_002.oe674 (.fardata:deviceHsiClk_002)
                  20002544    00000004     dfptest_config_002.oe674 (.fardata:dynPwrSave_002)
                  20002548    00000004     dfptest_config_002.oe674 (.fardata:lowPowerModeCfg_002)
                  2000254c    00000004     dfptest_config_002.oe674 (.fardata:progFiltCfg_002)
                  20002550    00000004     dfptest_config_002.oe674 (.fardata:rfLdoBypassCfg_002)
                  20002554    00000004     dfptest_config_002.oe674 (.fardata:rxGainTempLutReadCfg_002)
                  20002558    00000004     dfptest_config_002.oe674 (.fardata:subFrameTrigCfg_002)
                  2000255c    00000004     dfptest_config_002.oe674 (.fardata:testSourceEn_002)
                  20002560    00000004     dfptest_config_002.oe674 (.fardata:txGainTempLutReadCfg_002)
                  20002564    0000001c     --HOLE-- [fill = 0]
                  20002580    00000740     dfptest_config_003.oe674 (.text:dfpTestLoadCfg_003)
                  20002cc0    00000208     dfptest_config_003.oe674 (.fardata:dynPhaseShiftCfg_003)
                  20002ec8    00000190     dfptest_config_003.oe674 (.fardata:chirpCfg_003)
                  20003058    000000d0     dfptest_config_003.oe674 (.fardata:gTestStartStopCfg_003)
                  20003128    000000d0     dfptest_config_003.oe674 (.fardata:progFiltCoef_003)
                  200031f8    000000b8     dfptest_config_003.oe674 (.fardata:advFrameCfg_003)
                  200032b0    000000b8     dfptest_config_003.oe674 (.fardata:gTestMiscCfg_003)
                  20003368    000000b0     dfptest_config_003.oe674 (.fardata:profileCfg_003)
                  20003418    000000a0     dfptest_config_003.oe674 (.fardata:bpmChirpCfg_003)
                  200034b8    00000044     dfptest_config_003.oe674 (.fardata:rxGainPhaseMonCfg_003)
                  200034fc    00000044     dfptest_config_003.oe674 (.fardata:testSourceCfg_003)
                  20003540    00000034     dfptest_config_003.oe674 (.fardata:txGainPhMisMatchMonCfg_003)
                  20003574    00000020     dfptest_config_003.oe674 (.fardata:extAnaSigMonCfg_003)
                  20003594    0000001c     dfptest_config_003.oe674 (.fardata:gpAdcCfg_003)
                  200035b0    00000018     dfptest_config_003.oe674 (.fardata:frameCfg_003)
                  200035c8    00000018     dfptest_config_003.oe674 (.fardata:interRxGainPhCfg_003)
                  200035e0    00000014     dfptest_config_003.oe674 (.fardata:contModeCfg_003)
                  200035f4    00000014     dfptest_config_003.oe674 (.fardata:runTimeCalib_003)
                  20003608    00000014     dfptest_config_003.oe674 (.fardata:rxSatMonCfg_003)
                  2000361c    00000014     dfptest_config_003.oe674 (.fardata:tempMonCfg_003)
                  20003630    00000010     dfptest_config_003.oe674 (.fardata:bpmCommonCfg_003)
                  20003640    00000010     dfptest_config_003.oe674 (.fardata:monRxIfStageCfg_003)
                  20003650    00000010     dfptest_config_003.oe674 (.fardata:phaseShiftCfg_003)
                  20003660    00000010     dfptest_config_003.oe674 (.fardata:tx0BpmMonCfg_003)
                  20003670    00000010     dfptest_config_003.oe674 (.fardata:tx0PowMonCfg_003)
                  20003680    00000010     dfptest_config_003.oe674 (.fardata:tx1BpmMonCfg_003)
                  20003690    00000010     dfptest_config_003.oe674 (.fardata:tx1PowMonCfg_003)
                  200036a0    00000010     dfptest_config_003.oe674 (.fardata:tx2BpmMonCfg_003)
                  200036b0    00000010     dfptest_config_003.oe674 (.fardata:tx2PowMonCfg_003)
                  200036c0    0000000c     dfptest_config_003.oe674 (.fardata:allTxBallbreakMonCfg_003)
                  200036cc    0000000c     dfptest_config_003.oe674 (.fardata:allTxBpmMonCfg_003)
                  200036d8    0000000c     dfptest_config_003.oe674 (.fardata:allTxPowMonCfg_003)
                  200036e4    0000000c     dfptest_config_003.oe674 (.fardata:allTxanaSigMonCfg_003)
                  200036f0    0000000c     dfptest_config_003.oe674 (.fardata:freqLimit_003)
                  200036fc    0000000c     dfptest_config_003.oe674 (.fardata:monDigEnables_003)
                  20003708    0000000c     dfptest_config_003.oe674 (.fardata:monDigPeriodicCfg_003)
                  20003714    0000000c     dfptest_config_003.oe674 (.fardata:rfInitCalib_003)
                  20003720    0000000c     dfptest_config_003.oe674 (.fardata:rxMixInpwrMonCfg_003)
                  2000372c    0000000c     dfptest_config_003.oe674 (.fardata:rxNoiseMonCfg_003)
                  20003738    0000000c     dfptest_config_003.oe674 (.fardata:sigImgMonCfg_003)
                  20003744    0000000c     dfptest_config_003.oe674 (.fardata:synthFreqMonCfg_003)
                  20003750    0000000c     dfptest_config_003.oe674 (.fardata:tx0BallBreakMonCfg_003)
                  2000375c    0000000c     dfptest_config_003.oe674 (.fardata:tx1BallBreakMonCfg_003)
                  20003768    0000000c     dfptest_config_003.oe674 (.fardata:tx2BallBreakMonCfg_003)
                  20003774    00000008     dfptest_config_003.oe674 (.fardata:adcOutCfgArgs_003)
                  2000377c    00000008     dfptest_config_003.oe674 (.fardata:calMonTimeUnitConf_003)
                  20003784    00000008     dfptest_config_003.oe674 (.fardata:chCfg_003)
                  2000378c    00000008     dfptest_config_003.oe674 (.fardata:dualClkCompMonCfg_003)
                  20003794    00000008     dfptest_config_003.oe674 (.fardata:gpadcIntAnaSigMonCfg_003)
                  2000379c    00000008     dfptest_config_003.oe674 (.fardata:miscCfg_003)
                  200037a4    00000008     dfptest_config_003.oe674 (.fardata:monAnaEnables_003)
                  200037ac    00000008     dfptest_config_003.oe674 (.fardata:pllConVoltMonCfg_003)
                  200037b4    00000008     dfptest_config_003.oe674 (.fardata:pmClkLoIntAnaSigMonCfg_003)
                  200037bc    00000008     dfptest_config_003.oe674 (.fardata:rxIntAnaSigMonCfg_003)
                  200037c4    00000008     dfptest_config_003.oe674 (.fardata:tx0IntAnaSigMonCfg_003)
                  200037cc    00000008     dfptest_config_003.oe674 (.fardata:tx1IntAnaSigMonCfg_003)
                  200037d4    00000008     dfptest_config_003.oe674 (.fardata:tx2IntAnaSigMonCfg_003)
                  200037dc    00000004     dfptest_config_003.oe674 (.fardata:contModeEn_003)
                  200037e0    00000004     dfptest_config_003.oe674 (.fardata:deviceHsiClk_003)
                  200037e4    00000004     dfptest_config_003.oe674 (.fardata:dynPwrSave_003)
                  200037e8    00000004     dfptest_config_003.oe674 (.fardata:lowPowerModeCfg_003)
                  200037ec    00000004     dfptest_config_003.oe674 (.fardata:progFiltCfg_003)
                  200037f0    00000004     dfptest_config_003.oe674 (.fardata:rfLdoBypassCfg_003)
                  200037f4    00000004     dfptest_config_003.oe674 (.fardata:rxGainTempLutReadCfg_003)
                  200037f8    00000004     dfptest_config_003.oe674 (.fardata:subFrameTrigCfg_003)
                  200037fc    00000004     dfptest_config_003.oe674 (.fardata:testSourceEn_003)
                  20003800    00000004     dfptest_config_003.oe674 (.fardata:txGainTempLutReadCfg_003)
                  20003804    0000001c     --HOLE-- [fill = 0]
                  20003820    00000740     dfptest_config_004.oe674 (.text:dfpTestLoadCfg_004)
                  20003f60    00000208     dfptest_config_004.oe674 (.fardata:dynPhaseShiftCfg_004)
                  20004168    00000190     dfptest_config_004.oe674 (.fardata:chirpCfg_004)
                  200042f8    000000d0     dfptest_config_004.oe674 (.fardata:gTestStartStopCfg_004)
                  200043c8    000000d0     dfptest_config_004.oe674 (.fardata:progFiltCoef_004)
                  20004498    000000b8     dfptest_config_004.oe674 (.fardata:advFrameCfg_004)
                  20004550    000000b8     dfptest_config_004.oe674 (.fardata:gTestMiscCfg_004)
                  20004608    000000b0     dfptest_config_004.oe674 (.fardata:profileCfg_004)
                  200046b8    000000a0     dfptest_config_004.oe674 (.fardata:bpmChirpCfg_004)
                  20004758    00000044     dfptest_config_004.oe674 (.fardata:rxGainPhaseMonCfg_004)
                  2000479c    00000044     dfptest_config_004.oe674 (.fardata:testSourceCfg_004)
                  200047e0    00000034     dfptest_config_004.oe674 (.fardata:txGainPhMisMatchMonCfg_004)
                  20004814    00000020     dfptest_config_004.oe674 (.fardata:extAnaSigMonCfg_004)
                  20004834    0000001c     dfptest_config_004.oe674 (.fardata:gpAdcCfg_004)
                  20004850    00000018     dfptest_config_004.oe674 (.fardata:frameCfg_004)
                  20004868    00000018     dfptest_config_004.oe674 (.fardata:interRxGainPhCfg_004)
                  20004880    00000014     dfptest_config_004.oe674 (.fardata:contModeCfg_004)
                  20004894    00000014     dfptest_config_004.oe674 (.fardata:runTimeCalib_004)
                  200048a8    00000014     dfptest_config_004.oe674 (.fardata:rxSatMonCfg_004)
                  200048bc    00000014     dfptest_config_004.oe674 (.fardata:tempMonCfg_004)
                  200048d0    00000010     dfptest_config_004.oe674 (.fardata:bpmCommonCfg_004)
                  200048e0    00000010     dfptest_config_004.oe674 (.fardata:monRxIfStageCfg_004)
                  200048f0    00000010     dfptest_config_004.oe674 (.fardata:phaseShiftCfg_004)
                  20004900    00000010     dfptest_config_004.oe674 (.fardata:tx0BpmMonCfg_004)
                  20004910    00000010     dfptest_config_004.oe674 (.fardata:tx0PowMonCfg_004)
                  20004920    00000010     dfptest_config_004.oe674 (.fardata:tx1BpmMonCfg_004)
                  20004930    00000010     dfptest_config_004.oe674 (.fardata:tx1PowMonCfg_004)
                  20004940    00000010     dfptest_config_004.oe674 (.fardata:tx2BpmMonCfg_004)
                  20004950    00000010     dfptest_config_004.oe674 (.fardata:tx2PowMonCfg_004)
                  20004960    0000000c     dfptest_config_004.oe674 (.fardata:allTxBallbreakMonCfg_004)
                  2000496c    0000000c     dfptest_config_004.oe674 (.fardata:allTxBpmMonCfg_004)
                  20004978    0000000c     dfptest_config_004.oe674 (.fardata:allTxPowMonCfg_004)
                  20004984    0000000c     dfptest_config_004.oe674 (.fardata:allTxanaSigMonCfg_004)
                  20004990    0000000c     dfptest_config_004.oe674 (.fardata:freqLimit_004)
                  2000499c    0000000c     dfptest_config_004.oe674 (.fardata:monDigEnables_004)
                  200049a8    0000000c     dfptest_config_004.oe674 (.fardata:monDigPeriodicCfg_004)
                  200049b4    0000000c     dfptest_config_004.oe674 (.fardata:rfInitCalib_004)
                  200049c0    0000000c     dfptest_config_004.oe674 (.fardata:rxMixInpwrMonCfg_004)
                  200049cc    0000000c     dfptest_config_004.oe674 (.fardata:rxNoiseMonCfg_004)
                  200049d8    0000000c     dfptest_config_004.oe674 (.fardata:sigImgMonCfg_004)
                  200049e4    0000000c     dfptest_config_004.oe674 (.fardata:synthFreqMonCfg_004)
                  200049f0    0000000c     dfptest_config_004.oe674 (.fardata:tx0BallBreakMonCfg_004)
                  200049fc    0000000c     dfptest_config_004.oe674 (.fardata:tx1BallBreakMonCfg_004)
                  20004a08    0000000c     dfptest_config_004.oe674 (.fardata:tx2BallBreakMonCfg_004)
                  20004a14    00000008     dfptest_config_004.oe674 (.fardata:adcOutCfgArgs_004)
                  20004a1c    00000008     dfptest_config_004.oe674 (.fardata:calMonTimeUnitConf_004)
                  20004a24    00000008     dfptest_config_004.oe674 (.fardata:chCfg_004)
                  20004a2c    00000008     dfptest_config_004.oe674 (.fardata:dualClkCompMonCfg_004)
                  20004a34    00000008     dfptest_config_004.oe674 (.fardata:gpadcIntAnaSigMonCfg_004)
                  20004a3c    00000008     dfptest_config_004.oe674 (.fardata:miscCfg_004)
                  20004a44    00000008     dfptest_config_004.oe674 (.fardata:monAnaEnables_004)
                  20004a4c    00000008     dfptest_config_004.oe674 (.fardata:pllConVoltMonCfg_004)
                  20004a54    00000008     dfptest_config_004.oe674 (.fardata:pmClkLoIntAnaSigMonCfg_004)
                  20004a5c    00000008     dfptest_config_004.oe674 (.fardata:rxIntAnaSigMonCfg_004)
                  20004a64    00000008     dfptest_config_004.oe674 (.fardata:tx0IntAnaSigMonCfg_004)
                  20004a6c    00000008     dfptest_config_004.oe674 (.fardata:tx1IntAnaSigMonCfg_004)
                  20004a74    00000008     dfptest_config_004.oe674 (.fardata:tx2IntAnaSigMonCfg_004)
                  20004a7c    00000004     dfptest_config_004.oe674 (.fardata:contModeEn_004)
                  20004a80    00000004     dfptest_config_004.oe674 (.fardata:deviceHsiClk_004)
                  20004a84    00000004     dfptest_config_004.oe674 (.fardata:dynPwrSave_004)
                  20004a88    00000004     dfptest_config_004.oe674 (.fardata:lowPowerModeCfg_004)
                  20004a8c    00000004     dfptest_config_004.oe674 (.fardata:progFiltCfg_004)
                  20004a90    00000004     dfptest_config_004.oe674 (.fardata:rfLdoBypassCfg_004)
                  20004a94    00000004     dfptest_config_004.oe674 (.fardata:rxGainTempLutReadCfg_004)
                  20004a98    00000004     dfptest_config_004.oe674 (.fardata:subFrameTrigCfg_004)
                  20004a9c    00000004     dfptest_config_004.oe674 (.fardata:testSourceEn_004)
                  20004aa0    00000004     dfptest_config_004.oe674 (.fardata:txGainTempLutReadCfg_004)
                  20004aa4    0000001c     --HOLE-- [fill = 0]
                  20004ac0    00000740     dfptest_config_005.oe674 (.text:dfpTestLoadCfg_005)
                  20005200    00000208     dfptest_config_005.oe674 (.fardata:dynPhaseShiftCfg_005)
                  20005408    00000190     dfptest_config_005.oe674 (.fardata:chirpCfg_005)
                  20005598    000000d0     dfptest_config_005.oe674 (.fardata:gTestStartStopCfg_005)
                  20005668    000000d0     dfptest_config_005.oe674 (.fardata:progFiltCoef_005)
                  20005738    000000b8     dfptest_config_005.oe674 (.fardata:advFrameCfg_005)
                  200057f0    000000b8     dfptest_config_005.oe674 (.fardata:gTestMiscCfg_005)
                  200058a8    000000b0     dfptest_config_005.oe674 (.fardata:profileCfg_005)
                  20005958    000000a0     dfptest_config_005.oe674 (.fardata:bpmChirpCfg_005)
                  200059f8    00000044     dfptest_config_005.oe674 (.fardata:rxGainPhaseMonCfg_005)
                  20005a3c    00000044     dfptest_config_005.oe674 (.fardata:testSourceCfg_005)
                  20005a80    00000034     dfptest_config_005.oe674 (.fardata:txGainPhMisMatchMonCfg_005)
                  20005ab4    00000020     dfptest_config_005.oe674 (.fardata:extAnaSigMonCfg_005)
                  20005ad4    0000001c     dfptest_config_005.oe674 (.fardata:gpAdcCfg_005)
                  20005af0    00000018     dfptest_config_005.oe674 (.fardata:frameCfg_005)
                  20005b08    00000018     dfptest_config_005.oe674 (.fardata:interRxGainPhCfg_005)
                  20005b20    00000014     dfptest_config_005.oe674 (.fardata:contModeCfg_005)
                  20005b34    00000014     dfptest_config_005.oe674 (.fardata:runTimeCalib_005)
                  20005b48    00000014     dfptest_config_005.oe674 (.fardata:rxSatMonCfg_005)
                  20005b5c    00000014     dfptest_config_005.oe674 (.fardata:tempMonCfg_005)
                  20005b70    00000010     dfptest_config_005.oe674 (.fardata:bpmCommonCfg_005)
                  20005b80    00000010     dfptest_config_005.oe674 (.fardata:monRxIfStageCfg_005)
                  20005b90    00000010     dfptest_config_005.oe674 (.fardata:phaseShiftCfg_005)
                  20005ba0    00000010     dfptest_config_005.oe674 (.fardata:tx0BpmMonCfg_005)
                  20005bb0    00000010     dfptest_config_005.oe674 (.fardata:tx0PowMonCfg_005)
                  20005bc0    00000010     dfptest_config_005.oe674 (.fardata:tx1BpmMonCfg_005)
                  20005bd0    00000010     dfptest_config_005.oe674 (.fardata:tx1PowMonCfg_005)
                  20005be0    00000010     dfptest_config_005.oe674 (.fardata:tx2BpmMonCfg_005)
                  20005bf0    00000010     dfptest_config_005.oe674 (.fardata:tx2PowMonCfg_005)
                  20005c00    0000000c     dfptest_config_005.oe674 (.fardata:allTxBallbreakMonCfg_005)
                  20005c0c    0000000c     dfptest_config_005.oe674 (.fardata:allTxBpmMonCfg_005)
                  20005c18    0000000c     dfptest_config_005.oe674 (.fardata:allTxPowMonCfg_005)
                  20005c24    0000000c     dfptest_config_005.oe674 (.fardata:allTxanaSigMonCfg_005)
                  20005c30    0000000c     dfptest_config_005.oe674 (.fardata:freqLimit_005)
                  20005c3c    0000000c     dfptest_config_005.oe674 (.fardata:monDigEnables_005)
                  20005c48    0000000c     dfptest_config_005.oe674 (.fardata:monDigPeriodicCfg_005)
                  20005c54    0000000c     dfptest_config_005.oe674 (.fardata:rfInitCalib_005)
                  20005c60    0000000c     dfptest_config_005.oe674 (.fardata:rxMixInpwrMonCfg_005)
                  20005c6c    0000000c     dfptest_config_005.oe674 (.fardata:rxNoiseMonCfg_005)
                  20005c78    0000000c     dfptest_config_005.oe674 (.fardata:sigImgMonCfg_005)
                  20005c84    0000000c     dfptest_config_005.oe674 (.fardata:synthFreqMonCfg_005)
                  20005c90    0000000c     dfptest_config_005.oe674 (.fardata:tx0BallBreakMonCfg_005)
                  20005c9c    0000000c     dfptest_config_005.oe674 (.fardata:tx1BallBreakMonCfg_005)
                  20005ca8    0000000c     dfptest_config_005.oe674 (.fardata:tx2BallBreakMonCfg_005)
                  20005cb4    00000008     dfptest_config_005.oe674 (.fardata:adcOutCfgArgs_005)
                  20005cbc    00000008     dfptest_config_005.oe674 (.fardata:calMonTimeUnitConf_005)
                  20005cc4    00000008     dfptest_config_005.oe674 (.fardata:chCfg_005)
                  20005ccc    00000008     dfptest_config_005.oe674 (.fardata:dualClkCompMonCfg_005)
                  20005cd4    00000008     dfptest_config_005.oe674 (.fardata:gpadcIntAnaSigMonCfg_005)
                  20005cdc    00000008     dfptest_config_005.oe674 (.fardata:miscCfg_005)
                  20005ce4    00000008     dfptest_config_005.oe674 (.fardata:monAnaEnables_005)
                  20005cec    00000008     dfptest_config_005.oe674 (.fardata:pllConVoltMonCfg_005)
                  20005cf4    00000008     dfptest_config_005.oe674 (.fardata:pmClkLoIntAnaSigMonCfg_005)
                  20005cfc    00000008     dfptest_config_005.oe674 (.fardata:rxIntAnaSigMonCfg_005)
                  20005d04    00000008     dfptest_config_005.oe674 (.fardata:tx0IntAnaSigMonCfg_005)
                  20005d0c    00000008     dfptest_config_005.oe674 (.fardata:tx1IntAnaSigMonCfg_005)
                  20005d14    00000008     dfptest_config_005.oe674 (.fardata:tx2IntAnaSigMonCfg_005)
                  20005d1c    00000004     dfptest_config_005.oe674 (.fardata:contModeEn_005)
                  20005d20    00000004     dfptest_config_005.oe674 (.fardata:deviceHsiClk_005)
                  20005d24    00000004     dfptest_config_005.oe674 (.fardata:dynPwrSave_005)
                  20005d28    00000004     dfptest_config_005.oe674 (.fardata:lowPowerModeCfg_005)
                  20005d2c    00000004     dfptest_config_005.oe674 (.fardata:progFiltCfg_005)
                  20005d30    00000004     dfptest_config_005.oe674 (.fardata:rfLdoBypassCfg_005)
                  20005d34    00000004     dfptest_config_005.oe674 (.fardata:rxGainTempLutReadCfg_005)
                  20005d38    00000004     dfptest_config_005.oe674 (.fardata:subFrameTrigCfg_005)
                  20005d3c    00000004     dfptest_config_005.oe674 (.fardata:testSourceEn_005)
                  20005d40    00000004     dfptest_config_005.oe674 (.fardata:txGainTempLutReadCfg_005)
                  20005d44    0000001c     --HOLE-- [fill = 0]
                  20005d60    00000740     dfptest_config_006.oe674 (.text:dfpTestLoadCfg_006)
                  200064a0    00000208     dfptest_config_006.oe674 (.fardata:dynPhaseShiftCfg_006)
                  200066a8    00000190     dfptest_config_006.oe674 (.fardata:chirpCfg_006)
                  20006838    000000d0     dfptest_config_006.oe674 (.fardata:gTestStartStopCfg_006)
                  20006908    000000d0     dfptest_config_006.oe674 (.fardata:progFiltCoef_006)
                  200069d8    000000b8     dfptest_config_006.oe674 (.fardata:advFrameCfg_006)
                  20006a90    000000b8     dfptest_config_006.oe674 (.fardata:gTestMiscCfg_006)
                  20006b48    000000b0     dfptest_config_006.oe674 (.fardata:profileCfg_006)
                  20006bf8    000000a0     dfptest_config_006.oe674 (.fardata:bpmChirpCfg_006)
                  20006c98    00000044     dfptest_config_006.oe674 (.fardata:rxGainPhaseMonCfg_006)
                  20006cdc    00000044     dfptest_config_006.oe674 (.fardata:testSourceCfg_006)
                  20006d20    00000034     dfptest_config_006.oe674 (.fardata:txGainPhMisMatchMonCfg_006)
                  20006d54    00000020     dfptest_config_006.oe674 (.fardata:extAnaSigMonCfg_006)
                  20006d74    0000001c     dfptest_config_006.oe674 (.fardata:gpAdcCfg_006)
                  20006d90    00000018     dfptest_config_006.oe674 (.fardata:frameCfg_006)
                  20006da8    00000018     dfptest_config_006.oe674 (.fardata:interRxGainPhCfg_006)
                  20006dc0    00000014     dfptest_config_006.oe674 (.fardata:contModeCfg_006)
                  20006dd4    00000014     dfptest_config_006.oe674 (.fardata:runTimeCalib_006)
                  20006de8    00000014     dfptest_config_006.oe674 (.fardata:rxSatMonCfg_006)
                  20006dfc    00000014     dfptest_config_006.oe674 (.fardata:tempMonCfg_006)
                  20006e10    00000010     dfptest_config_006.oe674 (.fardata:bpmCommonCfg_006)
                  20006e20    00000010     dfptest_config_006.oe674 (.fardata:monRxIfStageCfg_006)
                  20006e30    00000010     dfptest_config_006.oe674 (.fardata:phaseShiftCfg_006)
                  20006e40    00000010     dfptest_config_006.oe674 (.fardata:tx0BpmMonCfg_006)
                  20006e50    00000010     dfptest_config_006.oe674 (.fardata:tx0PowMonCfg_006)
                  20006e60    00000010     dfptest_config_006.oe674 (.fardata:tx1BpmMonCfg_006)
                  20006e70    00000010     dfptest_config_006.oe674 (.fardata:tx1PowMonCfg_006)
                  20006e80    00000010     dfptest_config_006.oe674 (.fardata:tx2BpmMonCfg_006)
                  20006e90    00000010     dfptest_config_006.oe674 (.fardata:tx2PowMonCfg_006)
                  20006ea0    0000000c     dfptest_config_006.oe674 (.fardata:allTxBallbreakMonCfg_006)
                  20006eac    0000000c     dfptest_config_006.oe674 (.fardata:allTxBpmMonCfg_006)
                  20006eb8    0000000c     dfptest_config_006.oe674 (.fardata:allTxPowMonCfg_006)
                  20006ec4    0000000c     dfptest_config_006.oe674 (.fardata:allTxanaSigMonCfg_006)
                  20006ed0    0000000c     dfptest_config_006.oe674 (.fardata:freqLimit_006)
                  20006edc    0000000c     dfptest_config_006.oe674 (.fardata:monDigEnables_006)
                  20006ee8    0000000c     dfptest_config_006.oe674 (.fardata:monDigPeriodicCfg_006)
                  20006ef4    0000000c     dfptest_config_006.oe674 (.fardata:rfInitCalib_006)
                  20006f00    0000000c     dfptest_config_006.oe674 (.fardata:rxMixInpwrMonCfg_006)
                  20006f0c    0000000c     dfptest_config_006.oe674 (.fardata:rxNoiseMonCfg_006)
                  20006f18    0000000c     dfptest_config_006.oe674 (.fardata:sigImgMonCfg_006)
                  20006f24    0000000c     dfptest_config_006.oe674 (.fardata:synthFreqMonCfg_006)
                  20006f30    0000000c     dfptest_config_006.oe674 (.fardata:tx0BallBreakMonCfg_006)
                  20006f3c    0000000c     dfptest_config_006.oe674 (.fardata:tx1BallBreakMonCfg_006)
                  20006f48    0000000c     dfptest_config_006.oe674 (.fardata:tx2BallBreakMonCfg_006)
                  20006f54    00000008     dfptest_config_006.oe674 (.fardata:adcOutCfgArgs_006)
                  20006f5c    00000008     dfptest_config_006.oe674 (.fardata:calMonTimeUnitConf_006)
                  20006f64    00000008     dfptest_config_006.oe674 (.fardata:chCfg_006)
                  20006f6c    00000008     dfptest_config_006.oe674 (.fardata:dualClkCompMonCfg_006)
                  20006f74    00000008     dfptest_config_006.oe674 (.fardata:gpadcIntAnaSigMonCfg_006)
                  20006f7c    00000008     dfptest_config_006.oe674 (.fardata:miscCfg_006)
                  20006f84    00000008     dfptest_config_006.oe674 (.fardata:monAnaEnables_006)
                  20006f8c    00000008     dfptest_config_006.oe674 (.fardata:pllConVoltMonCfg_006)
                  20006f94    00000008     dfptest_config_006.oe674 (.fardata:pmClkLoIntAnaSigMonCfg_006)
                  20006f9c    00000008     dfptest_config_006.oe674 (.fardata:rxIntAnaSigMonCfg_006)
                  20006fa4    00000008     dfptest_config_006.oe674 (.fardata:tx0IntAnaSigMonCfg_006)
                  20006fac    00000008     dfptest_config_006.oe674 (.fardata:tx1IntAnaSigMonCfg_006)
                  20006fb4    00000008     dfptest_config_006.oe674 (.fardata:tx2IntAnaSigMonCfg_006)
                  20006fbc    00000004     dfptest_config_006.oe674 (.fardata:contModeEn_006)
                  20006fc0    00000004     dfptest_config_006.oe674 (.fardata:deviceHsiClk_006)
                  20006fc4    00000004     dfptest_config_006.oe674 (.fardata:dynPwrSave_006)
                  20006fc8    00000004     dfptest_config_006.oe674 (.fardata:lowPowerModeCfg_006)
                  20006fcc    00000004     dfptest_config_006.oe674 (.fardata:progFiltCfg_006)
                  20006fd0    00000004     dfptest_config_006.oe674 (.fardata:rfLdoBypassCfg_006)
                  20006fd4    00000004     dfptest_config_006.oe674 (.fardata:rxGainTempLutReadCfg_006)
                  20006fd8    00000004     dfptest_config_006.oe674 (.fardata:subFrameTrigCfg_006)
                  20006fdc    00000004     dfptest_config_006.oe674 (.fardata:testSourceEn_006)
                  20006fe0    00000004     dfptest_config_006.oe674 (.fardata:txGainTempLutReadCfg_006)
                  20006fe4    0000001c     --HOLE-- [fill = 0]
                  20007000    00000740     dfptest_config_007.oe674 (.text:dfpTestLoadCfg_007)
                  20007740    00000208     dfptest_config_007.oe674 (.fardata:dynPhaseShiftCfg_007)
                  20007948    00000190     dfptest_config_007.oe674 (.fardata:chirpCfg_007)
                  20007ad8    000000d0     dfptest_config_007.oe674 (.fardata:gTestStartStopCfg_007)
                  20007ba8    000000d0     dfptest_config_007.oe674 (.fardata:progFiltCoef_007)
                  20007c78    000000b8     dfptest_config_007.oe674 (.fardata:advFrameCfg_007)
                  20007d30    000000b8     dfptest_config_007.oe674 (.fardata:gTestMiscCfg_007)
                  20007de8    000000b0     dfptest_config_007.oe674 (.fardata:profileCfg_007)
                  20007e98    000000a0     dfptest_config_007.oe674 (.fardata:bpmChirpCfg_007)
                  20007f38    00000044     dfptest_config_007.oe674 (.fardata:rxGainPhaseMonCfg_007)
                  20007f7c    00000044     dfptest_config_007.oe674 (.fardata:testSourceCfg_007)
                  20007fc0    00000034     dfptest_config_007.oe674 (.fardata:txGainPhMisMatchMonCfg_007)
                  20007ff4    00000020     dfptest_config_007.oe674 (.fardata:extAnaSigMonCfg_007)
                  20008014    0000001c     dfptest_config_007.oe674 (.fardata:gpAdcCfg_007)
                  20008030    00000018     dfptest_config_007.oe674 (.fardata:frameCfg_007)
                  20008048    00000018     dfptest_config_007.oe674 (.fardata:interRxGainPhCfg_007)
                  20008060    00000014     dfptest_config_007.oe674 (.fardata:contModeCfg_007)
                  20008074    00000014     dfptest_config_007.oe674 (.fardata:runTimeCalib_007)
                  20008088    00000014     dfptest_config_007.oe674 (.fardata:rxSatMonCfg_007)
                  2000809c    00000014     dfptest_config_007.oe674 (.fardata:tempMonCfg_007)
                  200080b0    00000010     dfptest_config_007.oe674 (.fardata:bpmCommonCfg_007)
                  200080c0    00000010     dfptest_config_007.oe674 (.fardata:monRxIfStageCfg_007)
                  200080d0    00000010     dfptest_config_007.oe674 (.fardata:phaseShiftCfg_007)
                  200080e0    00000010     dfptest_config_007.oe674 (.fardata:tx0BpmMonCfg_007)
                  200080f0    00000010     dfptest_config_007.oe674 (.fardata:tx0PowMonCfg_007)
                  20008100    00000010     dfptest_config_007.oe674 (.fardata:tx1BpmMonCfg_007)
                  20008110    00000010     dfptest_config_007.oe674 (.fardata:tx1PowMonCfg_007)
                  20008120    00000010     dfptest_config_007.oe674 (.fardata:tx2BpmMonCfg_007)
                  20008130    00000010     dfptest_config_007.oe674 (.fardata:tx2PowMonCfg_007)
                  20008140    0000000c     dfptest_config_007.oe674 (.fardata:allTxBallbreakMonCfg_007)
                  2000814c    0000000c     dfptest_config_007.oe674 (.fardata:allTxBpmMonCfg_007)
                  20008158    0000000c     dfptest_config_007.oe674 (.fardata:allTxPowMonCfg_007)
                  20008164    0000000c     dfptest_config_007.oe674 (.fardata:allTxanaSigMonCfg_007)
                  20008170    0000000c     dfptest_config_007.oe674 (.fardata:freqLimit_007)
                  2000817c    0000000c     dfptest_config_007.oe674 (.fardata:monDigEnables_007)
                  20008188    0000000c     dfptest_config_007.oe674 (.fardata:monDigPeriodicCfg_007)
                  20008194    0000000c     dfptest_config_007.oe674 (.fardata:rfInitCalib_007)
                  200081a0    0000000c     dfptest_config_007.oe674 (.fardata:rxMixInpwrMonCfg_007)
                  200081ac    0000000c     dfptest_config_007.oe674 (.fardata:rxNoiseMonCfg_007)
                  200081b8    0000000c     dfptest_config_007.oe674 (.fardata:sigImgMonCfg_007)
                  200081c4    0000000c     dfptest_config_007.oe674 (.fardata:synthFreqMonCfg_007)
                  200081d0    0000000c     dfptest_config_007.oe674 (.fardata:tx0BallBreakMonCfg_007)
                  200081dc    0000000c     dfptest_config_007.oe674 (.fardata:tx1BallBreakMonCfg_007)
                  200081e8    0000000c     dfptest_config_007.oe674 (.fardata:tx2BallBreakMonCfg_007)
                  200081f4    00000008     dfptest_config_007.oe674 (.fardata:adcOutCfgArgs_007)
                  200081fc    00000008     dfptest_config_007.oe674 (.fardata:calMonTimeUnitConf_007)
                  20008204    00000008     dfptest_config_007.oe674 (.fardata:chCfg_007)
                  2000820c    00000008     dfptest_config_007.oe674 (.fardata:dualClkCompMonCfg_007)
                  20008214    00000008     dfptest_config_007.oe674 (.fardata:gpadcIntAnaSigMonCfg_007)
                  2000821c    00000008     dfptest_config_007.oe674 (.fardata:miscCfg_007)
                  20008224    00000008     dfptest_config_007.oe674 (.fardata:monAnaEnables_007)
                  2000822c    00000008     dfptest_config_007.oe674 (.fardata:pllConVoltMonCfg_007)
                  20008234    00000008     dfptest_config_007.oe674 (.fardata:pmClkLoIntAnaSigMonCfg_007)
                  2000823c    00000008     dfptest_config_007.oe674 (.fardata:rxIntAnaSigMonCfg_007)
                  20008244    00000008     dfptest_config_007.oe674 (.fardata:tx0IntAnaSigMonCfg_007)
                  2000824c    00000008     dfptest_config_007.oe674 (.fardata:tx1IntAnaSigMonCfg_007)
                  20008254    00000008     dfptest_config_007.oe674 (.fardata:tx2IntAnaSigMonCfg_007)
                  2000825c    00000004     dfptest_config_007.oe674 (.fardata:contModeEn_007)
                  20008260    00000004     dfptest_config_007.oe674 (.fardata:deviceHsiClk_007)
                  20008264    00000004     dfptest_config_007.oe674 (.fardata:dynPwrSave_007)
                  20008268    00000004     dfptest_config_007.oe674 (.fardata:lowPowerModeCfg_007)
                  2000826c    00000004     dfptest_config_007.oe674 (.fardata:progFiltCfg_007)
                  20008270    00000004     dfptest_config_007.oe674 (.fardata:rfLdoBypassCfg_007)
                  20008274    00000004     dfptest_config_007.oe674 (.fardata:rxGainTempLutReadCfg_007)
                  20008278    00000004     dfptest_config_007.oe674 (.fardata:subFrameTrigCfg_007)
                  2000827c    00000004     dfptest_config_007.oe674 (.fardata:testSourceEn_007)
                  20008280    00000004     dfptest_config_007.oe674 (.fardata:txGainTempLutReadCfg_007)
                  20008284    0000001c     --HOLE-- [fill = 0]
                  200082a0    00000740     dfptest_config_008.oe674 (.text:dfpTestLoadCfg_008)
                  200089e0    00000208     dfptest_config_008.oe674 (.fardata:dynPhaseShiftCfg_008)
                  20008be8    00000190     dfptest_config_008.oe674 (.fardata:chirpCfg_008)
                  20008d78    000000d0     dfptest_config_008.oe674 (.fardata:gTestStartStopCfg_008)
                  20008e48    000000d0     dfptest_config_008.oe674 (.fardata:progFiltCoef_008)
                  20008f18    000000b8     dfptest_config_008.oe674 (.fardata:advFrameCfg_008)
                  20008fd0    000000b8     dfptest_config_008.oe674 (.fardata:gTestMiscCfg_008)
                  20009088    000000b0     dfptest_config_008.oe674 (.fardata:profileCfg_008)
                  20009138    000000a0     dfptest_config_008.oe674 (.fardata:bpmChirpCfg_008)
                  200091d8    00000044     dfptest_config_008.oe674 (.fardata:rxGainPhaseMonCfg_008)
                  2000921c    00000044     dfptest_config_008.oe674 (.fardata:testSourceCfg_008)
                  20009260    00000034     dfptest_config_008.oe674 (.fardata:txGainPhMisMatchMonCfg_008)
                  20009294    00000020     dfptest_config_008.oe674 (.fardata:extAnaSigMonCfg_008)
                  200092b4    0000001c     dfptest_config_008.oe674 (.fardata:gpAdcCfg_008)
                  200092d0    00000018     dfptest_config_008.oe674 (.fardata:frameCfg_008)
                  200092e8    00000018     dfptest_config_008.oe674 (.fardata:interRxGainPhCfg_008)
                  20009300    00000014     dfptest_config_008.oe674 (.fardata:contModeCfg_008)
                  20009314    00000014     dfptest_config_008.oe674 (.fardata:runTimeCalib_008)
                  20009328    00000014     dfptest_config_008.oe674 (.fardata:rxSatMonCfg_008)
                  2000933c    00000014     dfptest_config_008.oe674 (.fardata:tempMonCfg_008)
                  20009350    00000010     dfptest_config_008.oe674 (.fardata:bpmCommonCfg_008)
                  20009360    00000010     dfptest_config_008.oe674 (.fardata:monRxIfStageCfg_008)
                  20009370    00000010     dfptest_config_008.oe674 (.fardata:phaseShiftCfg_008)
                  20009380    00000010     dfptest_config_008.oe674 (.fardata:tx0BpmMonCfg_008)
                  20009390    00000010     dfptest_config_008.oe674 (.fardata:tx0PowMonCfg_008)
                  200093a0    00000010     dfptest_config_008.oe674 (.fardata:tx1BpmMonCfg_008)
                  200093b0    00000010     dfptest_config_008.oe674 (.fardata:tx1PowMonCfg_008)
                  200093c0    00000010     dfptest_config_008.oe674 (.fardata:tx2BpmMonCfg_008)
                  200093d0    00000010     dfptest_config_008.oe674 (.fardata:tx2PowMonCfg_008)
                  200093e0    0000000c     dfptest_config_008.oe674 (.fardata:allTxBallbreakMonCfg_008)
                  200093ec    0000000c     dfptest_config_008.oe674 (.fardata:allTxBpmMonCfg_008)
                  200093f8    0000000c     dfptest_config_008.oe674 (.fardata:allTxPowMonCfg_008)
                  20009404    0000000c     dfptest_config_008.oe674 (.fardata:allTxanaSigMonCfg_008)
                  20009410    0000000c     dfptest_config_008.oe674 (.fardata:freqLimit_008)
                  2000941c    0000000c     dfptest_config_008.oe674 (.fardata:monDigEnables_008)
                  20009428    0000000c     dfptest_config_008.oe674 (.fardata:monDigPeriodicCfg_008)
                  20009434    0000000c     dfptest_config_008.oe674 (.fardata:rfInitCalib_008)
                  20009440    0000000c     dfptest_config_008.oe674 (.fardata:rxMixInpwrMonCfg_008)
                  2000944c    0000000c     dfptest_config_008.oe674 (.fardata:rxNoiseMonCfg_008)
                  20009458    0000000c     dfptest_config_008.oe674 (.fardata:sigImgMonCfg_008)
                  20009464    0000000c     dfptest_config_008.oe674 (.fardata:synthFreqMonCfg_008)
                  20009470    0000000c     dfptest_config_008.oe674 (.fardata:tx0BallBreakMonCfg_008)
                  2000947c    0000000c     dfptest_config_008.oe674 (.fardata:tx1BallBreakMonCfg_008)
                  20009488    0000000c     dfptest_config_008.oe674 (.fardata:tx2BallBreakMonCfg_008)
                  20009494    00000008     dfptest_config_008.oe674 (.fardata:adcOutCfgArgs_008)
                  2000949c    00000008     dfptest_config_008.oe674 (.fardata:calMonTimeUnitConf_008)
                  200094a4    00000008     dfptest_config_008.oe674 (.fardata:chCfg_008)
                  200094ac    00000008     dfptest_config_008.oe674 (.fardata:dualClkCompMonCfg_008)
                  200094b4    00000008     dfptest_config_008.oe674 (.fardata:gpadcIntAnaSigMonCfg_008)
                  200094bc    00000008     dfptest_config_008.oe674 (.fardata:miscCfg_008)
                  200094c4    00000008     dfptest_config_008.oe674 (.fardata:monAnaEnables_008)
                  200094cc    00000008     dfptest_config_008.oe674 (.fardata:pllConVoltMonCfg_008)
                  200094d4    00000008     dfptest_config_008.oe674 (.fardata:pmClkLoIntAnaSigMonCfg_008)
                  200094dc    00000008     dfptest_config_008.oe674 (.fardata:rxIntAnaSigMonCfg_008)
                  200094e4    00000008     dfptest_config_008.oe674 (.fardata:tx0IntAnaSigMonCfg_008)
                  200094ec    00000008     dfptest_config_008.oe674 (.fardata:tx1IntAnaSigMonCfg_008)
                  200094f4    00000008     dfptest_config_008.oe674 (.fardata:tx2IntAnaSigMonCfg_008)
                  200094fc    00000004     dfptest_config_008.oe674 (.fardata:contModeEn_008)
                  20009500    00000004     dfptest_config_008.oe674 (.fardata:deviceHsiClk_008)
                  20009504    00000004     dfptest_config_008.oe674 (.fardata:dynPwrSave_008)
                  20009508    00000004     dfptest_config_008.oe674 (.fardata:lowPowerModeCfg_008)
                  2000950c    00000004     dfptest_config_008.oe674 (.fardata:progFiltCfg_008)
                  20009510    00000004     dfptest_config_008.oe674 (.fardata:rfLdoBypassCfg_008)
                  20009514    00000004     dfptest_config_008.oe674 (.fardata:rxGainTempLutReadCfg_008)
                  20009518    00000004     dfptest_config_008.oe674 (.fardata:subFrameTrigCfg_008)
                  2000951c    00000004     dfptest_config_008.oe674 (.fardata:testSourceEn_008)
                  20009520    00000004     dfptest_config_008.oe674 (.fardata:txGainTempLutReadCfg_008)
                  20009524    0000001c     --HOLE-- [fill = 0]
                  20009540    00000740     dfptest_config_009.oe674 (.text:dfpTestLoadCfg_009)
                  20009c80    00000208     dfptest_config_009.oe674 (.fardata:dynPhaseShiftCfg_009)
                  20009e88    00000190     dfptest_config_009.oe674 (.fardata:chirpCfg_009)
                  2000a018    000000d0     dfptest_config_009.oe674 (.fardata:gTestStartStopCfg_009)
                  2000a0e8    000000d0     dfptest_config_009.oe674 (.fardata:progFiltCoef_009)
                  2000a1b8    000000b8     dfptest_config_009.oe674 (.fardata:advFrameCfg_009)
                  2000a270    000000b8     dfptest_config_009.oe674 (.fardata:gTestMiscCfg_009)
                  2000a328    000000b0     dfptest_config_009.oe674 (.fardata:profileCfg_009)
                  2000a3d8    000000a0     dfptest_config_009.oe674 (.fardata:bpmChirpCfg_009)
                  2000a478    00000044     dfptest_config_009.oe674 (.fardata:rxGainPhaseMonCfg_009)
                  2000a4bc    00000044     dfptest_config_009.oe674 (.fardata:testSourceCfg_009)
                  2000a500    00000034     dfptest_config_009.oe674 (.fardata:txGainPhMisMatchMonCfg_009)
                  2000a534    00000020     dfptest_config_009.oe674 (.fardata:extAnaSigMonCfg_009)
                  2000a554    0000001c     dfptest_config_009.oe674 (.fardata:gpAdcCfg_009)
                  2000a570    00000018     dfptest_config_009.oe674 (.fardata:frameCfg_009)
                  2000a588    00000018     dfptest_config_009.oe674 (.fardata:interRxGainPhCfg_009)
                  2000a5a0    00000014     dfptest_config_009.oe674 (.fardata:contModeCfg_009)
                  2000a5b4    00000014     dfptest_config_009.oe674 (.fardata:runTimeCalib_009)
                  2000a5c8    00000014     dfptest_config_009.oe674 (.fardata:rxSatMonCfg_009)
                  2000a5dc    00000014     dfptest_config_009.oe674 (.fardata:tempMonCfg_009)
                  2000a5f0    00000010     dfptest_config_009.oe674 (.fardata:bpmCommonCfg_009)
                  2000a600    00000010     dfptest_config_009.oe674 (.fardata:monRxIfStageCfg_009)
                  2000a610    00000010     dfptest_config_009.oe674 (.fardata:phaseShiftCfg_009)
                  2000a620    00000010     dfptest_config_009.oe674 (.fardata:tx0BpmMonCfg_009)
                  2000a630    00000010     dfptest_config_009.oe674 (.fardata:tx0PowMonCfg_009)
                  2000a640    00000010     dfptest_config_009.oe674 (.fardata:tx1BpmMonCfg_009)
                  2000a650    00000010     dfptest_config_009.oe674 (.fardata:tx1PowMonCfg_009)
                  2000a660    00000010     dfptest_config_009.oe674 (.fardata:tx2BpmMonCfg_009)
                  2000a670    00000010     dfptest_config_009.oe674 (.fardata:tx2PowMonCfg_009)
                  2000a680    0000000c     dfptest_config_009.oe674 (.fardata:allTxBallbreakMonCfg_009)
                  2000a68c    0000000c     dfptest_config_009.oe674 (.fardata:allTxBpmMonCfg_009)
                  2000a698    0000000c     dfptest_config_009.oe674 (.fardata:allTxPowMonCfg_009)
                  2000a6a4    0000000c     dfptest_config_009.oe674 (.fardata:allTxanaSigMonCfg_009)
                  2000a6b0    0000000c     dfptest_config_009.oe674 (.fardata:freqLimit_009)
                  2000a6bc    0000000c     dfptest_config_009.oe674 (.fardata:monDigEnables_009)
                  2000a6c8    0000000c     dfptest_config_009.oe674 (.fardata:monDigPeriodicCfg_009)
                  2000a6d4    0000000c     dfptest_config_009.oe674 (.fardata:rfInitCalib_009)
                  2000a6e0    0000000c     dfptest_config_009.oe674 (.fardata:rxMixInpwrMonCfg_009)
                  2000a6ec    0000000c     dfptest_config_009.oe674 (.fardata:rxNoiseMonCfg_009)
                  2000a6f8    0000000c     dfptest_config_009.oe674 (.fardata:sigImgMonCfg_009)
                  2000a704    0000000c     dfptest_config_009.oe674 (.fardata:synthFreqMonCfg_009)
                  2000a710    0000000c     dfptest_config_009.oe674 (.fardata:tx0BallBreakMonCfg_009)
                  2000a71c    0000000c     dfptest_config_009.oe674 (.fardata:tx1BallBreakMonCfg_009)
                  2000a728    0000000c     dfptest_config_009.oe674 (.fardata:tx2BallBreakMonCfg_009)
                  2000a734    00000008     dfptest_config_009.oe674 (.fardata:adcOutCfgArgs_009)
                  2000a73c    00000008     dfptest_config_009.oe674 (.fardata:calMonTimeUnitConf_009)
                  2000a744    00000008     dfptest_config_009.oe674 (.fardata:chCfg_009)
                  2000a74c    00000008     dfptest_config_009.oe674 (.fardata:dualClkCompMonCfg_009)
                  2000a754    00000008     dfptest_config_009.oe674 (.fardata:gpadcIntAnaSigMonCfg_009)
                  2000a75c    00000008     dfptest_config_009.oe674 (.fardata:miscCfg_009)
                  2000a764    00000008     dfptest_config_009.oe674 (.fardata:monAnaEnables_009)
                  2000a76c    00000008     dfptest_config_009.oe674 (.fardata:pllConVoltMonCfg_009)
                  2000a774    00000008     dfptest_config_009.oe674 (.fardata:pmClkLoIntAnaSigMonCfg_009)
                  2000a77c    00000008     dfptest_config_009.oe674 (.fardata:rxIntAnaSigMonCfg_009)
                  2000a784    00000008     dfptest_config_009.oe674 (.fardata:tx0IntAnaSigMonCfg_009)
                  2000a78c    00000008     dfptest_config_009.oe674 (.fardata:tx1IntAnaSigMonCfg_009)
                  2000a794    00000008     dfptest_config_009.oe674 (.fardata:tx2IntAnaSigMonCfg_009)
                  2000a79c    00000004     dfptest_config_009.oe674 (.fardata:contModeEn_009)
                  2000a7a0    00000004     dfptest_config_009.oe674 (.fardata:deviceHsiClk_009)
                  2000a7a4    00000004     dfptest_config_009.oe674 (.fardata:dynPwrSave_009)
                  2000a7a8    00000004     dfptest_config_009.oe674 (.fardata:lowPowerModeCfg_009)
                  2000a7ac    00000004     dfptest_config_009.oe674 (.fardata:progFiltCfg_009)
                  2000a7b0    00000004     dfptest_config_009.oe674 (.fardata:rfLdoBypassCfg_009)
                  2000a7b4    00000004     dfptest_config_009.oe674 (.fardata:rxGainTempLutReadCfg_009)
                  2000a7b8    00000004     dfptest_config_009.oe674 (.fardata:subFrameTrigCfg_009)
                  2000a7bc    00000004     dfptest_config_009.oe674 (.fardata:testSourceEn_009)
                  2000a7c0    00000004     dfptest_config_009.oe674 (.fardata:txGainTempLutReadCfg_009)
                  2000a7c4    0000001c     --HOLE-- [fill = 0]
                  2000a7e0    00000740     dfptest_config_010.oe674 (.text:dfpTestLoadCfg_010)
                  2000af20    00000208     dfptest_config_010.oe674 (.fardata:dynPhaseShiftCfg_010)
                  2000b128    00000190     dfptest_config_010.oe674 (.fardata:chirpCfg_010)
                  2000b2b8    000000d0     dfptest_config_010.oe674 (.fardata:gTestStartStopCfg_010)
                  2000b388    000000d0     dfptest_config_010.oe674 (.fardata:progFiltCoef_010)
                  2000b458    000000b8     dfptest_config_010.oe674 (.fardata:advFrameCfg_010)
                  2000b510    000000b8     dfptest_config_010.oe674 (.fardata:gTestMiscCfg_010)
                  2000b5c8    000000b0     dfptest_config_010.oe674 (.fardata:profileCfg_010)
                  2000b678    000000a0     dfptest_config_010.oe674 (.fardata:bpmChirpCfg_010)
                  2000b718    00000044     dfptest_config_010.oe674 (.fardata:rxGainPhaseMonCfg_010)
                  2000b75c    00000044     dfptest_config_010.oe674 (.fardata:testSourceCfg_010)
                  2000b7a0    00000034     dfptest_config_010.oe674 (.fardata:txGainPhMisMatchMonCfg_010)
                  2000b7d4    00000020     dfptest_config_010.oe674 (.fardata:extAnaSigMonCfg_010)
                  2000b7f4    0000001c     dfptest_config_010.oe674 (.fardata:gpAdcCfg_010)
                  2000b810    00000018     dfptest_config_010.oe674 (.fardata:frameCfg_010)
                  2000b828    00000018     dfptest_config_010.oe674 (.fardata:interRxGainPhCfg_010)
                  2000b840    00000014     dfptest_config_010.oe674 (.fardata:contModeCfg_010)
                  2000b854    00000014     dfptest_config_010.oe674 (.fardata:runTimeCalib_010)
                  2000b868    00000014     dfptest_config_010.oe674 (.fardata:rxSatMonCfg_010)
                  2000b87c    00000014     dfptest_config_010.oe674 (.fardata:tempMonCfg_010)
                  2000b890    00000010     dfptest_config_010.oe674 (.fardata:bpmCommonCfg_010)
                  2000b8a0    00000010     dfptest_config_010.oe674 (.fardata:monRxIfStageCfg_010)
                  2000b8b0    00000010     dfptest_config_010.oe674 (.fardata:phaseShiftCfg_010)
                  2000b8c0    00000010     dfptest_config_010.oe674 (.fardata:tx0BpmMonCfg_010)
                  2000b8d0    00000010     dfptest_config_010.oe674 (.fardata:tx0PowMonCfg_010)
                  2000b8e0    00000010     dfptest_config_010.oe674 (.fardata:tx1BpmMonCfg_010)
                  2000b8f0    00000010     dfptest_config_010.oe674 (.fardata:tx1PowMonCfg_010)
                  2000b900    00000010     dfptest_config_010.oe674 (.fardata:tx2BpmMonCfg_010)
                  2000b910    00000010     dfptest_config_010.oe674 (.fardata:tx2PowMonCfg_010)
                  2000b920    0000000c     dfptest_config_010.oe674 (.fardata:allTxBallbreakMonCfg_010)
                  2000b92c    0000000c     dfptest_config_010.oe674 (.fardata:allTxBpmMonCfg_010)
                  2000b938    0000000c     dfptest_config_010.oe674 (.fardata:allTxPowMonCfg_010)
                  2000b944    0000000c     dfptest_config_010.oe674 (.fardata:allTxanaSigMonCfg_010)
                  2000b950    0000000c     dfptest_config_010.oe674 (.fardata:freqLimit_010)
                  2000b95c    0000000c     dfptest_config_010.oe674 (.fardata:monDigEnables_010)
                  2000b968    0000000c     dfptest_config_010.oe674 (.fardata:monDigPeriodicCfg_010)
                  2000b974    0000000c     dfptest_config_010.oe674 (.fardata:rfInitCalib_010)
                  2000b980    0000000c     dfptest_config_010.oe674 (.fardata:rxMixInpwrMonCfg_010)
                  2000b98c    0000000c     dfptest_config_010.oe674 (.fardata:rxNoiseMonCfg_010)
                  2000b998    0000000c     dfptest_config_010.oe674 (.fardata:sigImgMonCfg_010)
                  2000b9a4    0000000c     dfptest_config_010.oe674 (.fardata:synthFreqMonCfg_010)
                  2000b9b0    0000000c     dfptest_config_010.oe674 (.fardata:tx0BallBreakMonCfg_010)
                  2000b9bc    0000000c     dfptest_config_010.oe674 (.fardata:tx1BallBreakMonCfg_010)
                  2000b9c8    0000000c     dfptest_config_010.oe674 (.fardata:tx2BallBreakMonCfg_010)
                  2000b9d4    00000008     dfptest_config_010.oe674 (.fardata:adcOutCfgArgs_010)
                  2000b9dc    00000008     dfptest_config_010.oe674 (.fardata:calMonTimeUnitConf_010)
                  2000b9e4    00000008     dfptest_config_010.oe674 (.fardata:chCfg_010)
                  2000b9ec    00000008     dfptest_config_010.oe674 (.fardata:dualClkCompMonCfg_010)
                  2000b9f4    00000008     dfptest_config_010.oe674 (.fardata:gpadcIntAnaSigMonCfg_010)
                  2000b9fc    00000008     dfptest_config_010.oe674 (.fardata:miscCfg_010)
                  2000ba04    00000008     dfptest_config_010.oe674 (.fardata:monAnaEnables_010)
                  2000ba0c    00000008     dfptest_config_010.oe674 (.fardata:pllConVoltMonCfg_010)
                  2000ba14    00000008     dfptest_config_010.oe674 (.fardata:pmClkLoIntAnaSigMonCfg_010)
                  2000ba1c    00000008     dfptest_config_010.oe674 (.fardata:rxIntAnaSigMonCfg_010)
                  2000ba24    00000008     dfptest_config_010.oe674 (.fardata:tx0IntAnaSigMonCfg_010)
                  2000ba2c    00000008     dfptest_config_010.oe674 (.fardata:tx1IntAnaSigMonCfg_010)
                  2000ba34    00000008     dfptest_config_010.oe674 (.fardata:tx2IntAnaSigMonCfg_010)
                  2000ba3c    00000004     dfptest_config_010.oe674 (.fardata:contModeEn_010)
                  2000ba40    00000004     dfptest_config_010.oe674 (.fardata:deviceHsiClk_010)
                  2000ba44    00000004     dfptest_config_010.oe674 (.fardata:dynPwrSave_010)
                  2000ba48    00000004     dfptest_config_010.oe674 (.fardata:lowPowerModeCfg_010)
                  2000ba4c    00000004     dfptest_config_010.oe674 (.fardata:progFiltCfg_010)
                  2000ba50    00000004     dfptest_config_010.oe674 (.fardata:rfLdoBypassCfg_010)
                  2000ba54    00000004     dfptest_config_010.oe674 (.fardata:rxGainTempLutReadCfg_010)
                  2000ba58    00000004     dfptest_config_010.oe674 (.fardata:subFrameTrigCfg_010)
                  2000ba5c    00000004     dfptest_config_010.oe674 (.fardata:testSourceEn_010)
                  2000ba60    00000004     dfptest_config_010.oe674 (.fardata:txGainTempLutReadCfg_010)
                  2000ba64    0000001c     --HOLE-- [fill = 00000000]

.text.1    0    007e0200    0001fe00     
                  007e0200    00001fe0     rts6740_elf.lib : _printfi.c.obj (.text:__TI_printfi)
                  007e21e0    00000bc0     dfptest_verify.oe674 (.text:MmwaveLink_verifyReportCount)
                  007e2da0    000008a0     ti.targets.rts6000.ae674 : System.oe674 (.text:xdc_runtime_System_doPrint__I)
                  007e3640    00000820     dfptest_setup.oe674 (.text:MmwaveLink_asyncEventHandler)
                  007e3e60    000007c0     sysbios.ae674 : BIOS.obj (.text:ti_sysbios_knl_Semaphore_pend__E)
                  007e4620    00000780                   : BIOS.obj (.text:ti_sysbios_family_c64p_Exception_handler__I)
                  007e4da0    00000680     libadcbuf_xwr18xx.ae674 : adcbuf_mmwave.oe674 (.text:ADCBUF_MMWave_control)
                  007e5420    00000660     rts6740_elf.lib : _printfi.c.obj (.text:_pconv_a)
                  007e5a80    00000620     sysbios.ae674 : BIOS.obj (.text:ti_sysbios_heaps_HeapMem_allocUnprotected__E)
                  007e60a0    00000600     rts6740_elf.lib : divd.c.obj (.text:__c6xabi_divd)
                  007e66a0    000005c0     sysbios.ae674 : BIOS.obj (.text:ti_sysbios_heaps_HeapMem_freeUnprotected__E)
                  007e6c60    00000520     dfptest_common.oe674 (.text:MmwaveLinkTest_initConfig)
                  007e7180    00000520     sysbios.ae674 : BIOS.obj (.text:ti_sysbios_knl_Task_Instance_finalize__E)
                  007e76a0    000004e0                   : BIOS.obj (.text:ti_sysbios_knl_Task_sleep__E)
                  007e7b80    00000440                   : BIOS.obj (.text:ti_sysbios_timers_rti_Timer_Module_startup__E)
                  007e7fc0    00000420     libmailbox_xwr18xx.ae674 : mailbox.oe674 (.text:Mailbox_open)
                  007e83e0    00000400     dfptest_common.oe674 (.text:MmwaveLink_startDfpTest)
                  007e87e0    00000400     dfptest_verify.oe674 (.text:MmwaveLink_verifyRxGainPhRep)
                  007e8be0    00000400     rts6740_elf.lib : _printfi.c.obj (.text:_pconv_g)
                  007e8fe0    00000400     libmmwavelink_xwr18xx.ae674 : rl_driver.oe674 (.text:rlDriverRxHdrRead)
                  007e93e0    000003e0     dfptest_verify.oe674 (.text:MmwaveLink_verifyTxGainPhaseRep)
                  007e97c0    000003e0     sysbios.ae674 : BIOS.obj (.text:ti_sysbios_knl_Task_Module_startup__E)
                  007e9ba0    000003c0                   : BIOS.obj (.text:ti_sysbios_knl_Task_Instance_init__E)
                  007e9f60    00000380     dfptest_verify.oe674 (.text:MmwaveLink_verifyPllControlRep)
                  007ea2e0    00000380     dfptest_verify.oe674 (.text:MmwaveLink_verifyRfSynthFreqNonLiveRep)
                  007ea660    00000360     libcrc_xwr18xx.ae674 : crc.oe674 (.text:CRC_open)
                  007ea9c0    00000360     dfptest_verify.oe674 (.text:MmwaveLink_verifyRxIfStageRep)
                  007ead20    00000360     libmmwavelink_xwr18xx.ae674 : rl_driver.oe674 (.text:rlDriverMsgRead)
                  007eb080    00000360     sysbios.ae674 : BIOS.obj (.text:ti_sysbios_knl_Semaphore_post__E)
                  007eb3e0    00000340     dfptest_verify.oe674 (.text:MmwaveLink_verifyTxPower)
                  007eb720    00000320     rts6740_elf.lib : fputs.c.obj (.text:fputs)
                  007eba40    000002e0     dfptest_common.oe674 (.text:MmwaveLink_runDfpTest)
                  007ebd20    000002e0     libmmwavelink_xwr18xx.ae674 : rl_driver.oe674 (.text:rlDriverCmdSendRetry)
                  007ec000    000002e0     sysbios.ae674 : BIOS.obj (.text:ti_sysbios_heaps_HeapMem_Instance_init__E)
                  007ec2e0    000002c0     dfptest_setup.oe674 (.text:MmwaveLink_getProfileConfig)
[...]
20007c78  advFrameCfg_007                                              
20007d30  gTestMiscCfg_007                                             
20007de8  profileCfg_007                                               
20007e98  bpmChirpCfg_007                                              
20007f38  rxGainPhaseMonCfg_007                                        
20007f7c  testSourceCfg_007                                            
20007fc0  txGainPhMisMatchMonCfg_007                                   
20007ff4  extAnaSigMonCfg_007                                          
20008014  gpAdcCfg_007                                                 
20008030  frameCfg_007                                                 
20008048  interRxGainPhCfg_007                                         
20008060  contModeCfg_007                                              
20008074  runTimeCalib_007                                             
20008088  rxSatMonCfg_007                                              
2000809c  tempMonCfg_007                                               
200080b0  bpmCommonCfg_007                                             
200080c0  monRxIfStageCfg_007                                          
200080d0  phaseShiftCfg_007                                            
200080e0  tx0BpmMonCfg_007                                             
200080f0  tx0PowMonCfg_007                                             
20008100  tx1BpmMonCfg_007                                             
20008110  tx1PowMonCfg_007                                             
20008120  tx2BpmMonCfg_007                                             
20008130  tx2PowMonCfg_007                                             
20008140  allTxBallbreakMonCfg_007                                     
2000814c  allTxBpmMonCfg_007                                           
20008158  allTxPowMonCfg_007                                           
20008164  allTxanaSigMonCfg_007                                        
20008170  freqLimit_007                                                
2000817c  monDigEnables_007                                            
20008188  monDigPeriodicCfg_007                                        
20008194  rfInitCalib_007                                              
200081a0  rxMixInpwrMonCfg_007                                         
200081ac  rxNoiseMonCfg_007                                            
200081b8  sigImgMonCfg_007                                             
200081c4  synthFreqMonCfg_007                                          
200081d0  tx0BallBreakMonCfg_007                                       
200081dc  tx1BallBreakMonCfg_007                                       
200081e8  tx2BallBreakMonCfg_007                                       
200081f4  adcOutCfgArgs_007                                            
200081fc  calMonTimeUnitConf_007                                       
20008204  chCfg_007                                                    
2000820c  dualClkCompMonCfg_007                                        
20008214  gpadcIntAnaSigMonCfg_007                                     
2000821c  miscCfg_007                                                  
20008224  monAnaEnables_007                                            
2000822c  pllConVoltMonCfg_007                                         
20008234  pmClkLoIntAnaSigMonCfg_007                                   
2000823c  rxIntAnaSigMonCfg_007                                        
20008244  tx0IntAnaSigMonCfg_007                                       
2000824c  tx1IntAnaSigMonCfg_007                                       
20008254  tx2IntAnaSigMonCfg_007                                       
2000825c  contModeEn_007                                               
20008260  deviceHsiClk_007                                             
20008264  dynPwrSave_007                                               
20008268  lowPowerModeCfg_007                                          
2000826c  progFiltCfg_007                                              
20008270  rfLdoBypassCfg_007                                           
20008274  rxGainTempLutReadCfg_007                                     
20008278  subFrameTrigCfg_007                                          
2000827c  testSourceEn_007                                             
20008280  txGainTempLutReadCfg_007                                     
200082a0  dfpTestLoadCfg_008                                           
200089e0  dynPhaseShiftCfg_008                                         
20008be8  chirpCfg_008                                                 
20008d78  gTestStartStopCfg_008                                        
20008e48  progFiltCoef_008                                             
20008f18  advFrameCfg_008                                              
20008fd0  gTestMiscCfg_008                                             
20009088  profileCfg_008                                               
20009138  bpmChirpCfg_008                                              
200091d8  rxGainPhaseMonCfg_008                                        
2000921c  testSourceCfg_008                                            
20009260  txGainPhMisMatchMonCfg_008                                   
20009294  extAnaSigMonCfg_008                                          
200092b4  gpAdcCfg_008                                                 
200092d0  frameCfg_008                                                 
200092e8  interRxGainPhCfg_008                                         
20009300  contModeCfg_008                                              
20009314  runTimeCalib_008                                             
20009328  rxSatMonCfg_008                                              
2000933c  tempMonCfg_008                                               
20009350  bpmCommonCfg_008                                             
20009360  monRxIfStageCfg_008                                          
20009370  phaseShiftCfg_008                                            
20009380  tx0BpmMonCfg_008                                             
20009390  tx0PowMonCfg_008                                             
200093a0  tx1BpmMonCfg_008                                             
200093b0  tx1PowMonCfg_008                                             
200093c0  tx2BpmMonCfg_008                                             
200093d0  tx2PowMonCfg_008                                             
200093e0  allTxBallbreakMonCfg_008                                     
200093ec  allTxBpmMonCfg_008                                           
200093f8  allTxPowMonCfg_008                                           
20009404  allTxanaSigMonCfg_008                                        
20009410  freqLimit_008                                                
2000941c  monDigEnables_008                                            
20009428  monDigPeriodicCfg_008                                        
20009434  rfInitCalib_008                                              
20009440  rxMixInpwrMonCfg_008                                         
2000944c  rxNoiseMonCfg_008                                            
20009458  sigImgMonCfg_008                                             
20009464  synthFreqMonCfg_008                                          
20009470  tx0BallBreakMonCfg_008                                       
2000947c  tx1BallBreakMonCfg_008                                       
20009488  tx2BallBreakMonCfg_008                                       
20009494  adcOutCfgArgs_008                                            
2000949c  calMonTimeUnitConf_008                                       
200094a4  chCfg_008                                                    
200094ac  dualClkCompMonCfg_008                                        
200094b4  gpadcIntAnaSigMonCfg_008                                     
200094bc  miscCfg_008                                                  
200094c4  monAnaEnables_008                                            
200094cc  pllConVoltMonCfg_008                                         
200094d4  pmClkLoIntAnaSigMonCfg_008                                   
200094dc  rxIntAnaSigMonCfg_008                                        
200094e4  tx0IntAnaSigMonCfg_008                                       
200094ec  tx1IntAnaSigMonCfg_008                                       
200094f4  tx2IntAnaSigMonCfg_008                                       
200094fc  contModeEn_008                                               
20009500  deviceHsiClk_008                                             
20009504  dynPwrSave_008                                               
20009508  lowPowerModeCfg_008                                          
2000950c  progFiltCfg_008                                              
20009510  rfLdoBypassCfg_008                                           
20009514  rxGainTempLutReadCfg_008                                     
20009518  subFrameTrigCfg_008                                          
2000951c  testSourceEn_008                                             
20009520  txGainTempLutReadCfg_008                                     
20009540  dfpTestLoadCfg_009                                           
20009c80  dynPhaseShiftCfg_009                                         
20009e88  chirpCfg_009                                                 
2000a018  gTestStartStopCfg_009                                        
2000a0e8  progFiltCoef_009                                             
2000a1b8  advFrameCfg_009                                              
2000a270  gTestMiscCfg_009                                             
2000a328  profileCfg_009                                               
2000a3d8  bpmChirpCfg_009                                              
2000a478  rxGainPhaseMonCfg_009                                        
2000a4bc  testSourceCfg_009                                            
2000a500  txGainPhMisMatchMonCfg_009                                   
2000a534  extAnaSigMonCfg_009                                          
2000a554  gpAdcCfg_009                                                 
2000a570  frameCfg_009                                                 
2000a588  interRxGainPhCfg_009                                         
2000a5a0  contModeCfg_009                                              
2000a5b4  runTimeCalib_009                                             
2000a5c8  rxSatMonCfg_009                                              
2000a5dc  tempMonCfg_009                                               
2000a5f0  bpmCommonCfg_009                                             
2000a600  monRxIfStageCfg_009                                          
2000a610  phaseShiftCfg_009                                            
2000a620  tx0BpmMonCfg_009                                             
2000a630  tx0PowMonCfg_009                                             
2000a640  tx1BpmMonCfg_009                                             
2000a650  tx1PowMonCfg_009                                             
2000a660  tx2BpmMonCfg_009                                             
2000a670  tx2PowMonCfg_009                                             
2000a680  allTxBallbreakMonCfg_009                                     
2000a68c  allTxBpmMonCfg_009                                           
2000a698  allTxPowMonCfg_009                                           
2000a6a4  allTxanaSigMonCfg_009                                        
2000a6b0  freqLimit_009                                                
2000a6bc  monDigEnables_009                                            
2000a6c8  monDigPeriodicCfg_009                                        
2000a6d4  rfInitCalib_009                                              
2000a6e0  rxMixInpwrMonCfg_009                                         
2000a6ec  rxNoiseMonCfg_009                                            
2000a6f8  sigImgMonCfg_009                                             
2000a704  synthFreqMonCfg_009                                          
2000a710  tx0BallBreakMonCfg_009                                       
2000a71c  tx1BallBreakMonCfg_009                                       
2000a728  tx2BallBreakMonCfg_009                                       
2000a734  adcOutCfgArgs_009                                            
2000a73c  calMonTimeUnitConf_009                                       
2000a744  chCfg_009                                                    
2000a74c  dualClkCompMonCfg_009                                        
2000a754  gpadcIntAnaSigMonCfg_009                                     
2000a75c  miscCfg_009                                                  
2000a764  monAnaEnables_009                                            
2000a76c  pllConVoltMonCfg_009                                         
2000a774  pmClkLoIntAnaSigMonCfg_009                                   
2000a77c  rxIntAnaSigMonCfg_009                                        
2000a784  tx0IntAnaSigMonCfg_009                                       
2000a78c  tx1IntAnaSigMonCfg_009                                       
2000a794  tx2IntAnaSigMonCfg_009                                       
2000a79c  contModeEn_009                                               
2000a7a0  deviceHsiClk_009                                             
2000a7a4  dynPwrSave_009                                               
2000a7a8  lowPowerModeCfg_009                                          
2000a7ac  progFiltCfg_009                                              
2000a7b0  rfLdoBypassCfg_009                                           
2000a7b4  rxGainTempLutReadCfg_009                                     
2000a7b8  subFrameTrigCfg_009                                          
2000a7bc  testSourceEn_009                                             
2000a7c0  txGainTempLutReadCfg_009                                     
2000a7e0  dfpTestLoadCfg_010                                           
2000af20  dynPhaseShiftCfg_010                                         
2000b128  chirpCfg_010                                                 
2000b2b8  gTestStartStopCfg_010                                        
2000b388  progFiltCoef_010                                             
2000b458  advFrameCfg_010                                              
2000b510  gTestMiscCfg_010                                             
2000b5c8  profileCfg_010                                               
2000b678  bpmChirpCfg_010                                              
2000b718  rxGainPhaseMonCfg_010                                        
2000b75c  testSourceCfg_010                                            
2000b7a0  txGainPhMisMatchMonCfg_010                                   
2000b7d4  extAnaSigMonCfg_010                                          
2000b7f4  gpAdcCfg_010                                                 
2000b810  frameCfg_010                                                 
2000b828  interRxGainPhCfg_010                                         
2000b840  contModeCfg_010                                              
2000b854  runTimeCalib_010                                             
2000b868  rxSatMonCfg_010                                              
2000b87c  tempMonCfg_010                                               
2000b890  bpmCommonCfg_010                                             
2000b8a0  monRxIfStageCfg_010                                          
2000b8b0  phaseShiftCfg_010                                            
2000b8c0  tx0BpmMonCfg_010                                             
2000b8d0  tx0PowMonCfg_010                                             
2000b8e0  tx1BpmMonCfg_010                                             
2000b8f0  tx1PowMonCfg_010                                             
2000b900  tx2BpmMonCfg_010                                             
2000b910  tx2PowMonCfg_010                                             
2000b920  allTxBallbreakMonCfg_010                                     
2000b92c  allTxBpmMonCfg_010                                           
2000b938  allTxPowMonCfg_010                                           
2000b944  allTxanaSigMonCfg_010                                        
2000b950  freqLimit_010                                                
2000b95c  monDigEnables_010                                            
2000b968  monDigPeriodicCfg_010                                        
2000b974  rfInitCalib_010                                              
2000b980  rxMixInpwrMonCfg_010                                         
2000b98c  rxNoiseMonCfg_010                                            
2000b998  sigImgMonCfg_010                                             
2000b9a4  synthFreqMonCfg_010                                          
2000b9b0  tx0BallBreakMonCfg_010                                       
2000b9bc  tx1BallBreakMonCfg_010                                       
2000b9c8  tx2BallBreakMonCfg_010                                       
2000b9d4  adcOutCfgArgs_010                                            
2000b9dc  calMonTimeUnitConf_010                                       
2000b9e4  chCfg_010                                                    
2000b9ec  dualClkCompMonCfg_010                                        
2000b9f4  gpadcIntAnaSigMonCfg_010                                     
2000b9fc  miscCfg_010                                                  
2000ba04  monAnaEnables_010                                            
2000ba0c  pllConVoltMonCfg_010                                         
2000ba14  pmClkLoIntAnaSigMonCfg_010                                   
2000ba1c  rxIntAnaSigMonCfg_010                                        
2000ba24  tx0IntAnaSigMonCfg_010                                       
2000ba2c  tx1IntAnaSigMonCfg_010                                       
2000ba34  tx2IntAnaSigMonCfg_010                                       
2000ba3c  contModeEn_010                                               
2000ba40  deviceHsiClk_010                                             
2000ba44  dynPwrSave_010                                               
2000ba48  lowPowerModeCfg_010                                          
2000ba4c  progFiltCfg_010                                              
2000ba50  rfLdoBypassCfg_010                                           
2000ba54  rxGainTempLutReadCfg_010                                     
2000ba58  subFrameTrigCfg_010                                          
2000ba5c  testSourceEn_010                                             
2000ba60  txGainTempLutReadCfg_010                                     
ffffffff  __TI_pprof_out_hndl                                          
ffffffff  __TI_prof_data_size                                          
ffffffff  __TI_prof_data_start                                         
ffffffff  __binit__                                                    
ffffffff  __c_args__                                                   
ffffffff  binit                                                        
UNDEFED   __TI_CINIT_Base                                              
UNDEFED   __TI_CINIT_Limit                                             
UNDEFED   __TI_Handler_Table_Base                                      
UNDEFED   __TI_Handler_Table_Limit                                     
UNDEFED   __TI_INITARRAY_Base                                          
UNDEFED   __TI_INITARRAY_Limit                                         
UNDEFED   __TI_TLS_INIT_Base                                           
UNDEFED   __TI_TLS_INIT_Limit                                          

[1653 symbols]
