******************************************************************************
               TMS320C6x Linker Unix v8.3.3                    
******************************************************************************
>> Linked Fri Oct  2 10:32:10 2020

OUTPUT FILE NAME:   <dfptest/xwr68xx/xwr68xx_dfptest_dss.xe674>
ENTRY POINT SYMBOL: "_c_int00"  address: 007fc4a0


MEMORY CONFIGURATION

         name            origin    length      used     unused   attr    fill
----------------------  --------  ---------  --------  --------  ----  --------
PAGE 0:
  L2SRAM_UMAP1          007e0000   00020000  00020000  00000000  RWIX
  L2SRAM_UMAP0          00800000   00020000  00018598  00007a68  RWIX
  L1PSRAM               00e00000   00004000  00000000  00004000  RWIX
  L1DSRAM               00f00000   00004000  00000000  00004000  RWIX
  L3SRAM                20000000   000c0000  0000bbc0  000b4440  RWIX
  HWA_RAM               21030000   00010000  00000000  00010000  RWIX
  HSRAM                 21080000   00008000  00000000  00008000  RWIX

PAGE 1:
  L3SRAM                20000000   000c0000  00000000  000c0000  RWIX


SEGMENT ALLOCATION MAP

run origin  load origin   length   init length attrs members
----------  ----------- ---------- ----------- ----- -------
007e0000    007e0000    00020000   00020000    r-x
  007e0000    007e0000    00000200   00000200    r-x .vecs
  007e0200    007e0200    0001fe00   0001fe00    r-x .text.1
00800000    00800000    0000a400   00000000    rw-
  00800000    00800000    00008000   00000000    rw- systemHeap
  00808000    00808000    00002400   00000000    rw- .MCPILogBuffer
0080a400    0080a400    0000a56e   0000a56e    r-x
  0080a400    0080a400    000029c0   000029c0    r-x .text.2
  0080cdc0    0080cdc0    00007bae   00007bae    r-- .const
00814970    00814970    000014c8   00000000    rw-
  00814970    00814970    000014c8   00000000    rw- .far
00815e38    00815e38    000023a8   000013a2    rw-
  00815e38    00815e38    000013a2   000013a2    rw- .fardata
  008171e0    008171e0    00001000   00000000    rw- .stack
008181e0    008181e0    00000254   00000254    r--
  008181e0    008181e0    00000254   00000254    r-- .switch
00818438    00818438    00000132   00000000    rw-
  00818438    00818438    00000120   00000000    rw- .cio
  00818558    00818558    00000012   00000000    rw- .bss
0081856c    0081856c    00000038   00000038    rw-
  0081856c    0081856c    00000038   00000038    rw- .neardata
20000000    20000000    0000bbc0   0000bbc0    rwx
  20000000    20000000    0000bbc0   0000bbc0    rwx .configFiles


SECTION ALLOCATION MAP

 output                                  attributes/
section   page    origin      length       input sections
--------  ----  ----------  ----------   ----------------
xdc.meta   0    00000000    00000110     COPY SECTION
                  00000000    00000110     dss_pe674.oe674 (xdc.meta)

.vecs      0    007e0000    00000200     
                  007e0000    00000200     dss_pe674.oe674 (.vecs)

.text.1    0    007e0200    0001fe00     
                  007e0200    00001fe0     rts6740_elf.lib : _printfi.c.obj (.text:__TI_printfi)
                  007e21e0    00000bc0     dfptest_verify.oe674 (.text:MmwaveLink_verifyReportCount)
                  007e2da0    000008a0     ti.targets.rts6000.ae674 : System.oe674 (.text:xdc_runtime_System_doPrint__I)
                  007e3640    00000820     dfptest_setup.oe674 (.text:MmwaveLink_asyncEventHandler)
                  007e3e60    000007c0     sysbios.ae674 : BIOS.obj (.text:ti_sysbios_knl_Semaphore_pend__E)
                  007e4620    00000780                   : BIOS.obj (.text:ti_sysbios_family_c64p_Exception_handler__I)
                  007e4da0    00000680     libadcbuf_xwr68xx.ae674 : adcbuf_mmwave.oe674 (.text:ADCBUF_MMWave_control)
                  007e5420    00000660     rts6740_elf.lib : _printfi.c.obj (.text:_pconv_a)
                  007e5a80    00000620     sysbios.ae674 : BIOS.obj (.text:ti_sysbios_heaps_HeapMem_allocUnprotected__E)
                  007e60a0    00000600     rts6740_elf.lib : divd.c.obj (.text:__c6xabi_divd)
                  007e66a0    000005c0     sysbios.ae674 : BIOS.obj (.text:ti_sysbios_heaps_HeapMem_freeUnprotected__E)
                  007e6c60    00000520     dfptest_common.oe674 (.text:MmwaveLinkTest_initConfig)
                  007e7180    00000520     sysbios.ae674 : BIOS.obj (.text:ti_sysbios_knl_Task_Instance_finalize__E)
                  007e76a0    000004e0                   : BIOS.obj (.text:ti_sysbios_knl_Task_sleep__E)
                  007e7b80    00000440                   : BIOS.obj (.text:ti_sysbios_timers_rti_Timer_Module_startup__E)
                  007e7fc0    00000420     libmailbox_xwr68xx.ae674 : mailbox.oe674 (.text:Mailbox_open)
                  007e83e0    00000400     dfptest_common.oe674 (.text:MmwaveLink_startDfpTest)
                  007e87e0    00000400     dfptest_verify.oe674 (.text:MmwaveLink_verifyRxGainPhRep)
                  007e8be0    00000400     rts6740_elf.lib : _printfi.c.obj (.text:_pconv_g)
                  007e8fe0    00000400     libmmwavelink_xwr68xx.ae674 : rl_driver.oe674 (.text:rlDriverRxHdrRead)
                  007e93e0    000003e0     dfptest_verify.oe674 (.text:MmwaveLink_verifyTxGainPhaseRep)
                  007e97c0    000003e0     sysbios.ae674 : BIOS.obj (.text:ti_sysbios_knl_Task_Module_startup__E)
                  007e9ba0    000003c0                   : BIOS.obj (.text:ti_sysbios_knl_Task_Instance_init__E)
                  007e9f60    00000380     dfptest_verify.oe674 (.text:MmwaveLink_verifyPllControlRep)
                  007ea2e0    00000380     dfptest_verify.oe674 (.text:MmwaveLink_verifyRfSynthFreqNonLiveRep)
                  007ea660    00000360     libcrc_xwr68xx.ae674 : crc.oe674 (.text:CRC_open)
                  007ea9c0    00000360     dfptest_verify.oe674 (.text:MmwaveLink_verifyRxIfStageRep)
                  007ead20    00000360     libmmwavelink_xwr68xx.ae674 : rl_driver.oe674 (.text:rlDriverMsgRead)
                  007eb080    00000360     sysbios.ae674 : BIOS.obj (.text:ti_sysbios_knl_Semaphore_post__E)
                  007eb3e0    00000340     dfptest_verify.oe674 (.text:MmwaveLink_verifyTxPower)
                  007eb720    00000320     rts6740_elf.lib : fputs.c.obj (.text:fputs)
                  007eba40    000002e0     dfptest_common.oe674 (.text:MmwaveLink_runDfpTest)
                  007ebd20    000002e0     libmmwavelink_xwr68xx.ae674 : rl_driver.oe674 (.text:rlDriverCmdSendRetry)
                  007ec000    000002e0     sysbios.ae674 : BIOS.obj (.text:ti_sysbios_heaps_HeapMem_Instance_init__E)
                  007ec2e0    000002c0     dfptest_setup.oe674 (.text:MmwaveLink_getProfileConfig)
                  007ec5a0    000002c0     dfptest_verify.oe674 (.text:MmwaveLink_verifyRxMixInpPowerRep)
                  007ec860    000002c0     libmmwavelink_xwr68xx.ae674 : rl_driver.oe674 (.text:rlDriverCmdInvoke)
                  007ecb20    000002c0     sysbios.ae674 : BIOS.obj (.text:ti_sysbios_knl_Clock_workFunc__E)
                  007ecde0    000002a0     libcrc_xwr68xx.ae674 : crc.oe674 (.text:CRC_computeSignature)
                  007ed080    000002a0     dfptest_setup.oe674 (.text:MmwaveLink_initLink)
                  007ed320    000002a0     dfptest_monitoring.oe674 (.text:MmwaveLink_monFeatureCfg)
                  007ed5c0    000002a0     rts6740_elf.lib : _printfi.c.obj (.text:_pconv_e)
                  007ed860    000002a0                     : _printfi.c.obj (.text:fcvt)
                  007edb00    00000280     dfptest_verify.oe674 (.text:MmwaveLink_verifyTxBpm)
                  007edd80    00000280     sysbios.ae674 : BIOS.obj (.text:ti_sysbios_family_c64p_Cache_Module_startup__E)
                  007ee000    00000260     libtestlogger_xwr68xx.ae674 : logger.oe674 (.text:MCPI_setFeatureTestResult)
                  007ee260    00000260     rts6740_elf.lib : imath64.c.obj (.text:__c6xabi_divull)
                  007ee4c0    00000260     main_dfp_dss.oe674 (.text:main)
                  007ee720    00000260     libmmwavelink_xwr68xx.ae674 : rl_driver.oe674 (.text:rlDriverInit)
                  007ee980    00000260     sysbios.ae674 : BIOS.obj (.text:ti_sysbios_family_c64p_Cache_block__I)
                  007eebe0    00000260                   : BIOS.obj (.text:ti_sysbios_family_c64p_Hwi_dispatchCore__I)
                  007eee40    00000260     ti.targets.rts6000.ae674 : Startup.oe674 (.text:xdc_runtime_Startup_startMods__I)
                  007ef0a0    00000240     dfptest_setup.oe674 (.text:MmwaveLink_computeCRC)
                  007ef2e0    00000240     dfptest_verify.oe674 (.text:MmwaveLink_verifyRfSynthFreqRep)
                  007ef520    00000240     sysbios.ae674 : BIOS.obj (.text:ti_sysbios_family_c64p_EventCombiner_dispatch__E)
                  007ef760    00000240                   : BIOS.obj (.text:ti_sysbios_family_c64p_Exception_internalHandler__I)
                  007ef9a0    00000240                   : BIOS.obj (.text:ti_sysbios_timers_rti_Timer_getFreq__E)
                  007efbe0    00000240     ti.targets.rts6000.ae674 : Core-mem.oe674 (.text:xdc_runtime_Core_createObject__I)
                  007efe20    00000240     dss_pe674.oe674 (.text:xdc_runtime_System_printfExtend__I)
                  007f0060    00000220     libmailbox_xwr68xx.ae674 : mailbox.oe674 (.text:Mailbox_write)
                  007f0280    00000220     sysbios.ae674 : BIOS.obj (.text:ti_sysbios_family_c64p_Hwi_reconfig__E)
                  007f04a0    00000220                   : BIOS.obj (.text:ti_sysbios_knl_Swi_run__I)
                  007f06c0    00000200     dfptest_verify.oe674 (.text:MmwaveLink_verifyExtAnalogSigRep)
                  007f08c0    00000200     dfptest_verify.oe674 (.text:MmwaveLink_verifyRfTxIntAnaSignals)
                  007f0ac0    00000200     dfptest_verify.oe674 (.text:MmwaveLink_verifyTemperatureRep)
                  007f0cc0    00000200     rts6740_elf.lib : _printfi.c.obj (.text:_ltostr)
                  007f0ec0    00000200     sysbios.ae674 : c64p_Hwi_disp_always.obj (.text:_ti_sysbios_family_c64p_Hwi_dispatchAlways)
                  007f10c0    00000200     ti.targets.rts6000.ae674 : Error.oe674 (.text:xdc_runtime_Error_policyDefault__E)
                  007f12c0    000001e0     dfptest_verify.oe674 (.text:MmwaveLink_verifyTxBallBreak)
                  007f14a0    000001e0     libmmwavelink_xwr68xx.ae674 : rl_driver.oe674 (.text:rlDriverRdVerifyMsg)
                  007f1680    000001e0     sysbios.ae674 : BIOS.obj (.text:ti_sysbios_family_c64p_EventCombiner_dispatchPlug__E)
                  007f1860    000001e0                   : BIOS.obj (.text:ti_sysbios_gates_GateMutex_enter__E)
                  007f1a40    000001e0                   : BIOS.obj (.text:ti_sysbios_knl_Task_exit__E)
                  007f1c20    000001e0     ti.targets.rts6000.ae674 : Text.oe674 (.text:xdc_runtime_Text_putSite__E)
                  007f1e00    000001c0     libmailbox_xwr68xx.ae674 : mailbox.oe674 (.text:Mailbox_read)
                  007f1fc0    000001c0     dfptest_verify.oe674 (.text:MmwaveLink_checkStatusFlag)
                  007f2180    000001c0     rts6740_elf.lib : imath40.c.obj (.text:__c6xabi_divul)
                  007f2340    000001c0                     : fputc.c.obj (.text:fputc)
                  007f2500    000001c0                     : frexp.c.obj (.text:frexp)
                  007f26c0    000001c0                     : ldexp.c.obj (.text:ldexp)
                  007f2880    000001c0     libmmwavelink_xwr68xx.ae674 : rl_driver.oe674 (.text:rlDriverMsgCmdReply)
                  007f2a40    000001c0     rts6740_elf.lib : setvbuf.c.obj (.text:setvbuf)
                  007f2c00    000001c0     sysbios.ae674 : BIOS.obj (.text:ti_sysbios_knl_Task_checkStacks__E)
                  007f2dc0    000001a0     libadcbuf_xwr68xx.ae674 : adcbuf_mmwave.oe674 (.text:ADCBUF_MMWave_open)
                  007f2f60    000001a0     rts6740_elf.lib : hostrename.c.obj (.text:HOSTrename)
                  007f3100    000001a0     dfptest_verify.oe674 (.text:MmwaveLink_verifyRxNoiseFigRep)
                  007f32a0    000001a0     libmmwavelink_xwr68xx.ae674 : rl_driver.oe674 (.text:rlDriverDeInit)
                  007f3440    000001a0                                 : rl_driver.oe674 (.text:rlDriverMsgWrite)
                  007f35e0    000001a0                                 : rl_sensor.oe674 (.text:rlGetFrameConfig)
                  007f3780    000001a0                                 : rl_sensor.oe674 (.text:rlSetChirpConfig)
                  007f3920    000001a0     sysbios.ae674 : BIOS.obj (.text:ti_sysbios_family_c64p_Cache_getL2InitSize__I)
                  007f3ac0    000001a0                   : BIOS.obj (.text:ti_sysbios_family_c64p_EventCombiner_disableEvent__E)
                  007f3c60    000001a0                   : BIOS.obj (.text:ti_sysbios_family_c64p_EventCombiner_enableEvent__E)
                  007f3e00    000001a0                   : BIOS.obj (.text:ti_sysbios_heaps_HeapBuf_Module_startup__E)
                  007f3fa0    000001a0                   : BIOS.obj (.text:ti_sysbios_knl_Task_schedule__I)
                  007f4140    000001a0                   : BIOS.obj (.text:ti_sysbios_timers_rti_Timer_startup__E)
                  007f42e0    000001a0     ti.targets.rts6000.ae674 : Core-smem.oe674 (.text:xdc_runtime_Core_constructObject__I)
                  007f4480    00000180     libadcbuf_xwr68xx.ae674 : adcbuf_mmwave.oe674 (.text:ADCBUFCmdParamCheck)
                  007f4600    00000180     dfptest_setup.oe674 (.text:MmwaveLink_getVersion)
                  007f4780    00000180     dfptest_verify.oe674 (.text:MmwaveLink_verifyIntGpadcSigRep)
                  007f4900    00000180     libmmwavelink_xwr68xx.ae674 : rl_sensor.oe674 (.text:rlSetProfileConfig)
                  007f4a80    00000180     sysbios.ae674 : c64p_Exception_asm.obj (.text)
                  007f4c00    00000180                   : BIOS.obj (.text:ti_sysbios_knl_Task_postInit__I)
                  007f4d80    00000180                   : BIOS.obj (.text:ti_sysbios_knl_Task_startCore__E)
                  007f4f00    00000160     libmailbox_xwr68xx.ae674 : mailbox.oe674 (.text:Mailbox_close)
                  007f5060    00000160     dfptest_setup.oe674 (.text:MmwaveLink_adcBufConfig)
                  007f51c0    00000160     dfptest_common.oe674 (.text:MmwaveLink_loadConfig)
                  007f5320    00000160     libsoc_xwr68xx.ae674 : soc.oe674 (.text:SOC_registerSysIntListener)
                  007f5480    00000160                          : soc_xwr68xx.oe674 (.text:SOC_ungateClock)
                  007f55e0    00000160     libmmwavelink_xwr68xx.ae674 : rl_driver.oe674 (.text:rlDriverMsgReadCmdCtx)
                  007f5740    00000160                                 : rl_driver.oe674 (.text:rlDriverWaitForResponse)
                  007f58a0    00000160                                 : rl_sensor.oe674 (.text:rlGetAdvFrameConfig)
                  007f5a00    00000160                                 : rl_monitoring.oe674 (.text:rlRfTxBallbreakMonConfig)
                  007f5b60    00000160                                 : rl_monitoring.oe674 (.text:rlRfTxBpmMonConfig)
                  007f5cc0    00000160                                 : rl_monitoring.oe674 (.text:rlRfTxIntAnaSignalsMonConfig)
                  007f5e20    00000160                                 : rl_monitoring.oe674 (.text:rlRfTxPowrMonConfig)
                  007f5f80    00000160                                 : rl_sensor.oe674 (.text:rlSetFrameConfig)
                  007f60e0    00000160     sysbios.ae674 : BIOS.obj (.text:ti_sysbios_family_c64p_Hwi_Module_startup__E)
                  007f6240    00000160                   : BIOS.obj (.text:ti_sysbios_knl_Swi_post__E)
                  007f63a0    00000160     ti.targets.rts6000.ae674 : Text.oe674 (.text:xdc_runtime_Text_putMod__E)
                  007f6500    00000140     dfptest_monitoring.oe674 (.text:MmwaveLink_genLatentFaultRep)
                  007f6640    00000140     dfptest_setup.oe674 (.text:MmwaveLink_getFrameConfig)
                  007f6780    00000140     dfptest_verify.oe674 (.text:MmwaveLink_verifyRxIntAnaSigRep)
                  007f68c0    00000140     libsoc_xwr68xx.ae674 : soc.oe674 (.text:SOC_init)
                  007f6a00    00000140     libmmwavelink_xwr68xx.ae674 : rl_device.oe674 (.text:rlDevicePowerOn)
                  007f6b40    00000140                                 : rl_driver.oe674 (.text:rlDriverMsgReadSpawnCtx)
                  007f6c80    00000140                                 : rl_sensor.oe674 (.text:rlGetProfileConfig)
                  007f6dc0    00000140                                 : rl_sensor.oe674 (.text:rlSetAdvFrameConfig)
                  007f6f00    00000140     sysbios.ae674 : BIOS.obj (.text:ti_sysbios_family_c64p_Cache_getL1DInitSize__I)
                  007f7040    00000140                   : BIOS.obj (.text:ti_sysbios_family_c64p_Cache_getL1PInitSize__I)
                  007f7180    00000140                   : BIOS.obj (.text:ti_sysbios_knl_Semaphore_Instance_init__E)
                  007f72c0    00000140                   : BIOS.obj (.text:ti_sysbios_knl_Task_blockI__E)
                  007f7400    00000140                   : BIOS.obj (.text:ti_sysbios_timers_rti_Timer_initDevice__I)
                  007f7540    00000140     ti.targets.rts6000.ae674 : Core-mem.oe674 (.text:xdc_runtime_Core_deleteObject__I)
                  007f7680    00000140                              : Text.oe674 (.text:xdc_runtime_Text_putLab__E)
                  007f77c0    00000120     libadcbuf_xwr68xx.ae674 : adcbuf_mmwave.oe674 (.text:ADCBUF_MMWave_getChanBufAddr)
                  007f78e0    00000120     libsoc_xwr68xx.ae674 : soc_xwr68xx.oe674 (.text:SOC_gateClock)
                  007f7a00    00000120     boot.ae674 : autoinit.oe674 (.text:_auto_init_elf)
                  007f7b20    00000120     rts6740_elf.lib : _printfi.c.obj (.text:_pconv_f)
                  007f7c40    00000120                     : getdevice.c.obj (.text:getdevice)
                  007f7d60    00000120     libmmwavelink_xwr68xx.ae674 : rl_driver.oe674 (.text:rlDriverAsyncEventHandler)
                  007f7e80    00000120                                 : rl_driver.oe674 (.text:rlDriverProcRdMsg)
                  007f7fa0    00000120     sysbios.ae674 : BIOS.obj (.text:ti_sysbios_family_c64p_Hwi_Instance_init__E)
                  007f80c0    00000120                   : BIOS.obj (.text:ti_sysbios_knl_Swi_restoreHwi__E)
                  007f81e0    00000120                   : BIOS.obj (.text:ti_sysbios_knl_Task_unblockI__E)
                  007f8300    00000100     libmailbox_xwr68xx.ae674 : mailbox.oe674 (.text:Mailbox_readFlush)
                  007f8400    00000100     dfptest_setup.oe674 (.text:MmwaveLink_getAdvFrameConfig)
                  007f8500    00000100     dfptest_setup.oe674 (.text:MmwaveLink_mboxRead)
                  007f8600    00000100     dfptest_verify.oe674 (.text:MmwaveLink_verifyDccClockFreqRep)
                  007f8700    00000100     dfptest_verify.oe674 (.text:MmwaveLink_verifyDigLatFaultRep)
                  007f8800    00000100     dfptest_verify.oe674 (.text:MmwaveLink_verifyDigPeriodicRep)
                  007f8900    00000100     libsoc_xwr68xx.ae674 : soc_xwr68xx_dss.oe674 (.text:SOC_deviceInit)
                  007f8a00    00000100     rts6740_elf.lib : fclose.c.obj (.text:__TI_closefile)
                  007f8b00    00000100                     : _printfi.c.obj (.text:_mcpy)
                  007f8c00    00000100                     : atoi.c.obj (.text:atoi)
                  007f8d00    00000100                     : fflush.c.obj (.text:fflush)
                  007f8e00    00000100                     : fseek.c.obj (.text:fseek)
                  007f8f00    00000100     libmmwavelink_xwr68xx.ae674 : rl_device.oe674 (.text:rlDeviceGetVersion)
                  007f9000    00000100                                 : rl_device.oe674 (.text:rlDevicePowerOff)
                  007f9100    00000100                                 : rl_driver.oe674 (.text:rlDriverClientCbCheck)
                  007f9200    00000100                                 : rl_driver.oe674 (.text:rlDriverOsiCbCheck)
                  007f9300    00000100     sysbios.ae674 : BIOS.obj (.text:ti_sysbios_family_c64p_Hwi_Instance_finalize__E)
                  007f9400    00000100                   : BIOS.obj (.text:ti_sysbios_knl_Swi_schedule__I)
                  007f9500    00000100     ti.targets.rts6000.ae674 : Error.oe674 (.text:xdc_runtime_Error_print__E)
                  007f9600    00000100                              : Memory.oe674 (.text:xdc_runtime_Memory_alloc__E)
                  007f9700    00000100                              : Startup.oe674 (.text:xdc_runtime_Startup_exec__E)
                  007f9800    000000e0     libcrc_xwr68xx.ae674 : crc.oe674 (.text:CRC_getTransactionId)
                  007f98e0    000000e0     rts6740_elf.lib : hostlseek.c.obj (.text:HOSTlseek)
                  007f99c0    000000e0                     : hostopen.c.obj (.text:HOSTopen)
                  007f9aa0    000000e0                     : hostwrite.c.obj (.text:HOSTwrite)
                  007f9b80    000000e0     libmailbox_xwr68xx.ae674 : mailbox.oe674 (.text:Mailbox_boxFullISRMssDss)
                  007f9c60    000000e0                              : mailbox.oe674 (.text:Mailbox_init)
                  007f9d40    000000e0     dfptest_setup.oe674 (.text:MmwaveLink_mboxWrite)
                  007f9e20    000000e0     dfptest_setup.oe674 (.text:MmwaveLink_setBpmChirpConfig)
                  007f9f00    000000e0     dfptest_verify.oe674 (.text:MmwaveLink_verifyIntPmClkLoSigRep)
                  007f9fe0    000000e0     dfptest_verify.oe674 (.text:MmwaveLink_verifyRunTimeCalibRep)
                  007fa0c0    000000e0     rts6740_elf.lib : _ltoa.c.obj (.text:__TI_ltoa)
                  007fa1a0    000000e0                     : _io_perm.c.obj (.text:__TI_wrt_ok)
                  007fa280    000000e0                     : divi.asm.obj (.text:__divi)
                  007fa360    000000e0                     : close.c.obj (.text:close)
                  007fa440    000000e0                     : exit.c.obj (.text:exit)
                  007fa520    000000e0                     : memset.c.obj (.text:memset)
                  007fa600    000000e0                     : printf.c.obj (.text:printf)
                  007fa6e0    000000e0     libmmwavelink_xwr68xx.ae674 : rl_driver.oe674 (.text:rlDriverHostIrqHandler)
                  007fa7c0    000000e0                                 : rl_driver.oe674 (.text:rlDriverValidateHdr)
                  007fa8a0    000000e0     sysbios.ae674 : BIOS.obj (.text:ti_sysbios_heaps_HeapMem_alloc__E)
                  007fa980    000000e0                   : BIOS.obj (.text:ti_sysbios_knl_Swi_runLoop__I)
                  007faa60    000000e0                   : BIOS.obj (.text:ti_sysbios_knl_Swi_startup__E)
                  007fab40    000000e0     ti.targets.rts6000.ae674 : Text.oe674 (.text:xdc_runtime_Text_visitRope2__I)
                  007fac20    000000c0     libcrc_xwr68xx.ae674 : crc.oe674 (.text:CRC_getSignature)
                  007face0    000000c0     rts6740_elf.lib : hostread.c.obj (.text:HOSTread)
                  007fada0    000000c0                     : hostunlink.c.obj (.text:HOSTunlink)
                  007fae60    000000c0     libmailbox_xwr68xx.ae674 : mailbox.oe674 (.text:Mailbox_boxFullISRProcessing)
                  007faf20    000000c0     dfptest_setup.oe674 (.text:MmwaveLink_mboxOpen)
                  007fafe0    000000c0     dfptest_setup.oe674 (.text:MmwaveLink_setChirpConfig)
                  007fb0a0    000000c0     main_dfp_dss.oe674 (.text:MmwaveLink_setupEventCombiner)
                  007fb160    000000c0     rts6740_elf.lib : divu.asm.obj (.text:__divu)
                  007fb220    000000c0                     : remi.asm.obj (.text:__remi)
                  007fb2e0    000000c0     libmmwavelink_xwr68xx.ae674 : rl_driver.oe674 (.text:rlDriverCalChkSum)
                  007fb3a0    000000c0                                 : rl_driver.oe674 (.text:rlDriverExecuteGetApi)
                  007fb460    000000c0                                 : rl_driver.oe674 (.text:rlDriverExecuteSetApi)
                  007fb520    000000c0                                 : rl_controller.oe674 (.text:rlGetSubBlock)
                  007fb5e0    000000c0     dss_pe674.oe674 (.text:ti_sysbios_family_c64p_Hwi_create)
                  007fb6a0    000000c0     sysbios.ae674 : BIOS.obj (.text:ti_sysbios_heaps_HeapMem_getStats__E)
                  007fb760    000000c0                   : BIOS.obj (.text:ti_sysbios_knl_Clock_logTick__E)
                  007fb820    000000c0                   : BIOS.obj (.text:ti_sysbios_knl_Task_allBlockedFunction__I)
                  007fb8e0    000000c0     dss_pe674.oe674 (.text:ti_sysbios_knl_Task_create)
                  007fb9a0    000000c0     rts6740_elf.lib : tls.c.obj (.text:tls:init:__TI_tls_init)
                  007fba60    000000c0     ti.targets.rts6000.ae674 : Assert.oe674 (.text:xdc_runtime_Assert_raise__I)
                  007fbb20    000000c0                              : Error.oe674 (.text:xdc_runtime_Error_setX__E)
                  007fbbe0    000000a0     rts6740_elf.lib : hostclose.c.obj (.text:HOSTclose)
                  007fbc80    000000a0     libmailbox_xwr68xx.ae674 : mailbox.oe674 (.text:Mailbox_boxEmptyISRProcessing)
                  007fbd20    000000a0     main_dfp_dss.oe674 (.text:MmwaveLink_initTask)
                  007fbdc0    000000a0     dfptest_setup.oe674 (.text:MmwaveLink_mmwaveLinkMgmtTask)
                  007fbe60    000000a0     dfptest_setup.oe674 (.text:MmwaveLink_rfCalibration)
                  007fbf00    000000a0     dfptest_setup.oe674 (.text:MmwaveLink_sensorStart)
                  007fbfa0    000000a0     dfptest_monitoring.oe674 (.text:MmwaveLink_setCalMonConfig)
                  007fc040    000000a0     dfptest_setup.oe674 (.text:MmwaveLink_setGpAdcConfig)
                  007fc0e0    000000a0     dfptest_setup.oe674 (.text:MmwaveLink_setProfileConfig)
                  007fc180    000000a0     dfptest_monitoring.oe674 (.text:MmwaveLink_setRfSynthFreqNonLiveMonConfig)
                  007fc220    000000a0     libsoc_xwr68xx.ae674 : soc.oe674 (.text:SOC_SystemISR)
                  007fc2c0    000000a0     rts6740_elf.lib : fopen.c.obj (.text:__TI_cleanup)
                  007fc360    000000a0                     : fflush.c.obj (.text:__TI_doflush)
                  007fc400    000000a0                     : remu.asm.obj (.text:__remu)
                  007fc4a0    000000a0     boot.ae674 : boot.oe674 (.text:_c_int00)
                  007fc540    000000a0     rts6740_elf.lib : _printfi.c.obj (.text:_ecpy)
                  007fc5e0    000000a0     sysbios.ae674 : c64p_Hwi_asm.obj (.text:_ti_sysbios_family_c64p_Hwi_plug__E)
                  007fc680    000000a0     rts6740_elf.lib : getdevice.c.obj (.text:finddevice)
                  007fc720    000000a0                     : memcpy64.asm.obj (.text:memcpy)
                  007fc7c0    000000a0     libmmwavelink_xwr68xx.ae674 : rl_controller.oe674 (.text:rlAppendSubBlock)
                  007fc860    000000a0                                 : rl_driver.oe674 (.text:rlDriverVerifyCRC)
                  007fc900    000000a0     sysbios.ae674 : BIOS.obj (.text:ti_sysbios_family_c64p_Exception_Module_startup__E)
                  007fc9a0    000000a0                   : BIOS.obj (.text:ti_sysbios_family_c64p_Hwi_dispatchC__I)
                  007fca40    000000a0                   : BIOS.obj (.text:ti_sysbios_family_c64p_Hwi_eventMap__E)
                  007fcae0    000000a0                   : BIOS.obj (.text:ti_sysbios_family_c64p_Hwi_getStackInfo__E)
                  007fcb80    000000a0     ti.targets.rts6000.ae674 : Core-params.oe674 (.text:xdc_runtime_Core_assignParams__I)
                  007fcc20    000000a0                              : System.oe674 (.text:xdc_runtime_System_formatNum__I)
                  007fccc0    000000a0                              : System.oe674 (.text:xdc_runtime_System_putchar__I)
                  007fcd60    000000a0                              : Text.oe674 (.text:xdc_runtime_Text_printVisFxn__I)
                  007fce00    000000a0                              : Text.oe674 (.text:xdc_runtime_Text_xprintf__I)
                  007fcea0    00000080     libadcbuf_xwr68xx.ae674 : adcbuf_mmwave.oe674 (.text:ADCBUF_MMWave_close)
                  007fcf20    00000080                             : ADCBuf.oe674 (.text:ADCBuf_init)
                  007fcfa0    00000080     libmailbox_xwr68xx.ae674 : mailbox.oe674 (.text:Mailbox_writeReset)
                  007fd020    00000080     dfptest_monitoring.oe674 (.text:MmwaveLink_RxMixerInPwrConfig)
                  007fd0a0    00000080     dfptest_verify.oe674 (.text:MmwaveLink_checkTxGainPhaseVal)
                  007fd120    00000080     dfptest_setup.oe674 (.text:MmwaveLink_getRfBootupStatus)
                  007fd1a0    00000080     dfptest_setup.oe674 (.text:MmwaveLink_rfSetLdoBypassConfig)
                  007fd220    00000080     dfptest_monitoring.oe674 (.text:MmwaveLink_rlRfDigMonPeriodicConfig)
                  007fd2a0    00000080     dfptest_setup.oe674 (.text:MmwaveLink_setAdcOutConfig)
                  007fd320    00000080     dfptest_setup.oe674 (.text:MmwaveLink_setAdvFrameConfig)
                  007fd3a0    00000080     dfptest_setup.oe674 (.text:MmwaveLink_setBpmCommonConfig)
                  007fd420    00000080     dfptest_setup.oe674 (.text:MmwaveLink_setChannelConfig)
                  007fd4a0    00000080     dfptest_setup.oe674 (.text:MmwaveLink_setFrameConfig)
                  007fd520    00000080     dfptest_setup.oe674 (.text:MmwaveLink_setHsiClk)
                  007fd5a0    00000080     dfptest_monitoring.oe674 (.text:MmwaveLink_setInitTimeCalibConfig)
                  007fd620    00000080     dfptest_setup.oe674 (.text:MmwaveLink_setLowPowerModeConfig)
                  007fd6a0    00000080     dfptest_monitoring.oe674 (.text:MmwaveLink_setRfAnaMonConfig)
                  007fd720    00000080     dfptest_setup.oe674 (.text:MmwaveLink_setRfDevCfg)
                  007fd7a0    00000080     dfptest_monitoring.oe674 (.text:MmwaveLink_setRfDualClkCompMonConfig)
                  007fd820    00000080     dfptest_monitoring.oe674 (.text:MmwaveLink_setRfExtAnaSignalsMonConfig)
                  007fd8a0    00000080     dfptest_monitoring.oe674 (.text:MmwaveLink_setRfGpadcIntAnaSignalsMonConfig)
                  007fd920    00000080     dfptest_monitoring.oe674 (.text:MmwaveLink_setRfPllContrlVoltMonConfig)
                  007fd9a0    00000080     dfptest_monitoring.oe674 (.text:MmwaveLink_setRfPmClkLoIntAnaSignalsMonConfig)
                  007fda20    00000080     dfptest_monitoring.oe674 (.text:MmwaveLink_setRfRxGainPhaMonConfig)
                  007fdaa0    00000080     dfptest_monitoring.oe674 (.text:MmwaveLink_setRfRxIfSatMonConfig)
                  007fdb20    00000080     dfptest_monitoring.oe674 (.text:MmwaveLink_setRfRxIfStageMonConfig)
                  007fdba0    00000080     dfptest_monitoring.oe674 (.text:MmwaveLink_setRfRxIntAnaSignalMonConfig)
                  007fdc20    00000080     dfptest_monitoring.oe674 (.text:MmwaveLink_setRfRxNoiseMonConfig)
                  007fdca0    00000080     dfptest_monitoring.oe674 (.text:MmwaveLink_setRfRxSigImgMonConfig)
                  007fdd20    00000080     dfptest_monitoring.oe674 (.text:MmwaveLink_setRfSynthFreqMonConfig)
                  007fdda0    00000080     dfptest_monitoring.oe674 (.text:MmwaveLink_setRfTempMonConfig)
                  007fde20    00000080     dfptest_monitoring.oe674 (.text:MmwaveLink_setRfTxBallbreakMonConfig)
                  007fdea0    00000080     dfptest_monitoring.oe674 (.text:MmwaveLink_setRfTxBpmMonConfig)
                  007fdf20    00000080     dfptest_monitoring.oe674 (.text:MmwaveLink_setRfTxGainPhaseMismatchMonConfig)
                  007fdfa0    00000080     dfptest_monitoring.oe674 (.text:MmwaveLink_setRfTxIntAnaSignalMonConfig)
                  007fe020    00000080     dfptest_monitoring.oe674 (.text:MmwaveLink_setRfTxPowMonConfig)
                  007fe0a0    00000080     dfptest_monitoring.oe674 (.text:MmwaveLink_setRunTimeCalibConfig)
                  007fe120    00000080     dfptest_verify.oe674 (.text:MmwaveLink_verifyRepHeader)
                  007fe1a0    00000080     libosal_xwr68xx.ae674 : SemaphoreP_tirtos.oe674 (.text:SemaphoreP_create)
                  007fe220    00000080     rts6740_elf.lib : trgmsg.c.obj (.text:__TI_readmsg)
                  007fe2a0    00000080                     : llshift.c.obj (.text:__c6xabi_llshl)
                  007fe320    00000080                     : snprintf.c.obj (.text:_outs)
                  007fe3a0    00000080     sysbios.ae674 : c62_TaskSupport_asm.obj (.text:_ti_sysbios_family_c62_TaskSupport_swap__E)
                  007fe420    00000080     libmmwavelink_xwr68xx.ae674 : rl_driver.oe674 (.text:rlDeviceIdentifyCmdDir)
                  007fe4a0    00000080                                 : rl_driver.oe674 (.text:rlDriverOsiInit)
                  007fe520    00000080     rts6740_elf.lib : snprintf.c.obj (.text:snprintf)
                  007fe5a0    00000080     dss_pe674.oe674 (.text:ti_sysbios_BIOS_atExitFunc__I)
                  007fe620    00000080     dss_pe674.oe674 (.text:ti_sysbios_BIOS_registerRTSLock__I)
                  007fe6a0    00000080     sysbios.ae674 : BIOS.obj (.text:ti_sysbios_family_c64p_Cache_invL1pAll__E)
                  007fe720    00000080     dss_pe674.oe674 (.text:ti_sysbios_gates_GateHwi_Object__create__S)
                  007fe7a0    00000080     dss_pe674.oe674 (.text:ti_sysbios_gates_GateMutex_Object__create__S)
                  007fe820    00000080     sysbios.ae674 : BIOS.obj (.text:ti_sysbios_hal_Hwi_checkStack)
                  007fe8a0    00000080     dss_pe674.oe674 (.text:ti_sysbios_heaps_HeapMem_Object__create__S)
                  007fe920    00000080     sysbios.ae674 : BIOS.obj (.text:ti_sysbios_heaps_HeapMem_init__I)
                  007fe9a0    00000080     dss_pe674.oe674 (.text:ti_sysbios_knl_Clock_doTick__I)
                  007fea20    00000080     sysbios.ae674 : BIOS.obj (.text:ti_sysbios_knl_Idle_run__E)
                  007feaa0    00000080     dss_pe674.oe674 (.text:ti_sysbios_knl_Semaphore_create)
                  007feb20    00000080     sysbios.ae674 : BIOS.obj (.text:ti_sysbios_knl_Semaphore_pendTimeout__I)
                  007feba0    00000080                   : BIOS.obj (.text:ti_sysbios_knl_Task_processVitalTaskFlag__I)
                  007fec20    00000080     dss_pe674.oe674 (.text:ti_sysbios_rts_MemAlloc_alloc)
                  007feca0    00000080     sysbios.ae674 : BIOS.obj (.text:ti_sysbios_timers_rti_Timer_stop__E)
                  007fed20    00000080     rts6740_elf.lib : unlink.c.obj (.text:unlink)
                  007feda0    00000080     ti.targets.rts6000.ae674 : Core-label.oe674 (.text:xdc_runtime_Core_assignLabel__I)
                  007fee20    00000080                              : SysStd.oe674 (.text:xdc_runtime_SysStd_abort__E)
                  007feea0    00000080                              : System.oe674 (.text:xdc_runtime_System_atexit__E)
                  007fef20    00000080                              : System.oe674 (.text:xdc_runtime_System_avprintf__E)
                  007fefa0    00000080                              : System.oe674 (.text:xdc_runtime_System_processAtExit__E)
                  007ff020    00000080                              : System.oe674 (.text:xdc_runtime_System_vprintf__E)
                  007ff0a0    00000060     libadcbuf_xwr68xx.ae674 : ADCBuf.oe674 (.text:ADCBuf_open)
                  007ff100    00000060     libcrc_xwr68xx.ae674 : crc.oe674 (.text:CRC_getCRCDataSelectBitValue)
                  007ff160    00000060                          : crc.oe674 (.text:CRC_getCRCTypeBitValue)
                  007ff1c0    00000060                          : crc.oe674 (.text:CRC_isTransactionIdValid)
                  007ff220    00000060                          : crc.oe674 (.text:CRC_resetSignature)
                  007ff280    00000060     libmailbox_xwr68xx.ae674 : mailbox.oe674 (.text:Mailbox_Config_init)
                  007ff2e0    00000060     dfptest_setup.oe674 (.text:MmwaveLink_mboxClose)
                  007ff340    00000060     osi_tirtos.oe674 (.text:Osal_mutexCreate)
                  007ff3a0    00000060     osi_tirtos.oe674 (.text:Osal_semCreate)
                  007ff400    00000060     libsoc_xwr68xx.ae674 : soc.oe674 (.text:SOC_unhaltBSS)
                  007ff460    00000060     rts6740_elf.lib : trgmsg.c.obj (.text:__TI_writemsg)
                  007ff4c0    00000060                     : llshift.c.obj (.text:__c6xabi_llshru)
                  007ff520    00000060                     : imath64.c.obj (.text:_subcull)
                  007ff580    00000060     sysbios.ae674 : c64p_Hwi_asm_switch.obj (.text:_ti_sysbios_family_c64p_Hwi_switchAndDispatch__I)
                  007ff5e0    00000060                   : c64p_Hwi_asm_switch.obj (.text:_ti_sysbios_family_xxx_Hwi_switchAndRunFunc)
                  007ff640    00000060     rts6740_elf.lib : lseek.c.obj (.text:lseek)
                  007ff6a0    00000060                     : memccpy.c.obj (.text:memccpy)
                  007ff700    00000060     libmmwavelink_xwr68xx.ae674 : rl_device.oe674 (.text:rlDeviceGetMssVersion)
                  007ff760    00000060                                 : rl_device.oe674 (.text:rlDeviceSetHsiClk)
                  007ff7c0    00000060                                 : rl_driver.oe674 (.text:rlDriverConstructInMsg)
                  007ff820    00000060                                 : rl_monitoring.oe674 (.text:rlRfAnaMonConfig)
                  007ff880    00000060                                 : rl_monitoring.oe674 (.text:rlRfDigMonEnableConfig)
                  007ff8e0    00000060                                 : rl_monitoring.oe674 (.text:rlRfDigMonPeriodicConfig)
                  007ff940    00000060                                 : rl_monitoring.oe674 (.text:rlRfDualClkCompMonConfig)
                  007ff9a0    00000060                                 : rl_monitoring.oe674 (.text:rlRfExtAnaSignalsMonConfig)
                  007ffa00    00000060                                 : rl_monitoring.oe674 (.text:rlRfGpadcIntAnaSignalsMonConfig)
                  007ffa60    00000060                                 : rl_sensor.oe674 (.text:rlRfInitCalibConfig)
                  007ffac0    00000060                                 : rl_monitoring.oe674 (.text:rlRfPllContrlVoltMonConfig)
                  007ffb20    00000060                                 : rl_monitoring.oe674 (.text:rlRfPmClkLoIntAnaSignalsMonConfig)
                  007ffb80    00000060                                 : rl_sensor.oe674 (.text:rlRfRunTimeCalibConfig)
                  007ffbe0    00000060                                 : rl_monitoring.oe674 (.text:rlRfRxGainPhMonConfig)
                  007ffc40    00000060                                 : rl_monitoring.oe674 (.text:rlRfRxIfSatMonConfig)
                  007ffca0    00000060                                 : rl_monitoring.oe674 (.text:rlRfRxIfStageMonConfig)
                  007ffd00    00000060                                 : rl_monitoring.oe674 (.text:rlRfRxIntAnaSignalsMonConfig)
                  007ffd60    00000060                                 : rl_monitoring.oe674 (.text:rlRfRxMixerInPwrConfig)
                  007ffdc0    00000060                                 : rl_monitoring.oe674 (.text:rlRfRxNoiseMonConfig)
                  007ffe20    00000060                                 : rl_monitoring.oe674 (.text:rlRfRxSigImgMonConfig)
                  007ffe80    00000060                                 : rl_sensor.oe674 (.text:rlRfSetCalMonFreqLimitConfig)
                  007ffee0    00000060                                 : rl_sensor.oe674 (.text:rlRfSetCalMonTimeUnitConfig)
                  007fff40    00000020     libadcbuf_xwr68xx.ae674 : adcbuf_mmwave.oe674 (.text:ADCBUF_MMWave_init)
                  007fff60    00000010     dfptest_config_001.oe674 ($Tramp$S$$dfpTestLoadCfg_001)
                  007fff70    00000010     dfptest_config_002.oe674 ($Tramp$S$$dfpTestLoadCfg_002)
                  007fff80    00000010     dfptest_config_003.oe674 ($Tramp$S$$dfpTestLoadCfg_003)
                  007fff90    00000010     dfptest_config_004.oe674 ($Tramp$S$$dfpTestLoadCfg_004)
                  007fffa0    00000010     dfptest_config_005.oe674 ($Tramp$S$$dfpTestLoadCfg_005)
                  007fffb0    00000010     dfptest_config_006.oe674 ($Tramp$S$$dfpTestLoadCfg_006)
                  007fffc0    00000010     dfptest_config_007.oe674 ($Tramp$S$$dfpTestLoadCfg_007)
                  007fffd0    00000010     dfptest_config_008.oe674 ($Tramp$S$$dfpTestLoadCfg_008)
                  007fffe0    00000010     dfptest_config_009.oe674 ($Tramp$S$$dfpTestLoadCfg_009)
                  007ffff0    00000010     dfptest_config_010.oe674 ($Tramp$S$$dfpTestLoadCfg_010)

systemHeap 
*          0    00800000    00008000     UNINITIALIZED
                  00800000    00008000     dss_pe674.oe674 (systemHeap)

.MCPILogBuffer 
*          0    00808000    00002400     UNINITIALIZED
                  00808000    00002400     main_dfp_dss.oe674 (.MCPILogBuffer)

.text.2    0    0080a400    000029c0     
                  0080a400    00000060     libmmwavelink_xwr68xx.ae674 : rl_sensor.oe674 (.text:rlRfSetDeviceCfg)
                  0080a460    00000060                                 : rl_sensor.oe674 (.text:rlRfSetLdoBypassConfig)
                  0080a4c0    00000060                                 : rl_monitoring.oe674 (.text:rlRfSynthFreqMonConfig)
                  0080a520    00000060                                 : rl_monitoring.oe674 (.text:rlRfTempMonConfig)
                  0080a580    00000060                                 : rl_monitoring.oe674 (.text:rlRfTxGainPhaseMismatchMonConfig)
                  0080a5e0    00000060                                 : rl_sensor.oe674 (.text:rlSensorStart)
                  0080a640    00000060                                 : rl_sensor.oe674 (.text:rlSetAdcOutConfig)
                  0080a6a0    00000060                                 : rl_sensor.oe674 (.text:rlSetBpmChirpConfig)
                  0080a700    00000060                                 : rl_sensor.oe674 (.text:rlSetBpmCommonConfig)
                  0080a760    00000060                                 : rl_sensor.oe674 (.text:rlSetChannelConfig)
                  0080a7c0    00000060                                 : rl_sensor.oe674 (.text:rlSetGpAdcConfig)
                  0080a820    00000060                                 : rl_sensor.oe674 (.text:rlSetLowPowerModeConfig)
                  0080a880    00000060     rts6740_elf.lib : sprintf.c.obj (.text:sprintf)
                  0080a8e0    00000060     dss_pe674.oe674 (.text:ti_sysbios_BIOS_errorRaiseHook__I)
                  0080a940    00000060     dss_pe674.oe674 (.text:ti_sysbios_BIOS_removeRTSLock__I)
                  0080a9a0    00000060     dss_pe674.oe674 (.text:ti_sysbios_BIOS_startFunc__I)
                  0080aa00    00000060     sysbios.ae674 : BIOS.obj (.text:ti_sysbios_family_c62_TaskSupport_start__E)
                  0080aa60    00000060                   : BIOS.obj (.text:ti_sysbios_family_c64p_Cache_setMar__E)
                  0080aac0    00000060                   : BIOS.obj (.text:ti_sysbios_family_c64p_EventCombiner_Module_startup__E)
                  0080ab20    00000060                   : BIOS.obj (.text:ti_sysbios_family_c64p_EventCombiner_unused__E)
                  0080ab80    00000060     dss_pe674.oe674 (.text:ti_sysbios_gates_GateMutex_Object__delete__S)
                  0080abe0    00000060     sysbios.ae674 : BIOS.obj (.text:ti_sysbios_hal_Hwi_initStack)
                  0080ac40    00000060                   : BIOS.obj (.text:ti_sysbios_heaps_HeapMem_free__E)
                  0080aca0    00000060                   : BIOS.obj (.text:ti_sysbios_knl_Clock_Module_startup__E)
                  0080ad00    00000060     dss_pe674.oe674 (.text:ti_sysbios_knl_Queue_construct)
                  0080ad60    00000060     dss_pe674.oe674 (.text:ti_sysbios_knl_Semaphore_Object__delete__S)
                  0080adc0    00000060     dss_pe674.oe674 (.text:ti_sysbios_knl_Semaphore_construct)
                  0080ae20    00000060     sysbios.ae674 : BIOS.obj (.text:ti_sysbios_knl_Swi_Module_startup__E)
                  0080ae80    00000060                   : BIOS.obj (.text:ti_sysbios_knl_Task_enter__I)
                  0080aee0    00000060     rts6740_elf.lib : write.c.obj (.text:write)
                  0080af40    00000060     ti.targets.rts6000.ae674 : Memory.oe674 (.text:xdc_runtime_Memory_valloc__E)
                  0080afa0    00000060                              : Text.oe674 (.text:xdc_runtime_Text_cordText__E)
                  0080b000    00000040     libadcbuf_xwr68xx.ae674 : adcbuf_mmwave.oe674 (.text:ADCBUFContinuousModeCtrl)
                  0080b040    00000040                             : adcbuf_mmwave.oe674 (.text:ADCBUFSetPingNumChirpThreshhold)
                  0080b080    00000040                             : adcbuf_mmwave.oe674 (.text:ADCBUFSetPongNumChirpThreshhold)
                  0080b0c0    00000040                             : adcbuf_mmwave.oe674 (.text:ADCBUFSrcSelect)
                  0080b100    00000040     libcrc_xwr68xx.ae674 : crc.oe674 (.text:CRC_getSignatureRegister)
                  0080b140    00000040                          : crc.oe674 (.text:CRC_releaseTransactionId)
                  0080b180    00000040     libadcbuf_xwr68xx.ae674 : adcbuf_mmwave.oe674 (.text:CSL_FEXTR)
                  0080b1c0    00000040     libsoc_xwr68xx.ae674 : soc.oe674 (.text:CSL_FEXTR)
                  0080b200    00000040                          : soc_xwr68xx.oe674 (.text:CSL_FEXTR)
                  0080b240    00000040     libadcbuf_xwr68xx.ae674 : adcbuf_mmwave.oe674 (.text:CSL_FINSR)
                  0080b280    00000040     libcrc_xwr68xx.ae674 : crc.oe674 (.text:CSL_FINSR)
                  0080b2c0    00000040     libmailbox_xwr68xx.ae674 : mailbox.oe674 (.text:CSL_FINSR)
                  0080b300    00000040     libsoc_xwr68xx.ae674 : soc.oe674 (.text:CSL_FINSR)
                  0080b340    00000040                          : soc_xwr68xx.oe674 (.text:CSL_FINSR)
                  0080b380    00000040                          : soc_xwr68xx_dss.oe674 (.text:CSL_FINSR)
                  0080b3c0    00000040     libosal_xwr68xx.ae674 : HwiP_tirtos.oe674 (.text:HwiP_create)
                  0080b400    00000040                           : HwiP_tirtos.oe674 (.text:HwiP_delete)
                  0080b440    00000040     libtestlogger_xwr68xx.ae674 : logger.oe674 (.text:MCPI_Initialize)
                  0080b480    00000040     libmailbox_xwr68xx.ae674 : mailbox.oe674 (.text:Mailbox_boxEmptyISRBss)
                  0080b4c0    00000040                              : mailbox.oe674 (.text:Mailbox_boxEmptyISRMssDss)
                  0080b500    00000040                              : mailbox.oe674 (.text:Mailbox_boxFullISRBss)
                  0080b540    00000040     dfptest_setup.oe674 (.text:MmwaveLink_spawn)
                  0080b580    00000040     rts6740_elf.lib : frcmpyd_div.c.obj (.text:__TI_frcmpyd_div)
                  0080b5c0    00000040                     : isinf.c.obj (.text:__c6xabi_isinf)
                  0080b600    00000040                     : _printfi.c.obj (.text:__c6xabi_isnan)
                  0080b640    00000040                     : strasg.asm.obj (.text:__strasgi_64plus)
                  0080b680    00000040                     : args_main.c.obj (.text:_args_main)
                  0080b6c0    00000040                     : snprintf.c.obj (.text:_outc)
                  0080b700    00000040                     : sprintf.c.obj (.text:_outs)
                  0080b740    00000040     sysbios.ae674 : c62_TaskSupport_asm.obj (.text:_ti_sysbios_family_c62_TaskSupport_buildTaskStack)
                  0080b780    00000040     dss_pe674.oe674 (.text:free)
                  0080b7c0    00000040     libmmwavelink_xwr68xx.ae674 : rl_controller.oe674 (.text:rlAppendDummy)
                  0080b800    00000040                                 : rl_device.oe674 (.text:rlDeviceGetRfVersion)
                  0080b840    00000040                                 : rl_driver.oe674 (.text:rlDriverFillPayload)
                  0080b880    00000040                                 : rl_sensor.oe674 (.text:rlGetRfBootupStatus)
                  0080b8c0    00000040                                 : rl_sensor.oe674 (.text:rlRfInit)
                  0080b900    00000040     dss_pe674.oe674 (.text:ti_sysbios_BIOS_exitFunc__I)
                  0080b940    00000040     dss_pe674.oe674 (.text:ti_sysbios_BIOS_rtsLock__I)
                  0080b980    00000040     dss_pe674.oe674 (.text:ti_sysbios_BIOS_rtsUnlock__I)
                  0080b9c0    00000040     sysbios.ae674 : BIOS.obj (.text:ti_sysbios_family_c64p_Hwi_disableInterrupt__E)
                  0080ba00    00000040                   : BIOS.obj (.text:ti_sysbios_family_c64p_Hwi_enableInterrupt__E)
                  0080ba40    00000040     dss_pe674.oe674 (.text:ti_sysbios_gates_GateHwi_Handle__label__S)
                  0080ba80    00000040     dss_pe674.oe674 (.text:ti_sysbios_gates_GateHwi_Object__delete__S)
                  0080bac0    00000040     dss_pe674.oe674 (.text:ti_sysbios_gates_GateMutex_Handle__label__S)
                  0080bb00    00000040     sysbios.ae674 : BIOS.obj (.text:ti_sysbios_gates_GateMutex_Instance_init__E)
                  0080bb40    00000040                   : BIOS.obj (.text:ti_sysbios_gates_GateMutex_leave__E)
                  0080bb80    00000040     dss_pe674.oe674 (.text:ti_sysbios_heaps_HeapMem_Handle__label__S)
                  0080bbc0    00000040     dss_pe674.oe674 (.text:ti_sysbios_heaps_HeapMem_Object__delete__S)
                  0080bc00    00000040     dss_pe674.oe674 (.text:ti_sysbios_heaps_HeapMem_Object__get__S)
                  0080bc40    00000040     dss_pe674.oe674 (.text:ti_sysbios_knl_Semaphore_destruct)
                  0080bc80    00000040     dss_pe674.oe674 (.text:ti_sysbios_knl_Swi_Object__get__S)
                  0080bcc0    00000040     dss_pe674.oe674 (.text:ti_sysbios_knl_Task_Object__get__S)
                  0080bd00    00000040     sysbios.ae674 : BIOS.obj (.text:ti_sysbios_knl_Task_sleepTimeout__I)
                  0080bd40    00000040                   : BIOS.obj (.text:ti_sysbios_timers_rti_Timer_periodicStub__E)
                  0080bd80    00000040     rts6740_elf.lib : wcslen.c.obj (.text:wcslen)
                  0080bdc0    00000040     ti.targets.rts6000.ae674 : Error.oe674 (.text:xdc_runtime_Error_check__E)
                  0080be00    00000040                              : Error.oe674 (.text:xdc_runtime_Error_init__E)
                  0080be40    00000040                              : Registry.oe674 (.text:xdc_runtime_Registry_findById__E)
                  0080be80    00000040                              : System.oe674 (.text:xdc_runtime_System_abort__E)
                  0080bec0    00000040     dss_pe674.oe674 (.text:xdc_runtime_System_aprintf__E)
                  0080bf00    00000040     ti.targets.rts6000.ae674 : System.oe674 (.text:xdc_runtime_System_exit__E)
                  0080bf40    00000040     dss_pe674.oe674 (.text:xdc_runtime_System_printf__E)
                  0080bf80    00000020     libadcbuf_xwr68xx.ae674 : ADCBuf.oe674 (.text:ADCBuf_Params_init)
                  0080bfa0    00000020                             : ADCBuf.oe674 (.text:ADCBuf_control)
                  0080bfc0    00000020     libcrc_xwr68xx.ae674 : crc.oe674 (.text:CRC_initConfigParams)
                  0080bfe0    00000020     libosal_xwr68xx.ae674 : HwiP_tirtos.oe674 (.text:HwiP_Params_init)
                  0080c000    00000020                           : HwiP_tirtos.oe674 (.text:HwiP_disable)
                  0080c020    00000020                           : HwiP_tirtos.oe674 (.text:HwiP_disableInterrupt)
                  0080c040    00000020                           : HwiP_tirtos.oe674 (.text:HwiP_enableInterrupt)
                  0080c060    00000020                           : HwiP_tirtos.oe674 (.text:HwiP_restore)
                  0080c080    00000020     libtestlogger_xwr68xx.ae674 : logger.oe674 (.text:MCPI_setTestResult)
                  0080c0a0    00000020     libosal_xwr68xx.ae674 : MemoryP_tirtos.oe674 (.text:MemoryP_ctrlAlloc)
                  0080c0c0    00000020                           : MemoryP_tirtos.oe674 (.text:MemoryP_ctrlFree)
                  0080c0e0    00000020     dfptest_setup.oe674 (.text:MmwaveLink_disableDevice)
                  0080c100    00000020     dfptest_setup.oe674 (.text:MmwaveLink_enableDevice)
                  0080c120    00000020     dfptest_setup.oe674 (.text:MmwaveLink_maskHostIRQ)
                  0080c140    00000020     dfptest_setup.oe674 (.text:MmwaveLink_mboxCallbackFxn)
                  0080c160    00000020     dfptest_verify.oe674 (.text:MmwaveLink_monitorReportCountInit)
                  0080c180    00000020     dfptest_setup.oe674 (.text:MmwaveLink_registerInterruptHandler)
                  0080c1a0    00000020     dfptest_setup.oe674 (.text:MmwaveLink_unmaskHostIRQ)
                  0080c1c0    00000020     dfptest_common.oe674 (.text:Mmwavelink_chirpAvailInterrupCallBackFunc)
                  0080c1e0    00000020     dfptest_common.oe674 (.text:Mmwavelink_frameInterrupCallBackFunc)
                  0080c200    00000020     osi_tirtos.oe674 (.text:Osal_mutexDelete)
                  0080c220    00000020     osi_tirtos.oe674 (.text:Osal_mutexLock)
                  0080c240    00000020     osi_tirtos.oe674 (.text:Osal_mutexUnlock)
                  0080c260    00000020     osi_tirtos.oe674 (.text:Osal_semDelete)
                  0080c280    00000020     osi_tirtos.oe674 (.text:Osal_semSignal)
                  0080c2a0    00000020     osi_tirtos.oe674 (.text:Osal_semWait)
                  0080c2c0    00000020     libosal_xwr68xx.ae674 : SemaphoreP_tirtos.oe674 (.text:SemaphoreP_Params_init)
                  0080c2e0    00000020                           : SemaphoreP_tirtos.oe674 (.text:SemaphoreP_delete)
                  0080c300    00000020                           : SemaphoreP_tirtos.oe674 (.text:SemaphoreP_pend)
                  0080c320    00000020                           : SemaphoreP_tirtos.oe674 (.text:SemaphoreP_post)
                  0080c340    00000020                           : DebugP_tirtos.oe674 (.text:_DebugP_assert)
                  0080c360    00000020     rts6740_elf.lib : errno.c.obj (.text:__c6xabi_errno_addr)
                  0080c380    00000020                     : push.asm.obj (.text:__pop_rts)
                  0080c3a0    00000020                     : push.asm.obj (.text:__push_rts)
                  0080c3c0    00000020                     : _lock.c.obj (.text:_nop)
                  0080c3e0    00000020                     : printf.c.obj (.text:_outc)
                  0080c400    00000020                     : sprintf.c.obj (.text:_outc)
                  0080c420    00000020                     : printf.c.obj (.text:_outs)
                  0080c440    00000020                     : _lock.c.obj (.text:_register_lock)
                  0080c460    00000020                     : _lock.c.obj (.text:_register_unlock)
                  0080c480    00000020                     : signbit.c.obj (.text:_signbit)
                  0080c4a0    00000020     sysbios.ae674 : c62_TaskSupport_asm.obj (.text:_ti_sysbios_family_c62_TaskSupport_glue)
                  0080c4c0    00000020     rts6740_elf.lib : exit.c.obj (.text:abort)
                  0080c4e0    00000020                     : fputc.c.obj (.text:putchar)
                  0080c500    00000020     libmmwavelink_xwr68xx.ae674 : rl_driver.oe674 (.text:rlDriverConstructOutMsg)
                  0080c520    00000020                                 : rl_driver.oe674 (.text:rlDriverGetHandle)
                  0080c540    00000020                                 : rl_driver.oe674 (.text:rlDriverGetPlatformId)
                  0080c560    00000020                                 : rl_driver.oe674 (.text:rlDriverIsDeviceMapValid)
                  0080c580    00000020                                 : rl_controller.oe674 (.text:rlGetSubBlockId)
                  0080c5a0    00000020                                 : rl_controller.oe674 (.text:rlGetSubBlockLen)
                  0080c5c0    00000020     dss_pe674.oe674 (.text:ti_sysbios_BIOS_RtsGateProxy_enter__E)
                  0080c5e0    00000020     dss_pe674.oe674 (.text:ti_sysbios_BIOS_RtsGateProxy_leave__E)
                  0080c600    00000020     sysbios.ae674 : BIOS.obj (.text:ti_sysbios_BIOS_exit__E)
                  0080c620    00000020                   : BIOS.obj (.text:ti_sysbios_BIOS_linkedWithIncorrectBootLibrary__E)
                  0080c640    00000020     dss_pe674.oe674 (.text:ti_sysbios_BIOS_nullFunc__I)
                  0080c660    00000020     sysbios.ae674 : BIOS.obj (.text:ti_sysbios_BIOS_setThreadType__E)
                  0080c680    00000020                   : BIOS.obj (.text:ti_sysbios_BIOS_start__E)
                  0080c6a0    00000020     dss_pe674.oe674 (.text:ti_sysbios_family_c62_TaskSupport_Module__startupDone__S)
                  0080c6c0    00000020     sysbios.ae674 : BIOS.obj (.text:ti_sysbios_family_c62_TaskSupport_checkStack__E)
                  0080c6e0    00000020                   : BIOS.obj (.text:ti_sysbios_family_c62_TaskSupport_getStackAlignment__E)
                  0080c700    00000020                   : BIOS.obj (.text:ti_sysbios_family_c64p_Cache_wbInv__E)
                  0080c720    00000020     dss_pe674.oe674 (.text:ti_sysbios_family_c64p_Hwi_Module__startupDone__F)
                  0080c740    00000020     dss_pe674.oe674 (.text:ti_sysbios_family_c64p_Hwi_Params__init__S)
                  0080c760    00000020     sysbios.ae674 : BIOS.obj (.text:ti_sysbios_family_c64p_Hwi_clearInterrupt__E)
                  0080c780    00000020                   : BIOS.obj (.text:ti_sysbios_family_c64p_Hwi_startup__E)
                  0080c7a0    00000020                   : BIOS.obj (.text:ti_sysbios_family_c64p_Hwi_switchFromBootStack__E)
                  0080c7c0    00000020                   : BIOS.obj (.text:ti_sysbios_family_c64p_Hwi_unPluggedInterrupt__I)
                  0080c7e0    00000020                   : BIOS.obj (.text:ti_sysbios_gates_GateHwi_Instance_init__E)
                  0080c800    00000020                   : BIOS.obj (.text:ti_sysbios_gates_GateHwi_enter__E)
                  0080c820    00000020                   : BIOS.obj (.text:ti_sysbios_gates_GateHwi_leave__E)
                  0080c840    00000020                   : BIOS.obj (.text:ti_sysbios_gates_GateHwi_query__E)
                  0080c860    00000020                   : BIOS.obj (.text:ti_sysbios_gates_GateMutex_Instance_finalize__E)
                  0080c880    00000020                   : BIOS.obj (.text:ti_sysbios_gates_GateMutex_query__E)
                  0080c8a0    00000020                   : BIOS.obj (.text:ti_sysbios_hal_Hwi_Module_startup__E)
                  0080c8c0    00000020     dss_pe674.oe674 (.text:ti_sysbios_heaps_HeapBuf_Object__get__S)
                  0080c8e0    00000020     dss_pe674.oe674 (.text:ti_sysbios_heaps_HeapMem_Module_GateProxy_enter__E)
                  0080c900    00000020     dss_pe674.oe674 (.text:ti_sysbios_heaps_HeapMem_Module_GateProxy_leave__E)
                  0080c920    00000020     sysbios.ae674 : BIOS.obj (.text:ti_sysbios_heaps_HeapMem_isBlocking__E)
                  0080c940    00000020     dss_pe674.oe674 (.text:ti_sysbios_knl_Clock_TimerProxy_getMaxTicks__E)
                  0080c960    00000020     sysbios.ae674 : BIOS.obj (.text:ti_sysbios_knl_Idle_loop__E)
                  0080c980    00000020                   : BIOS.obj (.text:ti_sysbios_knl_Queue_Instance_init__E)
                  0080c9a0    00000020     dss_pe674.oe674 (.text:ti_sysbios_knl_Queue_Object__get__S)
                  0080c9c0    00000020     dss_pe674.oe674 (.text:ti_sysbios_knl_Queue_destruct)
                  0080c9e0    00000020     sysbios.ae674 : BIOS.obj (.text:ti_sysbios_knl_Queue_empty__E)
                  0080ca00    00000020                   : BIOS.obj (.text:ti_sysbios_knl_Semaphore_Instance_finalize__E)
                  0080ca20    00000020     dss_pe674.oe674 (.text:ti_sysbios_knl_Semaphore_Params__init__S)
                  0080ca40    00000020     dss_pe674.oe674 (.text:ti_sysbios_knl_Semaphore_delete)
                  0080ca60    00000020     sysbios.ae674 : BIOS.obj (.text:ti_sysbios_knl_Swi_disable__E)
                  0080ca80    00000020     dss_pe674.oe674 (.text:ti_sysbios_knl_Task_Params__init__S)
                  0080caa0    00000020     sysbios.ae674 : BIOS.obj (.text:ti_sysbios_knl_Task_disable__E)
                  0080cac0    00000020                   : BIOS.obj (.text:ti_sysbios_knl_Task_startup__E)
                  0080cae0    00000020     dss_pe674.oe674 (.text:ti_sysbios_timers_rti_Timer_Module__startupDone__F)
                  0080cb00    00000020     sysbios.ae674 : BIOS.obj (.text:ti_sysbios_timers_rti_Timer_getMaxTicks__E)
                  0080cb20    00000020     ti.targets.rts6000.ae674 : Error.oe674 (.text:xdc_runtime_Error_getSite__E)
                  0080cb40    00000020                              : Error.oe674 (.text:xdc_runtime_Error_raiseX__E)
                  0080cb60    00000020                              : Gate.oe674 (.text:xdc_runtime_Gate_enterSystem__E)
                  0080cb80    00000020                              : Gate.oe674 (.text:xdc_runtime_Gate_leaveSystem__E)
                  0080cba0    00000020     dss_pe674.oe674 (.text:xdc_runtime_IHeap_alloc)
                  0080cbc0    00000020     dss_pe674.oe674 (.text:xdc_runtime_IHeap_free)
                  0080cbe0    00000020     ti.targets.rts6000.ae674 : Memory.oe674 (.text:xdc_runtime_Memory_calloc__E)
                  0080cc00    00000020                              : Memory.oe674 (.text:xdc_runtime_Memory_free__E)
                  0080cc20    00000020                              : Memory.oe674 (.text:xdc_runtime_Memory_getMaxDefaultTypeAlign__E)
                  0080cc40    00000020     dss_pe674.oe674 (.text:xdc_runtime_Startup_exec__I)
                  0080cc60    00000020     dss_pe674.oe674 (.text:xdc_runtime_Startup_reset__I)
                  0080cc80    00000020     ti.targets.rts6000.ae674 : Startup.oe674 (.text:xdc_runtime_Startup_rtsDone__E)
                  0080cca0    00000020                              : SysStd.oe674 (.text:xdc_runtime_SysStd_exit__E)
                  0080ccc0    00000020                              : SysStd.oe674 (.text:xdc_runtime_SysStd_putch__E)
                  0080cce0    00000020                              : SysStd.oe674 (.text:xdc_runtime_SysStd_ready__E)
                  0080cd00    00000020     dss_pe674.oe674 (.text:xdc_runtime_System_Module_GateProxy_enter__E)
                  0080cd20    00000020     dss_pe674.oe674 (.text:xdc_runtime_System_Module_GateProxy_leave__E)
                  0080cd40    00000020     ti.targets.rts6000.ae674 : System.oe674 (.text:xdc_runtime_System_Module_startup__E)
                  0080cd60    00000020                              : System.oe674 (.text:xdc_runtime_System_vsnprintf__E)
                  0080cd80    00000020                              : Text.oe674 (.text:xdc_runtime_Text_ropeText__E)
                  0080cda0    00000020     dss_pe674.oe674 (.text:xdc_runtime_Text_visitRope__I)

.const     0    0080cdc0    00007bae     
                  0080cdc0    00002a18     dfptest_verify.oe674 (.const:.string)
                  0080f7d8    000019be     dss_pe674.oe674 (.const:xdc_runtime_Text_charTab__A)
                  00811196    00000002     dss_pe674.oe674 (.const:ti_sysbios_family_c64p_Cache_Module__id__C)
                  00811198    00001548     dfptest_setup.oe674 (.const:.string)
                  008126e0    00000564     dfptest_monitoring.oe674 (.const:.string)
                  00812c44    00000518     sysbios.ae674 : BIOS.obj (.const:.string)
                  0081315c    00000440     dfptest_common.oe674 (.const:.string)
                  0081359c    000001fc     main_dfp_dss.oe674 (.const:.string)
                  00813798    00000101     rts6740_elf.lib : ctype.c.obj (.const:.string:_ctypes_)
                  00813899    00000001     --HOLE-- [fill = 0]
                  0081389a    00000002     dss_pe674.oe674 (.const:ti_sysbios_family_c64p_EventCombiner_Module__id__C)
                  0081389c    00000004     ti.targets.rts6000.ae674 : Assert.oe674 (.const:.string)
                  008138a0    00000100     libmmwavelink_xwr68xx.ae674 : rl_monitoring.oe674 (.const:$P$T1$2)
                  008139a0    00000100                                 : rl_monitoring.oe674 (.const:$P$T3$4)
                  00813aa0    00000100                                 : rl_monitoring.oe674 (.const:$P$T5$6)
                  00813ba0    00000100                                 : rl_monitoring.oe674 (.const:$P$T7$8)
                  00813ca0    000000c8     dss_pe674.oe674 (.const:xdc_runtime_Text_nodeTab__A)
                  00813d68    000000b8     dfptest_setup.oe674 (.const:$P$T6$7)
                  00813e20    00000094     libtestlogger_xwr68xx.ae674 : logger.oe674 (.const:.string)
                  00813eb4    00000074     dss_pe674.oe674 (.const:.string)
                  00813f28    0000006c     libmmwavelink_xwr68xx.ae674 : rl_driver.oe674 (.const:.string)
                  00813f94    00000058     ti.targets.rts6000.ae674 : Error.oe674 (.const:.string)
                  00813fec    0000004c     libmailbox_xwr68xx.ae674 : mailbox.oe674 (.const:.string)
                  00814038    00000044     dss_pe674.oe674 (.const:ti_sysbios_knl_Task_Object__PARAMS__C)
                  0081407c    00000040     ti.targets.rts6000.ae674 : Text.oe674 (.const:.string)
                  008140bc    0000003c     libsoc_xwr68xx.ae674 : soc_xwr68xx_dss.oe674 (.const:.string)
                  008140f8    00000030     dss_pe674.oe674 (.const:ti_sysbios_family_c64p_Hwi_Object__PARAMS__C)
                  00814128    0000002c     dfptest_setup.oe674 (.const:$P$T4$5)
                  00814154    0000002c     ti.targets.rts6000.ae674 : Startup.oe674 (.const:.string)
                  00814180    0000002c     dss_pe674.oe674 (.const:xdc_runtime_Startup_sfxnTab__A)
                  008141ac    00000028     dss_pe674.oe674 (.const:ti_sysbios_heaps_HeapMem_Module__FXNS__C)
                  008141d4    00000024     rts6740_elf.lib : _printfi.c.obj (.const:.string)
                  008141f8    00000024     libmailbox_xwr68xx.ae674 : mailbox.oe674 (.const:Mailbox_defaultCfg)
                  0081421c    00000024     dss_pe674.oe674 (.const:ti_sysbios_gates_GateHwi_Module__FXNS__C)
                  00814240    00000024     dss_pe674.oe674 (.const:ti_sysbios_gates_GateMutex_Module__FXNS__C)
                  00814264    00000024     dss_pe674.oe674 (.const:ti_sysbios_heaps_HeapMem_Object__PARAMS__C)
                  00814288    00000024     dss_pe674.oe674 (.const:ti_sysbios_knl_Semaphore_Object__PARAMS__C)
                  008142ac    00000020     libosal_xwr68xx.ae674 : SemaphoreP_tirtos.oe674 (.const:.string)
                  008142cc    00000020     dss_pe674.oe674 (.const:ti_sysbios_family_c64p_Hwi_Object__DESC__C)
                  008142ec    00000020     dss_pe674.oe674 (.const:ti_sysbios_gates_GateHwi_Object__DESC__C)
                  0081430c    00000020     dss_pe674.oe674 (.const:ti_sysbios_gates_GateMutex_Object__DESC__C)
                  0081432c    00000020     dss_pe674.oe674 (.const:ti_sysbios_heaps_HeapMem_Object__DESC__C)
                  0081434c    00000020     dss_pe674.oe674 (.const:ti_sysbios_knl_Queue_Object__DESC__C)
                  0081436c    00000020     dss_pe674.oe674 (.const:ti_sysbios_knl_Semaphore_Object__DESC__C)
                  0081438c    00000020     dss_pe674.oe674 (.const:ti_sysbios_knl_Task_Object__DESC__C)
                  008143ac    0000001c     libosal_xwr68xx.ae674 : HwiP_tirtos.oe674 (.const:.string)
                  008143c8    00000018     dfptest_setup.oe674 (.const:$P$T5$6)
                  008143e0    00000018     ti.targets.rts6000.ae674 : System.oe674 (.const:.string)
                  008143f8    00000018     dss_pe674.oe674 (.const:ti_sysbios_gates_GateHwi_Object__PARAMS__C)
                  00814410    00000018     dss_pe674.oe674 (.const:ti_sysbios_gates_GateMutex_Object__PARAMS__C)
                  00814428    00000018     dss_pe674.oe674 (.const:ti_sysbios_knl_Queue_Object__PARAMS__C)
                  00814440    00000016     dss_pe674.oe674 (.const:xdc_runtime_Startup_sfxnRts__A)
                  00814456    00000002     dss_pe674.oe674 (.const:ti_sysbios_family_c64p_Exception_Module__id__C)
                  00814458    00000014     libadcbuf_xwr68xx.ae674 : adcbuf_mmwave.oe674 (.const:.string)
                  0081446c    00000014                             : adcbuf_mmwave.oe674 (.const:gADCBufFxnTable)
                  00814480    00000010     dfptest_setup.oe674 (.const:$P$T0$1)
                  00814490    00000010     libmmwavelink_xwr68xx.ae674 : rl_driver.oe674 (.const:$P$T0$1)
                  008144a0    00000010                                 : rl_monitoring.oe674 (.const:$P$T0$1)
                  008144b0    00000010                                 : rl_driver.oe674 (.const:$P$T1$2)
                  008144c0    00000010                                 : rl_sensor.oe674 (.const:$P$T1$2)
                  008144d0    00000010                                 : rl_driver.oe674 (.const:$P$T10$11)
                  008144e0    00000010                                 : rl_sensor.oe674 (.const:$P$T12$13)
                  008144f0    00000010                                 : rl_sensor.oe674 (.const:$P$T13$14)
                  00814500    00000010                                 : rl_sensor.oe674 (.const:$P$T15$16)
                  00814510    00000010                                 : rl_sensor.oe674 (.const:$P$T16$17)
                  00814520    00000010                                 : rl_monitoring.oe674 (.const:$P$T2$3)
                  00814530    00000010                                 : rl_sensor.oe674 (.const:$P$T2$3)
                  00814540    00000010                                 : rl_sensor.oe674 (.const:$P$T20$21)
                  00814550    00000010                                 : rl_sensor.oe674 (.const:$P$T21$22)
                  00814560    00000010                                 : rl_sensor.oe674 (.const:$P$T23$24)
                  00814570    00000010                                 : rl_sensor.oe674 (.const:$P$T24$25)
                  00814580    00000010                                 : rl_driver.oe674 (.const:$P$T3$4)
                  00814590    00000010                                 : rl_sensor.oe674 (.const:$P$T3$4)
                  008145a0    00000010                                 : rl_monitoring.oe674 (.const:$P$T4$5)
                  008145b0    00000010                                 : rl_sensor.oe674 (.const:$P$T4$5)
                  008145c0    00000010                                 : rl_driver.oe674 (.const:$P$T5$6)
                  008145d0    00000010                                 : rl_driver.oe674 (.const:$P$T6$7)
                  008145e0    00000010                                 : rl_monitoring.oe674 (.const:$P$T6$7)
                  008145f0    00000010                                 : rl_sensor.oe674 (.const:$P$T7$8)
                  00814600    00000010                                 : rl_driver.oe674 (.const:$P$T9$10)
                  00814610    00000010     libadcbuf_xwr68xx.ae674 : ADCBuf.oe674 (.const:ADCBuf_defaultParams)
                  00814620    00000010                             : adcbuf_xwr1xxx.oe674 (.const:gADCBufHwCfg)
                  00814630    00000010     dss_pe674.oe674 (.const:ti_sysbios_family_c64p_EventCombiner_EVTMASK__C)
                  00814640    0000000c     libcrc_xwr68xx.ae674 : crc.oe674 (.const:.string)
                  0081464c    00000008     libmmwavelink_xwr68xx.ae674 : rl_sensor.oe674 (.const:$P$T14$15)
                  00814654    00000008                                 : rl_sensor.oe674 (.const:$P$T17$18)
                  0081465c    00000008                                 : rl_sensor.oe674 (.const:$P$T18$19)
                  00814664    00000008                                 : rl_sensor.oe674 (.const:$P$T19$20)
                  0081466c    00000008                                 : rl_sensor.oe674 (.const:$P$T22$23)
                  00814674    00000008                                 : rl_sensor.oe674 (.const:$P$T25$26)
                  0081467c    00000008                                 : rl_sensor.oe674 (.const:$P$T26$27)
                  00814684    00000008                                 : rl_sensor.oe674 (.const:$P$T5$6)
                  0081468c    00000008                                 : rl_sensor.oe674 (.const:$P$T6$7)
                  00814694    00000008     dss_pe674.oe674 (.const:ti_sysbios_knl_Idle_funcList__C)
                  0081469c    00000004     dss_pe674.oe674 (.const:ti_sysbios_family_c62_TaskSupport_stackAlignment__C)
                  008146a0    00000008     dss_pe674.oe674 (.const:xdc_runtime_Startup_firstFxns__A)
                  008146a8    00000008     dss_pe674.oe674 (.const:xdc_runtime_Startup_firstFxns__C)
                  008146b0    00000008     dss_pe674.oe674 (.const:xdc_runtime_Startup_lastFxns__C)
                  008146b8    00000004     dss_pe674.oe674 (.const:ti_sysbios_family_c64p_Cache_EMIFA_BASE__C)
                  008146bc    00000004     dss_pe674.oe674 (.const:ti_sysbios_family_c64p_Cache_EMIFA_CFG__C)
                  008146c0    00000004     dss_pe674.oe674 (.const:ti_sysbios_family_c64p_Cache_EMIFA_LENGTH__C)
                  008146c4    00000004     dss_pe674.oe674 (.const:ti_sysbios_family_c64p_Cache_EMIFB_BASE__C)
                  008146c8    00000004     dss_pe674.oe674 (.const:ti_sysbios_family_c64p_Cache_EMIFB_CFG__C)
                  008146cc    00000004     dss_pe674.oe674 (.const:ti_sysbios_family_c64p_Cache_EMIFB_LENGTH__C)
                  008146d0    00000004     dss_pe674.oe674 (.const:ti_sysbios_family_c64p_Cache_EMIFC_BASE__C)
                  008146d4    00000004     dss_pe674.oe674 (.const:ti_sysbios_family_c64p_Cache_EMIFC_CFG__C)
                  008146d8    00000004     dss_pe674.oe674 (.const:ti_sysbios_family_c64p_Cache_EMIFC_LENGTH__C)
                  008146dc    00000004     dss_pe674.oe674 (.const:ti_sysbios_family_c64p_Cache_E_invalidL1CacheSize__C)
                  008146e0    00000004     dss_pe674.oe674 (.const:ti_sysbios_family_c64p_Cache_E_invalidL2CacheSize__C)
                  008146e4    00000004     dss_pe674.oe674 (.const:ti_sysbios_family_c64p_Cache_MAR0_31__C)
                  008146e8    00000004     dss_pe674.oe674 (.const:ti_sysbios_family_c64p_Cache_MAR128_159__C)
                  008146ec    00000004     dss_pe674.oe674 (.const:ti_sysbios_family_c64p_Cache_MAR160_191__C)
                  008146f0    00000004     dss_pe674.oe674 (.const:ti_sysbios_family_c64p_Cache_MAR192_223__C)
                  008146f4    00000004     dss_pe674.oe674 (.const:ti_sysbios_family_c64p_Cache_MAR224_255__C)
                  008146f8    00000004     dss_pe674.oe674 (.const:ti_sysbios_family_c64p_Cache_MAR32_63__C)
                  008146fc    00000004     dss_pe674.oe674 (.const:ti_sysbios_family_c64p_Cache_MAR64_95__C)
                  00814700    00000004     dss_pe674.oe674 (.const:ti_sysbios_family_c64p_Cache_MAR96_127__C)
                  00814704    00000004     dss_pe674.oe674 (.const:ti_sysbios_family_c64p_EventCombiner_A_invalidEventId__C)
                  00814708    00000004     dss_pe674.oe674 (.const:ti_sysbios_family_c64p_EventCombiner_EVTRegs__C)
                  0081470c    00000004     dss_pe674.oe674 (.const:ti_sysbios_family_c64p_EventCombiner_E_unpluggedEvent__C)
                  00814710    00000004     dss_pe674.oe674 (.const:ti_sysbios_family_c64p_EventCombiner_Module__diagsEnabled__C)
                  00814714    00000004     dss_pe674.oe674 (.const:ti_sysbios_family_c64p_EventCombiner_Module__diagsIncluded__C)
                  00814718    00000004     dss_pe674.oe674 (.const:ti_sysbios_family_c64p_EventCombiner_Module__diagsMask__C)
                  0081471c    00000004     dss_pe674.oe674 (.const:ti_sysbios_family_c64p_Exception_E_exceptionMax__C)
                  00814720    00000004     dss_pe674.oe674 (.const:ti_sysbios_family_c64p_Exception_exceptionHook__C)
                  00814724    00000004     dss_pe674.oe674 (.const:ti_sysbios_family_c64p_Exception_externalHook__C)
                  00814728    00000004     dss_pe674.oe674 (.const:ti_sysbios_family_c64p_Exception_internalHook__C)
                  0081472c    00000004     dss_pe674.oe674 (.const:ti_sysbios_family_c64p_Exception_nmiHook__C)
                  00814730    00000004     dss_pe674.oe674 (.const:ti_sysbios_family_c64p_Hwi_E_alreadyDefined__C)
                  00814734    00000004     dss_pe674.oe674 (.const:ti_sysbios_family_c64p_Hwi_E_handleNotFound__C)
                  00814738    00000004     dss_pe674.oe674 (.const:ti_sysbios_family_c64p_Hwi_E_invalidIntNum__C)
                  0081473c    00000004     dss_pe674.oe674 (.const:ti_sysbios_family_c64p_Hwi_INTRMUX1Address__C)
                  00814740    00000004     dss_pe674.oe674 (.const:ti_sysbios_family_c64p_Hwi_LD_end__C)
                  00814744    00000004     dss_pe674.oe674 (.const:ti_sysbios_family_c64p_Hwi_LM_begin__C)
                  00814748    00000004     dss_pe674.oe674 (.const:ti_sysbios_family_c64p_Hwi_Module__diagsEnabled__C)
                  0081474c    00000004     dss_pe674.oe674 (.const:ti_sysbios_family_c64p_Hwi_Module__diagsIncluded__C)
                  00814750    00000004     dss_pe674.oe674 (.const:ti_sysbios_family_c64p_Hwi_Module__diagsMask__C)
                  00814754    00000004     dss_pe674.oe674 (.const:ti_sysbios_family_c64p_Hwi_Module__loggerFxn1__C)
                  00814758    00000004     dss_pe674.oe674 (.const:ti_sysbios_family_c64p_Hwi_Module__loggerFxn8__C)
                  0081475c    00000004     dss_pe674.oe674 (.const:ti_sysbios_family_c64p_Hwi_Module__loggerObj__C)
                  00814760    00000004     dss_pe674.oe674 (.const:ti_sysbios_gates_GateMutex_A_badContext__C)
[...]
20008018  rxGainPhaseMonCfg_007                                        
2000805c  testSourceCfg_007                                            
200080a0  txGainPhMisMatchMonCfg_007                                   
200080d4  extAnaSigMonCfg_007                                          
200080f4  gpAdcCfg_007                                                 
20008110  frameCfg_007                                                 
20008128  interRxGainPhCfg_007                                         
20008140  synthFreqNonLiveMonCfg_007                                   
20008158  contModeCfg_007                                              
2000816c  runTimeCalib_007                                             
20008180  rxSatMonCfg_007                                              
20008194  tempMonCfg_007                                               
200081a8  bpmCommonCfg_007                                             
200081b8  monRxIfStageCfg_007                                          
200081c8  phaseShiftCfg_007                                            
200081d8  tx0BpmMonCfg_007                                             
200081e8  tx0PowMonCfg_007                                             
200081f8  tx1BpmMonCfg_007                                             
20008208  tx1PowMonCfg_007                                             
20008218  tx2BpmMonCfg_007                                             
20008228  tx2PowMonCfg_007                                             
20008238  allTxBallbreakMonCfg_007                                     
20008244  allTxBpmMonCfg_007                                           
20008250  allTxPowMonCfg_007                                           
2000825c  allTxanaSigMonCfg_007                                        
20008268  freqLimit_007                                                
20008274  monDigEnables_007                                            
20008280  monDigPeriodicCfg_007                                        
2000828c  rfInitCalib_007                                              
20008298  rxMixInpwrMonCfg_007                                         
200082a4  rxNoiseMonCfg_007                                            
200082b0  sigImgMonCfg_007                                             
200082bc  synthFreqMonCfg_007                                          
200082c8  tx0BallBreakMonCfg_007                                       
200082d4  tx1BallBreakMonCfg_007                                       
200082e0  tx2BallBreakMonCfg_007                                       
200082ec  adcOutCfgArgs_007                                            
200082f4  calMonTimeUnitConf_007                                       
200082fc  chCfg_007                                                    
20008304  dualClkCompMonCfg_007                                        
2000830c  gpadcIntAnaSigMonCfg_007                                     
20008314  miscCfg_007                                                  
2000831c  monAnaEnables_007                                            
20008324  pllConVoltMonCfg_007                                         
2000832c  pmClkLoIntAnaSigMonCfg_007                                   
20008334  rxIntAnaSigMonCfg_007                                        
2000833c  tx0IntAnaSigMonCfg_007                                       
20008344  tx1IntAnaSigMonCfg_007                                       
2000834c  tx2IntAnaSigMonCfg_007                                       
20008354  contModeEn_007                                               
20008358  deviceHsiClk_007                                             
2000835c  dynPwrSave_007                                               
20008360  lowPowerModeCfg_007                                          
20008364  progFiltCfg_007                                              
20008368  rfLdoBypassCfg_007                                           
2000836c  rxGainTempLutReadCfg_007                                     
20008370  subFrameTrigCfg_007                                          
20008374  testSourceEn_007                                             
20008378  txGainTempLutReadCfg_007                                     
20008380  dfpTestLoadCfg_008                                           
20008ae0  dynPhaseShiftCfg_008                                         
20008ce8  chirpCfg_008                                                 
20008e78  gTestStartStopCfg_008                                        
20008f48  progFiltCoef_008                                             
20009018  advFrameCfg_008                                              
200090d0  gTestMiscCfg_008                                             
20009188  profileCfg_008                                               
20009238  bpmChirpCfg_008                                              
200092d8  rxGainPhaseMonCfg_008                                        
2000931c  testSourceCfg_008                                            
20009360  txGainPhMisMatchMonCfg_008                                   
20009394  extAnaSigMonCfg_008                                          
200093b4  gpAdcCfg_008                                                 
200093d0  frameCfg_008                                                 
200093e8  interRxGainPhCfg_008                                         
20009400  synthFreqNonLiveMonCfg_008                                   
20009418  contModeCfg_008                                              
2000942c  runTimeCalib_008                                             
20009440  rxSatMonCfg_008                                              
20009454  tempMonCfg_008                                               
20009468  bpmCommonCfg_008                                             
20009478  monRxIfStageCfg_008                                          
20009488  phaseShiftCfg_008                                            
20009498  tx0BpmMonCfg_008                                             
200094a8  tx0PowMonCfg_008                                             
200094b8  tx1BpmMonCfg_008                                             
200094c8  tx1PowMonCfg_008                                             
200094d8  tx2BpmMonCfg_008                                             
200094e8  tx2PowMonCfg_008                                             
200094f8  allTxBallbreakMonCfg_008                                     
20009504  allTxBpmMonCfg_008                                           
20009510  allTxPowMonCfg_008                                           
2000951c  allTxanaSigMonCfg_008                                        
20009528  freqLimit_008                                                
20009534  monDigEnables_008                                            
20009540  monDigPeriodicCfg_008                                        
2000954c  rfInitCalib_008                                              
20009558  rxMixInpwrMonCfg_008                                         
20009564  rxNoiseMonCfg_008                                            
20009570  sigImgMonCfg_008                                             
2000957c  synthFreqMonCfg_008                                          
20009588  tx0BallBreakMonCfg_008                                       
20009594  tx1BallBreakMonCfg_008                                       
200095a0  tx2BallBreakMonCfg_008                                       
200095ac  adcOutCfgArgs_008                                            
200095b4  calMonTimeUnitConf_008                                       
200095bc  chCfg_008                                                    
200095c4  dualClkCompMonCfg_008                                        
200095cc  gpadcIntAnaSigMonCfg_008                                     
200095d4  miscCfg_008                                                  
200095dc  monAnaEnables_008                                            
200095e4  pllConVoltMonCfg_008                                         
200095ec  pmClkLoIntAnaSigMonCfg_008                                   
200095f4  rxIntAnaSigMonCfg_008                                        
200095fc  tx0IntAnaSigMonCfg_008                                       
20009604  tx1IntAnaSigMonCfg_008                                       
2000960c  tx2IntAnaSigMonCfg_008                                       
20009614  contModeEn_008                                               
20009618  deviceHsiClk_008                                             
2000961c  dynPwrSave_008                                               
20009620  lowPowerModeCfg_008                                          
20009624  progFiltCfg_008                                              
20009628  rfLdoBypassCfg_008                                           
2000962c  rxGainTempLutReadCfg_008                                     
20009630  subFrameTrigCfg_008                                          
20009634  testSourceEn_008                                             
20009638  txGainTempLutReadCfg_008                                     
20009640  dfpTestLoadCfg_009                                           
20009da0  dynPhaseShiftCfg_009                                         
20009fa8  chirpCfg_009                                                 
2000a138  gTestStartStopCfg_009                                        
2000a208  progFiltCoef_009                                             
2000a2d8  advFrameCfg_009                                              
2000a390  gTestMiscCfg_009                                             
2000a448  profileCfg_009                                               
2000a4f8  bpmChirpCfg_009                                              
2000a598  rxGainPhaseMonCfg_009                                        
2000a5dc  testSourceCfg_009                                            
2000a620  txGainPhMisMatchMonCfg_009                                   
2000a654  extAnaSigMonCfg_009                                          
2000a674  gpAdcCfg_009                                                 
2000a690  frameCfg_009                                                 
2000a6a8  interRxGainPhCfg_009                                         
2000a6c0  synthFreqNonLiveMonCfg_009                                   
2000a6d8  contModeCfg_009                                              
2000a6ec  runTimeCalib_009                                             
2000a700  rxSatMonCfg_009                                              
2000a714  tempMonCfg_009                                               
2000a728  bpmCommonCfg_009                                             
2000a738  monRxIfStageCfg_009                                          
2000a748  phaseShiftCfg_009                                            
2000a758  tx0BpmMonCfg_009                                             
2000a768  tx0PowMonCfg_009                                             
2000a778  tx1BpmMonCfg_009                                             
2000a788  tx1PowMonCfg_009                                             
2000a798  tx2BpmMonCfg_009                                             
2000a7a8  tx2PowMonCfg_009                                             
2000a7b8  allTxBallbreakMonCfg_009                                     
2000a7c4  allTxBpmMonCfg_009                                           
2000a7d0  allTxPowMonCfg_009                                           
2000a7dc  allTxanaSigMonCfg_009                                        
2000a7e8  freqLimit_009                                                
2000a7f4  monDigEnables_009                                            
2000a800  monDigPeriodicCfg_009                                        
2000a80c  rfInitCalib_009                                              
2000a818  rxMixInpwrMonCfg_009                                         
2000a824  rxNoiseMonCfg_009                                            
2000a830  sigImgMonCfg_009                                             
2000a83c  synthFreqMonCfg_009                                          
2000a848  tx0BallBreakMonCfg_009                                       
2000a854  tx1BallBreakMonCfg_009                                       
2000a860  tx2BallBreakMonCfg_009                                       
2000a86c  adcOutCfgArgs_009                                            
2000a874  calMonTimeUnitConf_009                                       
2000a87c  chCfg_009                                                    
2000a884  dualClkCompMonCfg_009                                        
2000a88c  gpadcIntAnaSigMonCfg_009                                     
2000a894  miscCfg_009                                                  
2000a89c  monAnaEnables_009                                            
2000a8a4  pllConVoltMonCfg_009                                         
2000a8ac  pmClkLoIntAnaSigMonCfg_009                                   
2000a8b4  rxIntAnaSigMonCfg_009                                        
2000a8bc  tx0IntAnaSigMonCfg_009                                       
2000a8c4  tx1IntAnaSigMonCfg_009                                       
2000a8cc  tx2IntAnaSigMonCfg_009                                       
2000a8d4  contModeEn_009                                               
2000a8d8  deviceHsiClk_009                                             
2000a8dc  dynPwrSave_009                                               
2000a8e0  lowPowerModeCfg_009                                          
2000a8e4  progFiltCfg_009                                              
2000a8e8  rfLdoBypassCfg_009                                           
2000a8ec  rxGainTempLutReadCfg_009                                     
2000a8f0  subFrameTrigCfg_009                                          
2000a8f4  testSourceEn_009                                             
2000a8f8  txGainTempLutReadCfg_009                                     
2000a900  dfpTestLoadCfg_010                                           
2000b060  dynPhaseShiftCfg_010                                         
2000b268  chirpCfg_010                                                 
2000b3f8  gTestStartStopCfg_010                                        
2000b4c8  progFiltCoef_010                                             
2000b598  advFrameCfg_010                                              
2000b650  gTestMiscCfg_010                                             
2000b708  profileCfg_010                                               
2000b7b8  bpmChirpCfg_010                                              
2000b858  rxGainPhaseMonCfg_010                                        
2000b89c  testSourceCfg_010                                            
2000b8e0  txGainPhMisMatchMonCfg_010                                   
2000b914  extAnaSigMonCfg_010                                          
2000b934  gpAdcCfg_010                                                 
2000b950  frameCfg_010                                                 
2000b968  interRxGainPhCfg_010                                         
2000b980  synthFreqNonLiveMonCfg_010                                   
2000b998  contModeCfg_010                                              
2000b9ac  runTimeCalib_010                                             
2000b9c0  rxSatMonCfg_010                                              
2000b9d4  tempMonCfg_010                                               
2000b9e8  bpmCommonCfg_010                                             
2000b9f8  monRxIfStageCfg_010                                          
2000ba08  phaseShiftCfg_010                                            
2000ba18  tx0BpmMonCfg_010                                             
2000ba28  tx0PowMonCfg_010                                             
2000ba38  tx1BpmMonCfg_010                                             
2000ba48  tx1PowMonCfg_010                                             
2000ba58  tx2BpmMonCfg_010                                             
2000ba68  tx2PowMonCfg_010                                             
2000ba78  allTxBallbreakMonCfg_010                                     
2000ba84  allTxBpmMonCfg_010                                           
2000ba90  allTxPowMonCfg_010                                           
2000ba9c  allTxanaSigMonCfg_010                                        
2000baa8  freqLimit_010                                                
2000bab4  monDigEnables_010                                            
2000bac0  monDigPeriodicCfg_010                                        
2000bacc  rfInitCalib_010                                              
2000bad8  rxMixInpwrMonCfg_010                                         
2000bae4  rxNoiseMonCfg_010                                            
2000baf0  sigImgMonCfg_010                                             
2000bafc  synthFreqMonCfg_010                                          
2000bb08  tx0BallBreakMonCfg_010                                       
2000bb14  tx1BallBreakMonCfg_010                                       
2000bb20  tx2BallBreakMonCfg_010                                       
2000bb2c  adcOutCfgArgs_010                                            
2000bb34  calMonTimeUnitConf_010                                       
2000bb3c  chCfg_010                                                    
2000bb44  dualClkCompMonCfg_010                                        
2000bb4c  gpadcIntAnaSigMonCfg_010                                     
2000bb54  miscCfg_010                                                  
2000bb5c  monAnaEnables_010                                            
2000bb64  pllConVoltMonCfg_010                                         
2000bb6c  pmClkLoIntAnaSigMonCfg_010                                   
2000bb74  rxIntAnaSigMonCfg_010                                        
2000bb7c  tx0IntAnaSigMonCfg_010                                       
2000bb84  tx1IntAnaSigMonCfg_010                                       
2000bb8c  tx2IntAnaSigMonCfg_010                                       
2000bb94  contModeEn_010                                               
2000bb98  deviceHsiClk_010                                             
2000bb9c  dynPwrSave_010                                               
2000bba0  lowPowerModeCfg_010                                          
2000bba4  progFiltCfg_010                                              
2000bba8  rfLdoBypassCfg_010                                           
2000bbac  rxGainTempLutReadCfg_010                                     
2000bbb0  subFrameTrigCfg_010                                          
2000bbb4  testSourceEn_010                                             
2000bbb8  txGainTempLutReadCfg_010                                     
ffffffff  __TI_pprof_out_hndl                                          
ffffffff  __TI_prof_data_size                                          
ffffffff  __TI_prof_data_start                                         
ffffffff  __binit__                                                    
ffffffff  __c_args__                                                   
ffffffff  binit                                                        
UNDEFED   __TI_CINIT_Base                                              
UNDEFED   __TI_CINIT_Limit                                             
UNDEFED   __TI_Handler_Table_Base                                      
UNDEFED   __TI_Handler_Table_Limit                                     
UNDEFED   __TI_INITARRAY_Base                                          
UNDEFED   __TI_INITARRAY_Limit                                         
UNDEFED   __TI_TLS_INIT_Base                                           
UNDEFED   __TI_TLS_INIT_Limit                                          

[1663 symbols]
